Microchip MPLAB XC8 Compiler V2.32

Linker command line:

-W-3 --edf=C:\Program Files\Microchip\xc8\v2.32\pic\dat\en_msgs.txt -cn \
  -h+dist/default/production\Commander.X.production.sym \
  --cmf=dist/default/production\Commander.X.production.cmf -z -Q18F26K22 \
  -oC:\Users\karst\AppData\Local\Temp\xcAs1i4.4 --defsym=__MPLAB_BUILD=1 \
  -Mdist/default/production/Commander.X.production.map -E1 \
  -ver=XC8 Compiler --acfsm=1493 -ASTACK=0440h-0F37h -pstack=STACK \
  -ACODE=00h-0FFFFh -ACONST=00h-0FFFFh -ASMALLCONST=01000h-010FFhx240 \
  -AMEDIUMCONST=01000h-0FFFFh -ACOMRAM=01h-05Fh -AABS1=00h-0F37h \
  -ABIGRAM=01h-0F37h -ARAM=060h-0FFh,0100h-01FFhx14,0F00h-0F37h \
  -ABANK0=060h-0FFh -ABANK1=0100h-01FFh -ABANK2=0200h-02FFh \
  -ABANK3=0300h-03FFh -ABANK4=0400h-04FFh -ABANK5=0500h-05FFh \
  -ABANK6=0600h-06FFh -ABANK7=0700h-07FFh -ABANK8=0800h-08FFh \
  -ABANK9=0900h-09FFh -ABANK10=0A00h-0AFFh -ABANK11=0B00h-0BFFh \
  -ABANK12=0C00h-0CFFh -ABANK13=0D00h-0DFFh -ABANK14=0E00h-0EFFh \
  -ABANK15=0F00h-0F37h -ASFR=0F38h-0F5Fh,0F60h-0FFFh \
  -ACONFIG=0300000h-030000Dh -AIDLOC=0200000h-0200007h \
  -AEEDATA=0F00000h-0F003FFh -peeprom_data=EEDATA \
  -preset_vec=00h,intcode=08h,intcodelo,powerup,init -pramtop=01000h \
  -psmallconst=SMALLCONST -pmediumconst=MEDIUMCONST -pconst=CONST \
  -AFARRAM=00h-00h \
  -prdata=COMRAM,nvrram=COMRAM,nvbit=COMRAM,rbss=COMRAM,rbit=COMRAM \
  -pfarbss=FARRAM,fardata=FARRAM,nvFARRAM=FARRAM \
  -pintsave_regs=BIGRAM,bigbss=BIGRAM,bigdata=BIGRAM -pbss=RAM \
  -pidata=CODE,irdata=CODE,ibigdata=CODE,ifardata=CODE -prparam=COMRAM \
  C:\Users\karst\AppData\Local\Temp\xcAs1i4.o \
  dist/default/production\Commander.X.production.o 

Object code version is 3.11

Machine type is 18F26K22



                Name                               Link     Load   Length Selector   Space Scale
C:\Users\karst\AppData\Local\Temp\xcAs1i4.o
                idloc                            200000   200000        8        0       5
                config                           300000   300000        E        0       4
                init                                 F8       F8        4        4       0
                reset_vec                             0        0        4        0       0
dist/default/production\Commander.X.production.o
                intcode                               8        8       F0        4       0
                idloc                            200000   200000        8        0       5
                config                           300000   300000        E        0       4
                temp                                 57       57        1        1       1
                mediumconst                        FBC2     FBC2      43E     7DE1       0
                text81                             3824     3824        4     1BCF       0
                text80                             3694     3694       2A        4       0
                text79                             3816     3816        6     1BCF       0
                text78                             382E     382E        2     1BCF       0
                text77                             3810     3810        6     1BCF       0
                text76                             2B0E     2B0E       C0        4       0
                text75                             34A2     34A2       40        4       0
                text74                             3420     3420       42        4       0
                text73                             30F0     30F0       5A        4       0
                text72                             382C     382C        2     1BCF       0
                text71                             3638     3638       30        4       0
                text69                             377A     377A       16        4       0
                text68                             3762     3762       18        4       0
                text67                             37E4     37E4        A     1BCF       0
                text66                             37DA     37DA        A     1BCF       0
                text65                             37D0     37D0        A     1BCF       0
                text64                             37C6     37C6        A     1BCF       0
                text63                             37BC     37BC        A     1BCF       0
                text62                             2E62     2E62       76        4       0
                text61                             37F6     37F6        8     1BCF       0
                text60                             3820     3820        4     1BCF       0
                text59                             3746     3746       1C        4       0
                text58                             3668     3668       2C        4       0
                text57                             37B2     37B2        A     1BCF       0
                text56                             372A     372A       1C        4       0
                text55                             370C     370C       1E        4       0
                text54                             380A     380A        6     1BCF       0
                text53                             2F4C     2F4C       74        4       0
                text52                             324C     324C       56        4       0
                text51                             34E2     34E2       3C        4       0
                text50                             32F4     32F4       52        4       0
                text49                             3600     3600       38        4       0
                text48                             35C8     35C8       38        4       0
                text47                             31F6     31F6       56        4       0
                text46                             37A8     37A8        A     1BCF       0
                text45                             2D3A     2D3A       96        4       0
                text44                             27EC     27EC       D6        4       0
                text43                             20FE     20FE      188        4       0
                text42                             2286     2286      164        4       0
                text41                             3462     3462       40        4       0
                text40                             33DC     33DC       44        4       0
                text39                             3346     3346       50        4       0
                text38                             2A4C     2A4C       C2        4       0
                text37                              D94      D94      2DE        4       0
                text36                             1DDA     1DDA      19A        4       0
                text35                             132C     132C      2B0        4       0
                text34                             308C     308C       64        4       0
                text33                             36BE     36BE       28        4       0
                text32                             1836     1836      204        4       0
                text31                             28C2     28C2       C6        4       0
                text30                             31A0     31A0       56        4       0
                text29                             37EE     37EE        8     1BCF       0
                text28                             314A     314A       56        4       0
                text27                             3026     3026       66        4       0
                text26                             2FC0     2FC0       66        4       0
                text25                             270A     270A       E2        4       0
                text24                             36E6     36E6       26        4       0
                text23                             3590     3590       38        4       0
                text22                             32A2     32A2       52        4       0
                text21                             1F74     1F74      18A        4       0
                text20                             351E     351E       3A        4       0
                text19                             2500     2500      106        4       0
                text18                             2ED8     2ED8       74        4       0
                text17                             1C26     1C26      1B4        4       0
                text16                             2606     2606      104        4       0
                text15                              5BC      5BC      42A        4       0
                text14                             3558     3558       38        4       0
                text13                               FC       FC      4C0        4       0
                text12                             3396     3396       46        4       0
                text11                              9E6      9E6      3AE        4       0
                text10                             3804     3804        6     1BCF       0
                text9                              2988     2988       C4        4       0
                text8                              2C8A     2C8A       B0        4       0
                text7                              23EA     23EA      116        4       0
                text6                              2BCE     2BCE       BC        4       0
                text5                              1A3A     1A3A      1EC        4       0
                text4                              381C     381C        4     1BCF       0
                text3                              37FE     37FE        6     1BCF       0
                text2                              1072     1072      2BA        4       0
                text1                              379E     379E        A     1BCF       0
                text0                              15DC     15DC      25A        4       0
                cstackCOMRAM                          1        1       4D        1       1
                cstackBANK0                          A5       A5       2D       60       1
                cstackBANK1                         100      100       D7      100       1
                cstackBANK2                         200      200       C4      200       1
                bssBANK4                            400      400       40      400       1
                bssBANK3                            300      300      100      300       1
                dataBANK2                           2C4      2C4        2      200       1
                dataBANK1                           1D7      1D7        2      100       1
                dataBANK0                            D2       D2        D       60       1
                bssBANK0                             60       60       45       60       1
                bssCOMRAM                            4E       4E        9        1       1
                cinit                              2DD0     2DD0       92        4       0
                idataBANK2                         382A     382A        2     1BCF       0
                idataBANK1                         3828     3828        2     1BCF       0
                idataBANK0                         3790     3790        D        4       0

TOTAL           Name                               Link     Load   Length     Space
        CLASS   STACK          

        CLASS   CODE           
                intcode                               8        8       F0         0
                init                                 F8       F8        4         0
                reset_vec                             0        0        4         0
                text81                             3824     3824        4         0
                text80                             3694     3694       2A         0
                text79                             3816     3816        6         0
                text78                             382E     382E        2         0
                text77                             3810     3810        6         0
                text76                             2B0E     2B0E       C0         0
                text75                             34A2     34A2       40         0
                text74                             3420     3420       42         0
                text73                             30F0     30F0       5A         0
                text72                             382C     382C        2         0
                text71                             3638     3638       30         0
                text69                             377A     377A       16         0
                text68                             3762     3762       18         0
                text67                             37E4     37E4        A         0
                text66                             37DA     37DA        A         0
                text65                             37D0     37D0        A         0
                text64                             37C6     37C6        A         0
                text63                             37BC     37BC        A         0
                text62                             2E62     2E62       76         0
                text61                             37F6     37F6        8         0
                text60                             3820     3820        4         0
                text59                             3746     3746       1C         0
                text58                             3668     3668       2C         0
                text57                             37B2     37B2        A         0
                text56                             372A     372A       1C         0
                text55                             370C     370C       1E         0
                text54                             380A     380A        6         0
                text53                             2F4C     2F4C       74         0
                text52                             324C     324C       56         0
                text51                             34E2     34E2       3C         0
                text50                             32F4     32F4       52         0
                text49                             3600     3600       38         0
                text48                             35C8     35C8       38         0
                text47                             31F6     31F6       56         0
                text46                             37A8     37A8        A         0
                text45                             2D3A     2D3A       96         0
                text44                             27EC     27EC       D6         0
                text43                             20FE     20FE      188         0
                text42                             2286     2286      164         0
                text41                             3462     3462       40         0
                text40                             33DC     33DC       44         0
                text39                             3346     3346       50         0
                text38                             2A4C     2A4C       C2         0
                text37                              D94      D94      2DE         0
                text36                             1DDA     1DDA      19A         0
                text35                             132C     132C      2B0         0
                text34                             308C     308C       64         0
                text33                             36BE     36BE       28         0
                text32                             1836     1836      204         0
                text31                             28C2     28C2       C6         0
                text30                             31A0     31A0       56         0
                text29                             37EE     37EE        8         0
                text28                             314A     314A       56         0
                text27                             3026     3026       66         0
                text26                             2FC0     2FC0       66         0
                text25                             270A     270A       E2         0
                text24                             36E6     36E6       26         0
                text23                             3590     3590       38         0
                text22                             32A2     32A2       52         0
                text21                             1F74     1F74      18A         0
                text20                             351E     351E       3A         0
                text19                             2500     2500      106         0
                text18                             2ED8     2ED8       74         0
                text17                             1C26     1C26      1B4         0
                text16                             2606     2606      104         0
                text15                              5BC      5BC      42A         0
                text14                             3558     3558       38         0
                text13                               FC       FC      4C0         0
                text12                             3396     3396       46         0
                text11                              9E6      9E6      3AE         0
                text10                             3804     3804        6         0
                text9                              2988     2988       C4         0
                text8                              2C8A     2C8A       B0         0
                text7                              23EA     23EA      116         0
                text6                              2BCE     2BCE       BC         0
                text5                              1A3A     1A3A      1EC         0
                text4                              381C     381C        4         0
                text3                              37FE     37FE        6         0
                text2                              1072     1072      2BA         0
                text1                              379E     379E        A         0
                text0                              15DC     15DC      25A         0
                cinit                              2DD0     2DD0       92         0
                idataBANK2                         382A     382A        2         0
                idataBANK1                         3828     3828        2         0
                idataBANK0                         3790     3790        D         0

        CLASS   CONST          

        CLASS   SMALLCONST     

        CLASS   MEDIUMCONST    
                mediumconst                        FBC2     FBC2      43E         0

        CLASS   COMRAM         
                temp                                 57       57        1         1
                cstackCOMRAM                          1        1       4D         1
                bssCOMRAM                            4E       4E        9         1

        CLASS   ABS1           

        CLASS   BIGRAM         

        CLASS   RAM            

        CLASS   BANK0          
                cstackBANK0                          A5       A5       2D         1
                dataBANK0                            D2       D2        D         1
                bssBANK0                             60       60       45         1

        CLASS   BANK1          
                cstackBANK1                         100      100       D7         1
                dataBANK1                           1D7      1D7        2         1

        CLASS   BANK2          
                cstackBANK2                         200      200       C4         1
                dataBANK2                           2C4      2C4        2         1

        CLASS   BANK3          
                bssBANK3                            300      300      100         1

        CLASS   BANK4          
                bssBANK4                            400      400       40         1

        CLASS   BANK5          

        CLASS   BANK6          

        CLASS   BANK7          

        CLASS   BANK8          

        CLASS   BANK9          

        CLASS   BANK10         

        CLASS   BANK11         

        CLASS   BANK12         

        CLASS   BANK13         

        CLASS   BANK14         

        CLASS   BANK15         

        CLASS   SFR            

        CLASS   CONFIG         
                config                           300000   300000        E         4

        CLASS   IDLOC          
                idloc                            200000   200000        8         5

        CLASS   EEDATA         

        CLASS   FARRAM         



SEGMENTS        Name                           Load    Length   Top    Selector   Space  Class

                reset_vec                      000000  000004  000004         0       0  CODE    
                cstackCOMRAM                   000001  000057  000058         1       1  COMRAM  
                intcode                        000008  003795  00379D         4       0  CODE    
                bssBANK0                       000060  00007F  0000DF        60       1  BANK0   
                cstackBANK1                    000100  0000D9  0001D9       100       1  BANK1   
                cstackBANK2                    000200  0000C6  0002C6       200       1  BANK2   
                bssBANK3                       000300  000100  000400       300       1  BANK3   
                bssBANK4                       000400  000040  000440       400       1  BANK4   
                text1                          00379E  000092  003830      1BCF       0  CODE    
                mediumconst                    00FBC2  00043E  010000      7DE1       0  MEDIUMCO


UNUSED ADDRESS RANGES

        Name                Unused          Largest block    Delta
        BANK0            0000DF-0000FF               21
        BANK1            0001D9-0001FF               27
        BANK10           000A00-000AFF              100
        BANK11           000B00-000BFF              100
        BANK12           000C00-000CFF              100
        BANK13           000D00-000DFF              100
        BANK14           000E00-000EFF              100
        BANK15           000F00-000F37               38
        BANK2            0002C6-0002FF               3A
        BANK4            000440-0004FF               C0
        BANK5            000500-0005FF              100
        BANK6            000600-0006FF              100
        BANK7            000700-0007FF              100
        BANK8            000800-0008FF              100
        BANK9            000900-0009FF              100
        BIGRAM           000058-00005F                8
                         0000DF-0000FF               21
                         0001D9-0001FF               27
                         0002C6-0002FF               3A
                         000440-000F37              AF8
        CODE             000004-000007                4
                         00379D-00379D                1
                         003830-00FBC1             C392
        COMRAM           000058-00005F                8
        CONST            000004-000007                4
                         00379D-00379D                1
                         003830-00FBC1             C392
        EEDATA           F00000-F003FF              400
        MEDIUMCONST      00379D-00379D                1
                         003830-00FBC1             C392
        RAM              0000DF-0000FF               21
                         0001D9-0001FF               27
                         0002C6-0002FF               3A
                         000440-000F37              100
        SFR              000F38-000FFF               28
        SMALLCONST       00379D-00379D                1
                         003830-00FBC1              100
        STACK            000440-000F37              AF8

                                  Symbol Table

?_ADC_GetConversion                             cstackCOMRAM 000009
?___aodiv                                       cstackCOMRAM 000009
?___aomod                                       cstackCOMRAM 000009
?___awdiv                                       cstackCOMRAM 000009
?___awmod                                       cstackCOMRAM 000011
?___fladd                                       cstackCOMRAM 000009
?___flmul                                       cstackCOMRAM 000009
?___flneg                                       cstackCOMRAM 000009
?___flsub                                       cstackCOMRAM 000019
?___fltol                                       cstackCOMRAM 00003D
?___lwdiv                                       cstackCOMRAM 00000E
?___wmul                                        cstackCOMRAM 000009
?___xxtofl                                      cstackCOMRAM 000015
?_abs                                           cstackCOMRAM 00001B
?_atoi                                          cstackCOMRAM 000010
?_ctoa                                          cstackCOMRAM 000014
?_dtoa                                          cstackCOMRAM 000026
?_isdigit                                       cstackCOMRAM 000009
?_isgraph                                       cstackCOMRAM 000009
?_isprint                                       cstackCOMRAM 000009
?_isspace                                       cstackCOMRAM 000009
?_pad                                           cstackCOMRAM 00001B
?_printf                                        cstackBANK0  0000BC
?_roundf                                        cstackCOMRAM 000023
?_stoa                                          cstackCOMRAM 000014
?_strchr                                        cstackCOMRAM 000009
?_strcmp                                        cstackCOMRAM 000009
?_strcspn                                       cstackCOMRAM 00000D
?_strlen                                        cstackCOMRAM 000009
?_strspn                                        cstackCOMRAM 00000D
?_strtok                                        cstackCOMRAM 000014
?_username                                      cstackCOMRAM 000009
?_vfpfcnvrt                                     cstackBANK0  0000A5
?_vfprintf                                      cstackBANK0  0000B6
ADC_GetConversion@channel                       cstackCOMRAM 00000D
EUSART1_Read@readValue                          cstackCOMRAM 000009
EUSART1_SetErrorHandler@interruptHandler        cstackCOMRAM 000009
EUSART1_SetFramingErrorHandler@interruptHandler cstackCOMRAM 000009
EUSART1_SetOverrunErrorHandler@interruptHandler cstackCOMRAM 000009
EUSART1_SetRxInterruptHandler@interruptHandler  cstackCOMRAM 000009
EUSART1_SetTxInterruptHandler@interruptHandler  cstackCOMRAM 000009
EUSART1_Write@txData                            cstackCOMRAM 000009
TMR2_SetInterruptHandler@InterruptHandler       cstackCOMRAM 000009
_ADCON0                                         (abs)        000FC2
_ADCON0bits                                     (abs)        000FC2
_ADCON1                                         (abs)        000FC1
_ADCON2                                         (abs)        000FC0
_ADC_GetConversion                              text20       00351E
_ADC_ISR                                        text81       003824
_ADC_Initialize                                 text68       003762
_ADRESH                                         (abs)        000FC4
_ADRESL                                         (abs)        000FC3
_ANSELA                                         (abs)        000F38
_ANSELB                                         (abs)        000F39
_ANSELC                                         (abs)        000F3A
_BAUDCON1                                       (abs)        000FB8
_EUSART1_DefaultErrorHandler                    text79       003816
_EUSART1_DefaultFramingErrorHandler             text78       00382E
_EUSART1_DefaultOverrunErrorHandler             text77       003810
_EUSART1_ErrorHandler                           bssBANK0     000078
_EUSART1_FramingErrorHandler                    bssBANK0     00007C
_EUSART1_Initialize                             text62       002E62
_EUSART1_OverrunErrorHandler                    bssBANK0     00007A
_EUSART1_Read                                   text50       0032F4
_EUSART1_Receive_ISR                            text76       002B0E
_EUSART1_RxDataHandler                          text80       003694
_EUSART1_RxDefaultInterruptHandler              bssBANK0     00007E
_EUSART1_SetErrorHandler                        text67       0037E4
_EUSART1_SetFramingErrorHandler                 text66       0037DA
_EUSART1_SetOverrunErrorHandler                 text65       0037D0
_EUSART1_SetRxInterruptHandler                  text64       0037C6
_EUSART1_SetTxInterruptHandler                  text63       0037BC
_EUSART1_Transmit_ISR                           text75       0034A2
_EUSART1_TxDefaultInterruptHandler              bssBANK0     000080
_EUSART1_Write                                  text47       0031F6
_EUSART1_is_rx_ready                            text69       00377A
_FVR_Initialize                                 text61       0037F6
_INTCON2bits                                    (abs)        000FF1
_INTCONbits                                     (abs)        000FF2
_INTERRUPT_Initialize                           text60       003820
_INTERRUPT_InterruptManager                     intcode      000008
_LATA                                           (abs)        000F89
_LATAbits                                       (abs)        000F89
_LATB                                           (abs)        000F8A
_LATC                                           (abs)        000F8B
_LATCbits                                       (abs)        000F8B
_OSCCON                                         (abs)        000FD3
_OSCCON2                                        (abs)        000FD2
_OSCILLATOR_Initialize                          text59       003746
_OSCTUNE                                        (abs)        000F9B
_PIE1bits                                       (abs)        000F9D
_PIN_MANAGER_Initialize                         text58       003668
_PIR1bits                                       (abs)        000F9E
_PLLRDY                                         (abs)        007E97
_PORTB                                          (abs)        000F81
_PR2                                            (abs)        000FBB
_RCONbits                                       (abs)        000FD0
_RCREG1                                         (abs)        000FAE
_RCSTA1                                         (abs)        000FAB
_RCSTA1bits                                     (abs)        000FAB
_SPBRG1                                         (abs)        000FAF
_SPBRGH1                                        (abs)        000FB0
_SYSTEM_Initialize                              text55       00370C
_T2CON                                          (abs)        000FBA
_T2CONbits                                      (abs)        000FBA
_TMR2                                           (abs)        000FBC
_TMR2_DefaultInterruptHandler                   text72       00382C
_TMR2_ISR                                       text71       003638
_TMR2_Initialize                                text56       00372A
_TMR2_InterruptHandler                          bssBANK0     000076
_TMR2_SetInterruptHandler                       text57       0037B2
_TRISA                                          (abs)        000F92
_TRISB                                          (abs)        000F93
_TRISC                                          (abs)        000F94
_TXREG1                                         (abs)        000FAD
_TXSTA1                                         (abs)        000FAC
_TXSTA1bits                                     (abs)        000FAC
_VREFCON0                                       (abs)        000F42
_VREFCON0bits                                   (abs)        000F42
_WPUB                                           (abs)        000F61
__HRAM                                          (abs)        000000
__Habs1                                         abs1         000000
__Hbank0                                        bank0        000000
__Hbank1                                        bank1        000000
__Hbank10                                       bank10       000000
__Hbank11                                       bank11       000000
__Hbank12                                       bank12       000000
__Hbank13                                       bank13       000000
__Hbank14                                       bank14       000000
__Hbank15                                       bank15       000000
__Hbank2                                        bank2        000000
__Hbank3                                        bank3        000000
__Hbank4                                        bank4        000000
__Hbank5                                        bank5        000000
__Hbank6                                        bank6        000000
__Hbank7                                        bank7        000000
__Hbank8                                        bank8        000000
__Hbank9                                        bank9        000000
__Hbigbss                                       bigbss       000000
__Hbigdata                                      bigdata      000000
__Hbigram                                       bigram       000000
__Hbss                                          bss          000000
__HbssBANK0                                     bssBANK0     000000
__HbssBANK3                                     bssBANK3     000000
__HbssBANK4                                     bssBANK4     000000
__HbssCOMRAM                                    bssCOMRAM    000000
__Hcinit                                        cinit        000000
__Hclrtext                                      clrtext      000000
__Hcomram                                       comram       000000
__Hconfig                                       config       30000E
__Hconst                                        const        000000
__HcstackBANK0                                  cstackBANK0  000000
__HcstackBANK1                                  cstackBANK1  000000
__HcstackBANK2                                  cstackBANK2  000000
__HcstackCOMRAM                                 cstackCOMRAM 000000
__Hdata                                         data         000000
__HdataBANK0                                    dataBANK0    000000
__HdataBANK1                                    dataBANK1    000000
__HdataBANK2                                    dataBANK2    000000
__Heeprom_data                                  eeprom_data  000000
__Hfarbss                                       farbss       000000
__Hfardata                                      fardata      000000
__Hibigdata                                     ibigdata     000000
__Hidata                                        idata        000000
__HidataBANK0                                   idataBANK0   000000
__HidataBANK1                                   idataBANK1   000000
__HidataBANK2                                   idataBANK2   000000
__Hidloc                                        idloc        200008
__Hifardata                                     ifardata     000000
__Hinit                                         init         0000FC
__Hintcode                                      intcode      0000F8
__Hintcode_body                                 intcode_body 000000
__Hintcodelo                                    intcodelo    0000F8
__Hintentry                                     intentry     000000
__Hintret                                       intret       000000
__Hintsave_regs                                 intsave_regs 000000
__Hirdata                                       irdata       000000
__Hmediumconst                                  mediumconst  010000
__HnvFARRAM                                     nvFARRAM     000000
__Hnvbit                                        nvbit        000000
__Hnvrram                                       nvrram       000000
__Hparam                                        rparam       000000
__Hpowerup                                      powerup      0000F8
__Hram                                          ram          000000
__Hramtop                                       ramtop       001000
__Hrbit                                         rbit         000000
__Hrbss                                         rbss         000000
__Hrdata                                        rdata        000000
__Hreset_vec                                    reset_vec    000004
__Hrparam                                       rparam       000000
__Hsfr                                          sfr          000000
__Hsmallconst                                   smallconst   000000
__Hspace_0                                      (abs)        010000
__Hspace_1                                      (abs)        000440
__Hspace_2                                      (abs)        000000
__Hspace_4                                      (abs)        60000E
__Hstack                                        stack        000000
__Hstruct                                       struct       000000
__Htemp                                         temp         000058
__Htext                                         text         000000
__Htext0                                        text0        000000
__Htext1                                        text1        000000
__Htext10                                       text10       000000
__Htext11                                       text11       000000
__Htext12                                       text12       000000
__Htext13                                       text13       000000
__Htext14                                       text14       000000
__Htext15                                       text15       000000
__Htext16                                       text16       000000
__Htext17                                       text17       000000
__Htext18                                       text18       000000
__Htext19                                       text19       000000
__Htext2                                        text2        000000
__Htext20                                       text20       000000
__Htext21                                       text21       000000
__Htext22                                       text22       000000
__Htext23                                       text23       000000
__Htext24                                       text24       000000
__Htext25                                       text25       000000
__Htext26                                       text26       000000
__Htext27                                       text27       000000
__Htext28                                       text28       000000
__Htext29                                       text29       000000
__Htext3                                        text3        000000
__Htext30                                       text30       000000
__Htext31                                       text31       000000
__Htext32                                       text32       000000
__Htext33                                       text33       000000
__Htext34                                       text34       000000
__Htext35                                       text35       000000
__Htext36                                       text36       000000
__Htext37                                       text37       000000
__Htext38                                       text38       000000
__Htext39                                       text39       000000
__Htext4                                        text4        000000
__Htext40                                       text40       000000
__Htext41                                       text41       000000
__Htext42                                       text42       000000
__Htext43                                       text43       000000
__Htext44                                       text44       000000
__Htext45                                       text45       000000
__Htext46                                       text46       000000
__Htext47                                       text47       000000
__Htext48                                       text48       000000
__Htext49                                       text49       000000
__Htext5                                        text5        000000
__Htext50                                       text50       000000
__Htext51                                       text51       000000
__Htext52                                       text52       000000
__Htext53                                       text53       000000
__Htext54                                       text54       000000
__Htext55                                       text55       000000
__Htext56                                       text56       000000
__Htext57                                       text57       000000
__Htext58                                       text58       000000
__Htext59                                       text59       000000
__Htext6                                        text6        000000
__Htext60                                       text60       000000
__Htext61                                       text61       000000
__Htext62                                       text62       000000
__Htext63                                       text63       000000
__Htext64                                       text64       000000
__Htext65                                       text65       000000
__Htext66                                       text66       000000
__Htext67                                       text67       000000
__Htext68                                       text68       000000
__Htext69                                       text69       000000
__Htext7                                        text7        000000
__Htext71                                       text71       000000
__Htext72                                       text72       000000
__Htext73                                       text73       000000
__Htext74                                       text74       000000
__Htext75                                       text75       000000
__Htext76                                       text76       000000
__Htext77                                       text77       000000
__Htext78                                       text78       000000
__Htext79                                       text79       000000
__Htext8                                        text8        000000
__Htext80                                       text80       000000
__Htext81                                       text81       000000
__Htext82                                       text82       000000
__Htext9                                        text9        000000
__LRAM                                          (abs)        000001
__Labs1                                         abs1         000000
__Lbank0                                        bank0        000000
__Lbank1                                        bank1        000000
__Lbank10                                       bank10       000000
__Lbank11                                       bank11       000000
__Lbank12                                       bank12       000000
__Lbank13                                       bank13       000000
__Lbank14                                       bank14       000000
__Lbank15                                       bank15       000000
__Lbank2                                        bank2        000000
__Lbank3                                        bank3        000000
__Lbank4                                        bank4        000000
__Lbank5                                        bank5        000000
__Lbank6                                        bank6        000000
__Lbank7                                        bank7        000000
__Lbank8                                        bank8        000000
__Lbank9                                        bank9        000000
__Lbigbss                                       bigbss       000000
__Lbigdata                                      bigdata      000000
__Lbigram                                       bigram       000000
__Lbss                                          bss          000000
__LbssBANK0                                     bssBANK0     000000
__LbssBANK3                                     bssBANK3     000000
__LbssBANK4                                     bssBANK4     000000
__LbssCOMRAM                                    bssCOMRAM    000000
__Lcinit                                        cinit        000000
__Lclrtext                                      clrtext      000000
__Lcomram                                       comram       000000
__Lconfig                                       config       000000
__Lconst                                        const        000000
__LcstackBANK0                                  cstackBANK0  000000
__LcstackBANK1                                  cstackBANK1  000000
__LcstackBANK2                                  cstackBANK2  000000
__LcstackCOMRAM                                 cstackCOMRAM 000000
__Ldata                                         data         000000
__LdataBANK0                                    dataBANK0    000000
__LdataBANK1                                    dataBANK1    000000
__LdataBANK2                                    dataBANK2    000000
__Leeprom_data                                  eeprom_data  000000
__Lfarbss                                       farbss       000000
__Lfardata                                      fardata      000000
__Libigdata                                     ibigdata     000000
__Lidata                                        idata        000000
__LidataBANK0                                   idataBANK0   000000
__LidataBANK1                                   idataBANK1   000000
__LidataBANK2                                   idataBANK2   000000
__Lidloc                                        idloc        000000
__Lifardata                                     ifardata     000000
__Linit                                         init         0000F8
__Lintcode                                      intcode      000008
__Lintcode_body                                 intcode_body 000000
__Lintcodelo                                    intcodelo    0000F8
__Lintentry                                     intentry     000000
__Lintret                                       intret       000000
__Lintsave_regs                                 intsave_regs 000000
__Lirdata                                       irdata       000000
__Lmediumconst                                  mediumconst  00FBC2
__LnvFARRAM                                     nvFARRAM     000000
__Lnvbit                                        nvbit        000000
__Lnvrram                                       nvrram       000000
__Lparam                                        rparam       000000
__Lpowerup                                      powerup      0000F8
__Lram                                          ram          000000
__Lramtop                                       ramtop       001000
__Lrbit                                         rbit         000000
__Lrbss                                         rbss         000000
__Lrdata                                        rdata        000000
__Lreset_vec                                    reset_vec    000000
__Lrparam                                       rparam       000000
__Lsfr                                          sfr          000000
__Lsmallconst                                   smallconst   000000
__Lspace_0                                      (abs)        000000
__Lspace_1                                      (abs)        000000
__Lspace_2                                      (abs)        000000
__Lspace_4                                      (abs)        000000
__Lstack                                        stack        000000
__Lstruct                                       struct       000000
__Ltemp                                         temp         000057
__Ltext                                         text         000000
__Ltext0                                        text0        000000
__Ltext1                                        text1        000000
__Ltext10                                       text10       000000
__Ltext11                                       text11       000000
__Ltext12                                       text12       000000
__Ltext13                                       text13       000000
__Ltext14                                       text14       000000
__Ltext15                                       text15       000000
__Ltext16                                       text16       000000
__Ltext17                                       text17       000000
__Ltext18                                       text18       000000
__Ltext19                                       text19       000000
__Ltext2                                        text2        000000
__Ltext20                                       text20       000000
__Ltext21                                       text21       000000
__Ltext22                                       text22       000000
__Ltext23                                       text23       000000
__Ltext24                                       text24       000000
__Ltext25                                       text25       000000
__Ltext26                                       text26       000000
__Ltext27                                       text27       000000
__Ltext28                                       text28       000000
__Ltext29                                       text29       000000
__Ltext3                                        text3        000000
__Ltext30                                       text30       000000
__Ltext31                                       text31       000000
__Ltext32                                       text32       000000
__Ltext33                                       text33       000000
__Ltext34                                       text34       000000
__Ltext35                                       text35       000000
__Ltext36                                       text36       000000
__Ltext37                                       text37       000000
__Ltext38                                       text38       000000
__Ltext39                                       text39       000000
__Ltext4                                        text4        000000
__Ltext40                                       text40       000000
__Ltext41                                       text41       000000
__Ltext42                                       text42       000000
__Ltext43                                       text43       000000
__Ltext44                                       text44       000000
__Ltext45                                       text45       000000
__Ltext46                                       text46       000000
__Ltext47                                       text47       000000
__Ltext48                                       text48       000000
__Ltext49                                       text49       000000
__Ltext5                                        text5        000000
__Ltext50                                       text50       000000
__Ltext51                                       text51       000000
__Ltext52                                       text52       000000
__Ltext53                                       text53       000000
__Ltext54                                       text54       000000
__Ltext55                                       text55       000000
__Ltext56                                       text56       000000
__Ltext57                                       text57       000000
__Ltext58                                       text58       000000
__Ltext59                                       text59       000000
__Ltext6                                        text6        000000
__Ltext60                                       text60       000000
__Ltext61                                       text61       000000
__Ltext62                                       text62       000000
__Ltext63                                       text63       000000
__Ltext64                                       text64       000000
__Ltext65                                       text65       000000
__Ltext66                                       text66       000000
__Ltext67                                       text67       000000
__Ltext68                                       text68       000000
__Ltext69                                       text69       000000
__Ltext7                                        text7        000000
__Ltext71                                       text71       000000
__Ltext72                                       text72       000000
__Ltext73                                       text73       000000
__Ltext74                                       text74       000000
__Ltext75                                       text75       000000
__Ltext76                                       text76       000000
__Ltext77                                       text77       000000
__Ltext78                                       text78       000000
__Ltext79                                       text79       000000
__Ltext8                                        text8        000000
__Ltext80                                       text80       000000
__Ltext81                                       text81       000000
__Ltext82                                       text82       000000
__Ltext9                                        text9        000000
__S0                                            (abs)        010000
__S1                                            (abs)        000440
__S2                                            (abs)        000000
__S4                                            (abs)        000000
__S5                                            (abs)        000000
___aodiv                                        text43       0020FE
___aodiv@counter                                cstackCOMRAM 000019
___aodiv@dividend                               cstackCOMRAM 000009
___aodiv@divisor                                cstackCOMRAM 000011
___aodiv@quotient                               cstackCOMRAM 00001B
___aodiv@sign                                   cstackCOMRAM 00001A
___aomod                                        text42       002286
___aomod@counter                                cstackCOMRAM 000019
___aomod@dividend                               cstackCOMRAM 000009
___aomod@divisor                                cstackCOMRAM 000011
___aomod@sign                                   cstackCOMRAM 00001A
___authorized                                   bssBANK0     000083
___awdiv                                        text9        002988
___awdiv@counter                                cstackCOMRAM 00000D
___awdiv@dividend                               cstackCOMRAM 000009
___awdiv@divisor                                cstackCOMRAM 00000B
___awdiv@quotient                               cstackCOMRAM 00000F
___awdiv@sign                                   cstackCOMRAM 00000E
___awmod                                        text8        002C8A
___awmod@counter                                cstackCOMRAM 000015
___awmod@dividend                               cstackCOMRAM 000011
___awmod@divisor                                cstackCOMRAM 000013
___awmod@sign                                   cstackCOMRAM 000016
___display                                      bssBANK0     000082
___fladd                                        text13       0000FC
___fladd@a                                      cstackCOMRAM 00000D
___fladd@aexp                                   cstackCOMRAM 000016
___fladd@b                                      cstackCOMRAM 000009
___fladd@bexp                                   cstackCOMRAM 000017
___fladd@grs                                    cstackCOMRAM 000018
___fladd@signs                                  cstackCOMRAM 000015
___flge                                         text16       002606
___flge@ff1                                     cstackCOMRAM 000009
___flge@ff2                                     cstackCOMRAM 00000D
___flmul                                        text15       0005BC
___flmul@a                                      cstackCOMRAM 00000D
___flmul@aexp                                   cstackCOMRAM 00001A
___flmul@b                                      cstackCOMRAM 000009
___flmul@bexp                                   cstackCOMRAM 00001B
___flmul@grs                                    cstackCOMRAM 000016
___flmul@prod                                   cstackCOMRAM 00001C
___flmul@sign                                   cstackCOMRAM 000015
___flmul@temp                                   cstackCOMRAM 000020
___flneg                                        text14       003558
___flneg@f1                                     cstackCOMRAM 000009
___flsub                                        text12       003396
___flsub@a                                      cstackCOMRAM 00001D
___flsub@b                                      cstackCOMRAM 000019
___fltol                                        text19       002500
___fltol@exp1                                   cstackCOMRAM 000046
___fltol@f1                                     cstackCOMRAM 00003D
___fltol@sign1                                  cstackCOMRAM 000045
___inthi_sp                                     stack        000000
___intlo_sp                                     stack        000000
___lwdiv                                        text18       002ED8
___lwdiv@counter                                cstackCOMRAM 000014
___lwdiv@dividend                               cstackCOMRAM 00000E
___lwdiv@divisor                                cstackCOMRAM 000010
___lwdiv@quotient                               cstackCOMRAM 000012
___param_bank                                   (abs)        000000
___rparam_used                                  (abs)        000001
___sp                                           stack        000000
___username                                     bssBANK0     000074
___wmul                                         text24       0036E6
___wmul@multiplicand                            cstackCOMRAM 00000B
___wmul@multiplier                              cstackCOMRAM 000009
___wmul@product                                 cstackCOMRAM 00000D
___xxtofl                                       text17       001C26
___xxtofl@arg                                   cstackCOMRAM 00001F
___xxtofl@exp                                   cstackCOMRAM 00001E
___xxtofl@sign                                  cstackCOMRAM 00001D
___xxtofl@val                                   cstackCOMRAM 000015
__accesstop                                     (abs)        000060
__activetblptr                                  (abs)        000003
__end_of_ADC_GetConversion                      text20       003558
__end_of_ADC_ISR                                text81       003828
__end_of_ADC_Initialize                         text68       00377A
__end_of_EUSART1_DefaultErrorHandler            text79       00381C
__end_of_EUSART1_DefaultFramingErrorHandler     text78       003830
__end_of_EUSART1_DefaultOverrunErrorHandler     text77       003816
__end_of_EUSART1_Initialize                     text62       002ED8
__end_of_EUSART1_Read                           text50       003346
__end_of_EUSART1_Receive_ISR                    text76       002BCE
__end_of_EUSART1_RxDataHandler                  text80       0036BE
__end_of_EUSART1_SetErrorHandler                text67       0037EE
__end_of_EUSART1_SetFramingErrorHandler         text66       0037E4
__end_of_EUSART1_SetOverrunErrorHandler         text65       0037DA
__end_of_EUSART1_SetRxInterruptHandler          text64       0037D0
__end_of_EUSART1_SetTxInterruptHandler          text63       0037C6
__end_of_EUSART1_Transmit_ISR                   text75       0034E2
__end_of_EUSART1_Write                          text47       00324C
__end_of_EUSART1_is_rx_ready                    text69       003790
__end_of_FVR_Initialize                         text61       0037FE
__end_of_INTERRUPT_Initialize                   text60       003824
__end_of_INTERRUPT_InterruptManager             intcode      0000F8
__end_of_OSCILLATOR_Initialize                  text59       003762
__end_of_PIN_MANAGER_Initialize                 text58       003694
__end_of_SYSTEM_Initialize                      text55       00372A
__end_of_TMR2_DefaultInterruptHandler           text72       00382E
__end_of_TMR2_ISR                               text71       003668
__end_of_TMR2_Initialize                        text56       003746
__end_of_TMR2_SetInterruptHandler               text57       0037BC
__end_of___aodiv                                text43       002286
__end_of___aomod                                text42       0023EA
__end_of___awdiv                                text9        002A4C
__end_of___awmod                                text8        002D3A
__end_of___fladd                                text13       0005BC
__end_of___flge                                 text16       00270A
__end_of___flmul                                text15       0009E6
__end_of___flneg                                text14       003590
__end_of___flsub                                text12       0033DC
__end_of___fltol                                text19       002606
__end_of___lwdiv                                text18       002F4C
__end_of___wmul                                 text24       00370C
__end_of___xxtofl                               text17       001DDA
__end_of__initialization                        cinit        002E58
__end_of_abs                                    text41       0034A2
__end_of_atoi                                   text21       0020FE
__end_of_authentication                         text31       002988
__end_of_clear                                  mediumconst  00FBC8
__end_of_ctoa                                   text44       0028C2
__end_of_dtoa                                   text37       001072
__end_of_fputc                                  text45       002DD0
__end_of_fputs                                  text40       003420
__end_of_help_menu                              text30       0031F6
__end_of_isauthorized                           text54       003810
__end_of_isdigit                                text23       0035C8
__end_of_isgraph                                text49       003638
__end_of_isprint                                text48       003600
__end_of_isspace                                text22       0032F4
__end_of_login                                  text51       00351E
__end_of_logout                                 text29       0037F6
__end_of_main                                   text0        001836
__end_of_pad                                    text38       002B0E
__end_of_printf                                 text33       0036E6
__end_of_putch                                  text46       0037B2
__end_of_readline                               text32       001A3A
__end_of_roundf                                 text11       000D94
__end_of_stoa                                   text36       001F74
__end_of_strchr                                 text28       0031A0
__end_of_strcmp                                 text53       002FC0
__end_of_strcspn                                text27       00308C
__end_of_strlen                                 text39       003396
__end_of_strspn                                 text26       003026
__end_of_strtok                                 text25       0027EC
__end_of_temperature_monitor                    text5        001C26
__end_of_timer_control                          text2        00132C
__end_of_timer_interrupt                        text73       00314A
__end_of_timer_running                          text4        003820
__end_of_timer_setdisplay                       text74       003462
__end_of_timer_start                            text10       00380A
__end_of_timer_stop                             text3        003804
__end_of_timer_write                            text7        002500
__end_of_timer_writeInt                         text6        002C8A
__end_of_toint                                  mediumconst  00FBC7
__end_of_username                               text1        0037A8
__end_of_validate                               text52       0032A2
__end_of_vfpfcnvrt                              text35       0015DC
__end_of_vfprintf                               text34       0030F0
__initialization                                cinit        002DD0
__mediumconst                                   mediumconst  00FBC2
__pbssBANK0                                     bssBANK0     000060
__pbssBANK3                                     bssBANK3     000300
__pbssBANK4                                     bssBANK4     000400
__pbssCOMRAM                                    bssCOMRAM    00004E
__pcinit                                        cinit        002DD0
__pcstackBANK0                                  cstackBANK0  0000A5
__pcstackBANK1                                  cstackBANK1  000100
__pcstackBANK2                                  cstackBANK2  000200
__pcstackCOMRAM                                 cstackCOMRAM 000001
__pdataBANK0                                    dataBANK0    0000D2
__pdataBANK1                                    dataBANK1    0001D7
__pdataBANK2                                    dataBANK2    0002C4
__pidataBANK0                                   idataBANK0   003790
__pidataBANK1                                   idataBANK1   003828
__pidataBANK2                                   idataBANK2   00382A
__pintcode                                      intcode      000008
__pmediumconst                                  mediumconst  00FBC2
__ptext0                                        text0        0015DC
__ptext1                                        text1        00379E
__ptext10                                       text10       003804
__ptext11                                       text11       0009E6
__ptext12                                       text12       003396
__ptext13                                       text13       0000FC
__ptext14                                       text14       003558
__ptext15                                       text15       0005BC
__ptext16                                       text16       002606
__ptext17                                       text17       001C26
__ptext18                                       text18       002ED8
__ptext19                                       text19       002500
__ptext2                                        text2        001072
__ptext20                                       text20       00351E
__ptext21                                       text21       001F74
__ptext22                                       text22       0032A2
__ptext23                                       text23       003590
__ptext24                                       text24       0036E6
__ptext25                                       text25       00270A
__ptext26                                       text26       002FC0
__ptext27                                       text27       003026
__ptext28                                       text28       00314A
__ptext29                                       text29       0037EE
__ptext3                                        text3        0037FE
__ptext30                                       text30       0031A0
__ptext31                                       text31       0028C2
__ptext32                                       text32       001836
__ptext33                                       text33       0036BE
__ptext34                                       text34       00308C
__ptext35                                       text35       00132C
__ptext36                                       text36       001DDA
__ptext37                                       text37       000D94
__ptext38                                       text38       002A4C
__ptext39                                       text39       003346
__ptext4                                        text4        00381C
__ptext40                                       text40       0033DC
__ptext41                                       text41       003462
__ptext42                                       text42       002286
__ptext43                                       text43       0020FE
__ptext44                                       text44       0027EC
__ptext45                                       text45       002D3A
__ptext46                                       text46       0037A8
__ptext47                                       text47       0031F6
__ptext48                                       text48       0035C8
__ptext49                                       text49       003600
__ptext5                                        text5        001A3A
__ptext50                                       text50       0032F4
__ptext51                                       text51       0034E2
__ptext52                                       text52       00324C
__ptext53                                       text53       002F4C
__ptext54                                       text54       00380A
__ptext55                                       text55       00370C
__ptext56                                       text56       00372A
__ptext57                                       text57       0037B2
__ptext58                                       text58       003668
__ptext59                                       text59       003746
__ptext6                                        text6        002BCE
__ptext60                                       text60       003820
__ptext61                                       text61       0037F6
__ptext62                                       text62       002E62
__ptext63                                       text63       0037BC
__ptext64                                       text64       0037C6
__ptext65                                       text65       0037D0
__ptext66                                       text66       0037DA
__ptext67                                       text67       0037E4
__ptext68                                       text68       003762
__ptext69                                       text69       00377A
__ptext7                                        text7        0023EA
__ptext71                                       text71       003638
__ptext72                                       text72       00382C
__ptext73                                       text73       0030F0
__ptext74                                       text74       003420
__ptext75                                       text75       0034A2
__ptext76                                       text76       002B0E
__ptext77                                       text77       003810
__ptext78                                       text78       00382E
__ptext79                                       text79       003816
__ptext8                                        text8        002C8A
__ptext80                                       text80       003694
__ptext81                                       text81       003824
__ptext82                                       text82       000000
__ptext9                                        text9        002988
__ramtop                                        ramtop       001000
__size_of_ADC_GetConversion                     (abs)        000000
__size_of_ADC_ISR                               (abs)        000000
__size_of_ADC_Initialize                        (abs)        000000
__size_of_EUSART1_DefaultErrorHandler           (abs)        000000
__size_of_EUSART1_DefaultFramingErrorHandler    (abs)        000000
__size_of_EUSART1_DefaultOverrunErrorHandler    (abs)        000000
__size_of_EUSART1_Initialize                    (abs)        000000
__size_of_EUSART1_Read                          (abs)        000000
__size_of_EUSART1_Receive_ISR                   (abs)        000000
__size_of_EUSART1_RxDataHandler                 (abs)        000000
__size_of_EUSART1_SetErrorHandler               (abs)        000000
__size_of_EUSART1_SetFramingErrorHandler        (abs)        000000
__size_of_EUSART1_SetOverrunErrorHandler        (abs)        000000
__size_of_EUSART1_SetRxInterruptHandler         (abs)        000000
__size_of_EUSART1_SetTxInterruptHandler         (abs)        000000
__size_of_EUSART1_Transmit_ISR                  (abs)        000000
__size_of_EUSART1_Write                         (abs)        000000
__size_of_EUSART1_is_rx_ready                   (abs)        000000
__size_of_FVR_Initialize                        (abs)        000000
__size_of_INTERRUPT_Initialize                  (abs)        000000
__size_of_INTERRUPT_InterruptManager            (abs)        000000
__size_of_OSCILLATOR_Initialize                 (abs)        000000
__size_of_PIN_MANAGER_Initialize                (abs)        000000
__size_of_SYSTEM_Initialize                     (abs)        000000
__size_of_TMR2_DefaultInterruptHandler          (abs)        000000
__size_of_TMR2_ISR                              (abs)        000000
__size_of_TMR2_Initialize                       (abs)        000000
__size_of_TMR2_SetInterruptHandler              (abs)        000000
__size_of___aodiv                               (abs)        000000
__size_of___aomod                               (abs)        000000
__size_of___awdiv                               (abs)        000000
__size_of___awmod                               (abs)        000000
__size_of___fladd                               (abs)        000000
__size_of___flge                                (abs)        000000
__size_of___flmul                               (abs)        000000
__size_of___flneg                               (abs)        000000
__size_of___flsub                               (abs)        000000
__size_of___fltol                               (abs)        000000
__size_of___lwdiv                               (abs)        000000
__size_of___wmul                                (abs)        000000
__size_of___xxtofl                              (abs)        000000
__size_of_abs                                   (abs)        000000
__size_of_atoi                                  (abs)        000000
__size_of_authentication                        (abs)        000000
__size_of_ctoa                                  (abs)        000000
__size_of_dtoa                                  (abs)        000000
__size_of_fputc                                 (abs)        000000
__size_of_fputs                                 (abs)        000000
__size_of_help_menu                             (abs)        000000
__size_of_isauthorized                          (abs)        000000
__size_of_isdigit                               (abs)        000000
__size_of_isgraph                               (abs)        000000
__size_of_isprint                               (abs)        000000
__size_of_isspace                               (abs)        000000
__size_of_login                                 (abs)        000000
__size_of_logout                                (abs)        000000
__size_of_main                                  (abs)        000000
__size_of_pad                                   (abs)        000000
__size_of_printf                                (abs)        000000
__size_of_putch                                 (abs)        000000
__size_of_readline                              (abs)        000000
__size_of_roundf                                (abs)        000000
__size_of_stoa                                  (abs)        000000
__size_of_strchr                                (abs)        000000
__size_of_strcmp                                (abs)        000000
__size_of_strcspn                               (abs)        000000
__size_of_strlen                                (abs)        000000
__size_of_strspn                                (abs)        000000
__size_of_strtok                                (abs)        000000
__size_of_temperature_monitor                   (abs)        000000
__size_of_timer_control                         (abs)        000000
__size_of_timer_interrupt                       (abs)        000000
__size_of_timer_running                         (abs)        000000
__size_of_timer_setdisplay                      (abs)        000000
__size_of_timer_start                           (abs)        000000
__size_of_timer_stop                            (abs)        000000
__size_of_timer_write                           (abs)        000000
__size_of_timer_writeInt                        (abs)        000000
__size_of_username                              (abs)        000000
__size_of_validate                              (abs)        000000
__size_of_vfpfcnvrt                             (abs)        000000
__size_of_vfprintf                              (abs)        000000
__smallconst                                    smallconst   000000
_abs                                            text41       003462
_atoi                                           text21       001F74
_atoi$1748                                      cstackCOMRAM 000018
_atoi$1749                                      cstackCOMRAM 00001C
_atoi$1750                                      cstackCOMRAM 00001A
_authentication                                 text31       0028C2
_ctoa                                           text44       0027EC
_dbuf                                           bssBANK0     000085
_display0                                       dataBANK0    0000DE
_display1                                       dataBANK0    0000DD
_dtoa                                           text37       000D94
_dtoa$1860                                      cstackCOMRAM 000038
_eusart1RxBuffer                                bssBANK3     0003C0
_eusart1RxCount                                 bssCOMRAM    000051
_eusart1RxHead                                  bssCOMRAM    000053
_eusart1RxLastError                             bssBANK0     000084
_eusart1RxStatusBuffer                          bssBANK3     000380
_eusart1RxTail                                  bssCOMRAM    000052
_eusart1TxBuffer                                bssBANK0     000060
_eusart1TxBufferRemaining                       bssCOMRAM    000054
_eusart1TxHead                                  bssCOMRAM    000056
_eusart1TxTail                                  bssCOMRAM    000055
[...]
_readline$1220                                  cstackBANK0  0000CD
_roundf                                         text11       0009E6
_roundf$2249                                    cstackCOMRAM 000031
_roundf$2250                                    cstackCOMRAM 00002B
_running                                        bssCOMRAM    000050
_stoa                                           text36       001DDA
_strchr                                         text28       00314A
_strcmp                                         text53       002F4C
_strcspn                                        text27       003026
_strlen                                         text39       003346
_strspn                                         text26       002FC0
_strtok                                         text25       00270A
_temperature_monitor                            text5        001A3A
_timer_control                                  text2        001072
_timer_interrupt                                text73       0030F0
_timer_running                                  text4        00381C
_timer_setdisplay                               text74       003420
_timer_start                                    text10       003804
_timer_stop                                     text3        0037FE
_timer_write                                    text7        0023EA
_timer_writeInt                                 text6        002BCE
_username                                       text1        00379E
_validate                                       text52       00324C
_vfpfcnvrt                                      text35       00132C
_vfprintf                                       text34       00308C
_width                                          bssBANK0     000070
abs@a                                           cstackCOMRAM 00001B
atoi@n                                          cstackCOMRAM 00001D
atoi@neg                                        cstackCOMRAM 000016
atoi@s                                          cstackCOMRAM 000010
authentication@password                         cstackBANK1  000100
authentication@username                         cstackBANK1  000140
btemp                                           temp         000057
ctoa@c                                          cstackCOMRAM 000016
ctoa@fp                                         cstackCOMRAM 000014
ctoa@l                                          cstackCOMRAM 000018
ctoa@w                                          cstackCOMRAM 00001A
dtoa@d                                          cstackCOMRAM 000028
dtoa@fp                                         cstackCOMRAM 000026
dtoa@i                                          cstackCOMRAM 000048
dtoa@n                                          cstackCOMRAM 000040
dtoa@p                                          cstackCOMRAM 00003A
dtoa@s                                          cstackCOMRAM 00003E
dtoa@w                                          cstackCOMRAM 00003C
end_of_initialization                           cinit        002E58
fputc@c                                         cstackCOMRAM 00000B
fputc@fp                                        cstackCOMRAM 00000D
fputs@c                                         cstackCOMRAM 000018
fputs@fp                                        cstackCOMRAM 000016
fputs@i                                         cstackCOMRAM 000019
fputs@s                                         cstackCOMRAM 000014
int$flags                                       temp         000057
intlevel0                                       text         000000
intlevel1                                       text         000000
intlevel2                                       text         000000
intlevel3                                       text         000000
isa$std                                         (abs)        000001
isa$xinst                                       (abs)        000000
isdigit@c                                       cstackCOMRAM 000009
isgraph@c                                       cstackCOMRAM 000009
isprint@c                                       cstackCOMRAM 000009
isspace@c                                       cstackCOMRAM 000009
login@password                                  cstackCOMRAM 000014
login@username                                  cstackCOMRAM 000012
main@args                                       cstackBANK2  000240
main@i                                          cstackBANK2  0002C0
main@input                                      cstackBANK2  000200
main@token                                      cstackBANK2  0002C2
pad@buf                                         cstackCOMRAM 00001D
pad@fp                                          cstackCOMRAM 00001B
pad@i                                           cstackCOMRAM 000022
pad@p                                           cstackCOMRAM 00001F
pad@w                                           cstackCOMRAM 000024
printf@ap                                       cstackBANK0  0000C2
printf@fmt                                      cstackBANK0  0000BC
putch@txData                                    cstackCOMRAM 00000A
readline@i                                      cstackBANK0  0000CF
readline@input                                  cstackBANK0  0000D1
readline@password                               cstackBANK0  0000C6
readline@str                                    cstackBANK0  0000C4
roundf@F528                                     bssBANK0     000068
roundf@e                                        cstackCOMRAM 00002F
roundf@u                                        cstackCOMRAM 000035
roundf@x                                        cstackCOMRAM 000023
roundf@y                                        cstackCOMRAM 000039
stackhi                                         (abs)        000F37
stacklo                                         (abs)        000440
start                                           init         0000F8
start_initialization                            cinit        002DD0
stoa@F1146                                      dataBANK0    0000D2
stoa@cp                                         cstackCOMRAM 000024
stoa@fp                                         cstackCOMRAM 000014
stoa@i                                          cstackCOMRAM 000020
stoa@l                                          cstackCOMRAM 000028
stoa@nuls                                       cstackCOMRAM 000019
stoa@p                                          cstackCOMRAM 000026
stoa@s                                          cstackCOMRAM 000016
stoa@w                                          cstackCOMRAM 000022
strchr@c                                        cstackCOMRAM 00000B
strchr@s                                        cstackCOMRAM 000009
strcmp@l                                        cstackCOMRAM 000009
strcmp@r                                        cstackCOMRAM 00000B
strcspn@c                                       cstackCOMRAM 00000F
strcspn@i                                       cstackCOMRAM 000012
strcspn@s                                       cstackCOMRAM 00000D
strlen@a                                        cstackCOMRAM 00000B
strlen@s                                        cstackCOMRAM 000009
strspn@c                                        cstackCOMRAM 00000F
strspn@i                                        cstackCOMRAM 000012
strspn@s                                        cstackCOMRAM 00000D
strtok@p                                        bssBANK0     00006C
strtok@s                                        cstackCOMRAM 000014
strtok@sep                                      cstackCOMRAM 000016
temperature_monitor@avg                         cstackBANK1  0001D5
temperature_monitor@celsius                     cstackBANK1  0001CD
temperature_monitor@i                           cstackBANK1  0001D3
temperature_monitor@i_1107                      cstackBANK1  0001CF
temperature_monitor@key                         cstackBANK1  0001CA
temperature_monitor@ready                       cstackBANK1  0001CB
temperature_monitor@size                        cstackBANK1  0001C8
temperature_monitor@size_1105                   cstackBANK1  0001D1
temperature_monitor@temperature                 cstackBANK1  000100
temperature_monitor@timer                       cstackBANK1  0001CC
timer_control@args                              cstackBANK0  0000C4
timer_control@val                               cstackBANK0  0000C6
timer_setdisplay@display                        cstackCOMRAM 000001
timer_write@digt                                cstackCOMRAM 00000F
timer_write@display                             cstackCOMRAM 000009
timer_write@dot                                 cstackCOMRAM 00000C
timer_write@input                               cstackCOMRAM 00000B
timer_writeInt@amount                           cstackCOMRAM 000017
timer_writeInt@d1                               cstackCOMRAM 000019
timer_writeInt@d2                               cstackCOMRAM 00001B
timer_writeInt@dot                              cstackCOMRAM 00001D
ttemp5                                          temp         000058
ttemp6                                          temp         00005B
ttemp7                                          temp         00005F
validate@password                               cstackCOMRAM 000010
validate@username                               cstackCOMRAM 00000E
vfpfcnvrt@ap                                    cstackBANK0  0000A9
vfpfcnvrt@c                                     cstackBANK0  0000B5
vfpfcnvrt@cp                                    cstackBANK0  0000B3
vfpfcnvrt@fmt                                   cstackBANK0  0000A7
vfpfcnvrt@fp                                    cstackBANK0  0000A5
vfpfcnvrt@ll                                    cstackBANK0  0000AB
vfprintf@ap                                     cstackBANK0  0000BA
vfprintf@cfmt                                   cstackCOMRAM 00004C
vfprintf@fmt                                    cstackBANK0  0000B8
vfprintf@fp                                     cstackBANK0  0000B6
wtemp8                                          temp         000058


MODULE INFORMATION

Module		Function		Class		Link	Load	Size
C:\Program Files\Microchip\xc8\v2.32\pic\sources\c99\common\awdiv.c
		___awdiv       		CODE           	2988	0000	196

C:\Program Files\Microchip\xc8\v2.32\pic\sources\c99\common\awdiv.c estimated size: 196

C:\Program Files\Microchip\xc8\v2.32\pic\sources\c99\common\isdigit.c
		_isdigit       		CODE           	3590	0000	56

C:\Program Files\Microchip\xc8\v2.32\pic\sources\c99\common\isdigit.c estimated size: 56

C:\Program Files\Microchip\xc8\v2.32\pic\sources\c99\common\sprcadd.c
		___flsub       		CODE           	3396	0000	70
		___fladd       		CODE           	00FC	0000	1216

C:\Program Files\Microchip\xc8\v2.32\pic\sources\c99\common\sprcadd.c estimated size: 1286

mcc_generated_files/fvr.c
		_FVR_Initialize		CODE           	37F6	0000	8

mcc_generated_files/fvr.c estimated size: 8

C:\Program Files\Microchip\xc8\v2.32\pic\sources\c99\common\doprnt.c
		_vfpfcnvrt     		CODE           	132C	0000	688
		_pad           		CODE           	2A4C	0000	194
		_ctoa          		CODE           	27EC	0000	214
		_dtoa          		CODE           	0D94	0000	734
		_vfprintf      		CODE           	308C	0000	100
		_stoa          		CODE           	1DDA	0000	410

C:\Program Files\Microchip\xc8\v2.32\pic\sources\c99\common\doprnt.c estimated size: 2340

C:\Program Files\Microchip\xc8\v2.32\pic\sources\c99\common\flneg.c
		___flneg       		CODE           	3558	0000	56

C:\Program Files\Microchip\xc8\v2.32\pic\sources\c99\common\flneg.c estimated size: 56

C:\Program Files\Microchip\xc8\v2.32\pic\sources\c99\common\strspn.c
		_strspn        		CODE           	2FC0	0000	102

C:\Program Files\Microchip\xc8\v2.32\pic\sources\c99\common\strspn.c estimated size: 102

mcc_generated_files/tmr2.c
		_TMR2_ISR      		CODE           	3638	0000	48
		_TMR2_Initialize		CODE           	372A	0000	28
		_TMR2_SetInterruptHandler		CODE           	37B2	0000	10
		_TMR2_DefaultInterruptHandler		CODE           	382C	0000	2

mcc_generated_files/tmr2.c estimated size: 88

mcc_generated_files/interrupt_manager.c
		_INTERRUPT_Initialize		CODE           	3820	0000	4
		_INTERRUPT_InterruptManager		CODE           	0008	0000	240

mcc_generated_files/interrupt_manager.c estimated size: 244

timer.c
		_timer_interrupt		CODE           	30F0	0000	90
		_timer_write   		CODE           	23EA	0000	278
		_timer_stop    		CODE           	37FE	0000	6
		_timer_start   		CODE           	3804	0000	6
		_timer_writeInt		CODE           	2BCE	0000	188
		_timer_setdisplay		CODE           	3420	0000	66
		_timer_running 		CODE           	381C	0000	4

timer.c estimated size: 638

mcc_generated_files/pin_manager.c
		_PIN_MANAGER_Initialize		CODE           	3668	0000	44

mcc_generated_files/pin_manager.c estimated size: 44

C:\Program Files\Microchip\xc8\v2.32\pic\sources\c99\common\atoi.c
		_atoi          		CODE           	1F74	0000	394

C:\Program Files\Microchip\xc8\v2.32\pic\sources\c99\common\atoi.c estimated size: 394

C:\Program Files\Microchip\xc8\v2.32\pic\sources\c99\common\nf_fputs.c
		_fputs         		CODE           	33DC	0000	68

C:\Program Files\Microchip\xc8\v2.32\pic\sources\c99\common\nf_fputs.c estimated size: 68

mcc_generated_files/adc.c
		_ADC_Initialize		CODE           	3762	0000	24
		_ADC_GetConversion		CODE           	351E	0000	58
		_ADC_ISR       		CODE           	3824	0000	4

mcc_generated_files/adc.c estimated size: 86

C:\Program Files\Microchip\xc8\v2.32\pic\sources\c99\common\Umul16.c
		___wmul        		CODE           	36E6	0000	38

C:\Program Files\Microchip\xc8\v2.32\pic\sources\c99\common\Umul16.c estimated size: 38

C:\Program Files\Microchip\xc8\v2.32\pic\sources\c99\common\abs.c
		_abs           		CODE           	3462	0000	64

C:\Program Files\Microchip\xc8\v2.32\pic\sources\c99\common\abs.c estimated size: 64

C:\Program Files\Microchip\xc8\v2.32\pic\sources\c99\common\aomod.c
		___aomod       		CODE           	2286	0000	356

C:\Program Files\Microchip\xc8\v2.32\pic\sources\c99\common\aomod.c estimated size: 356

C:\Program Files\Microchip\xc8\v2.32\pic\sources\c99\common\isspace.c
		_isspace       		CODE           	32A2	0000	82

C:\Program Files\Microchip\xc8\v2.32\pic\sources\c99\common\isspace.c estimated size: 82

C:\Program Files\Microchip\xc8\v2.32\pic\sources\c99\common\isgraph.c
		_isgraph       		CODE           	3600	0000	56

C:\Program Files\Microchip\xc8\v2.32\pic\sources\c99\common\isgraph.c estimated size: 56

C:\Program Files\Microchip\xc8\v2.32\pic\sources\c99\common\strtok.c
		_strtok        		CODE           	270A	0000	226

C:\Program Files\Microchip\xc8\v2.32\pic\sources\c99\common\strtok.c estimated size: 226

auth.c
		_isauthorized  		CODE           	380A	0000	6
		_username      		CODE           	379E	0000	10
		_validate      		CODE           	324C	0000	86
		_logout        		CODE           	37EE	0000	8
		_login         		CODE           	34E2	0000	60

auth.c estimated size: 170

shared
		__initialization		CODE           	2DD0	0000	136
		_toint         		MEDIUMCONST    	0000	0000	0
		_clear         		MEDIUMCONST    	0000	0000	0

shared estimated size: 136

C:\Program Files\Microchip\xc8\v2.32\pic\sources\c99\common\sprcmul.c
		___flmul       		CODE           	05BC	0000	1066

C:\Program Files\Microchip\xc8\v2.32\pic\sources\c99\common\sprcmul.c estimated size: 1066

mcc_generated_files/eusart1.c
		_EUSART1_SetRxInterruptHandler		CODE           	37C6	0000	10
		_EUSART1_SetTxInterruptHandler		CODE           	37BC	0000	10
		_EUSART1_is_rx_ready		CODE           	377A	0000	22
		_EUSART1_Initialize		CODE           	2E62	0000	118
		_putch         		CODE           	37A8	0000	10
		_EUSART1_DefaultErrorHandler		CODE           	3816	0000	6
		_EUSART1_SetFramingErrorHandler		CODE           	37DA	0000	10
		_EUSART1_Read  		CODE           	32F4	0000	82
		_EUSART1_SetOverrunErrorHandler		CODE           	37D0	0000	10
		_EUSART1_SetErrorHandler		CODE           	37E4	0000	10
		_EUSART1_Write 		CODE           	31F6	0000	86
		_EUSART1_Receive_ISR		CODE           	2B0E	0000	192
		_EUSART1_RxDataHandler		CODE           	3694	0000	42
		_EUSART1_DefaultOverrunErrorHandler		CODE           	3810	0000	6
		_EUSART1_Transmit_ISR		CODE           	34A2	0000	64
		_EUSART1_DefaultFramingErrorHandler		CODE           	382E	0000	2

mcc_generated_files/eusart1.c estimated size: 680

C:\Program Files\Microchip\xc8\v2.32\pic\sources\c99\common\awmod.c
		___awmod       		CODE           	2C8A	0000	176

C:\Program Files\Microchip\xc8\v2.32\pic\sources\c99\common\awmod.c estimated size: 176

mcc_generated_files/mcc.c
		_OSCILLATOR_Initialize		CODE           	3746	0000	28
		_SYSTEM_Initialize		CODE           	370C	0000	30

mcc_generated_files/mcc.c estimated size: 58

C:\Program Files\Microchip\xc8\v2.32\pic\sources\c99\common\isprint.c
		_isprint       		CODE           	35C8	0000	56

C:\Program Files\Microchip\xc8\v2.32\pic\sources\c99\common\isprint.c estimated size: 56

C:\Program Files\Microchip\xc8\v2.32\pic\sources\c99\common\roundf.c
		_roundf        		CODE           	09E6	0000	942

C:\Program Files\Microchip\xc8\v2.32\pic\sources\c99\common\roundf.c estimated size: 942

utils.c
		_readline      		CODE           	1836	0000	516

utils.c estimated size: 516

C:\Program Files\Microchip\xc8\v2.32\pic\sources\c99\common\lwdiv.c
		___lwdiv       		CODE           	2ED8	0000	116

C:\Program Files\Microchip\xc8\v2.32\pic\sources\c99\common\lwdiv.c estimated size: 116

C:\Program Files\Microchip\xc8\v2.32\pic\sources\c99\common\fltol.c
		___fltol       		CODE           	2500	0000	262

C:\Program Files\Microchip\xc8\v2.32\pic\sources\c99\common\fltol.c estimated size: 262

C:\Program Files\Microchip\xc8\v2.32\pic\sources\c99\common\xxtofl.c
		___xxtofl      		CODE           	1C26	0000	436

C:\Program Files\Microchip\xc8\v2.32\pic\sources\c99\common\xxtofl.c estimated size: 436

C:\Program Files\Microchip\xc8\v2.32\pic\sources\c99\common\printf.c
		_printf        		CODE           	36BE	0000	40

C:\Program Files\Microchip\xc8\v2.32\pic\sources\c99\common\printf.c estimated size: 40

C:\Program Files\Microchip\xc8\v2.32\pic\sources\c99\common\nf_fputc.c
		_fputc         		CODE           	2D3A	0000	150

C:\Program Files\Microchip\xc8\v2.32\pic\sources\c99\common\nf_fputc.c estimated size: 150

C:\Program Files\Microchip\xc8\v2.32\pic\sources\c99\common\aodiv.c
		___aodiv       		CODE           	20FE	0000	392

C:\Program Files\Microchip\xc8\v2.32\pic\sources\c99\common\aodiv.c estimated size: 392

main.c
		_main          		CODE           	15DC	0000	602
		_timer_control 		CODE           	1072	0000	698
		_temperature_monitor		CODE           	1A3A	0000	492
		_authentication		CODE           	28C2	0000	198
		_help_menu     		CODE           	31A0	0000	86

main.c estimated size: 2076

C:\Program Files\Microchip\xc8\v2.32\pic\sources\c99\common\strlen.c
		_strlen        		CODE           	3346	0000	80

C:\Program Files\Microchip\xc8\v2.32\pic\sources\c99\common\strlen.c estimated size: 80

C:\Program Files\Microchip\xc8\v2.32\pic\sources\c99\common\flge.c
		___flge        		CODE           	2606	0000	260

C:\Program Files\Microchip\xc8\v2.32\pic\sources\c99\common\flge.c estimated size: 260

C:\Program Files\Microchip\xc8\v2.32\pic\sources\c99\common\strcspn.c
		_strcspn       		CODE           	3026	0000	102

C:\Program Files\Microchip\xc8\v2.32\pic\sources\c99\common\strcspn.c estimated size: 102

C:\Program Files\Microchip\xc8\v2.32\pic\sources\c99\common\strcmp.c
		_strcmp        		CODE           	2F4C	0000	116

C:\Program Files\Microchip\xc8\v2.32\pic\sources\c99\common\strcmp.c estimated size: 116

C:\Program Files\Microchip\xc8\v2.32\pic\sources\c99\common\strchr.c
		_strchr        		CODE           	314A	0000	86

C:\Program Files\Microchip\xc8\v2.32\pic\sources\c99\common\strchr.c estimated size: 86

