Microchip MPLAB XC8 Compiler V2.05 ()

Linker command line:

-W-3 --edf=C:\Program Files (x86)\Microchip\xc8\v2.05\pic\dat\en_msgs.txt \
  -cs -h+dist/default/production\Embeded2.X.production.sym \
  --cmf=dist/default/production\Embeded2.X.production.cmf -z -Q18F26K22 \
  -oC:\Users\krs\AppData\Local\Temp\s3s8.2 --defsym=__MPLAB_BUILD=1 \
  -Mdist/default/production/Embeded2.X.production.map -E1 -ver=XC8 \
  --acfsm=1493 -ASTACK=02D7h-0F37h -pstack=STACK -ACODE=00h-0FFFFh \
  -ACONST=00h-0FFFFh -ASMALLCONST=01000h-010FFhx240 \
  -AMEDIUMCONST=01000h-0FFFFh -ACOMRAM=01h-05Fh -AABS1=00h-0F37h \
  -ABIGRAM=01h-0F37h -ARAM=060h-0FFh,0100h-01FFhx14,0F00h-0F37h \
  -ABANK0=060h-0FFh -ABANK1=0100h-01FFh -ABANK2=0200h-02FFh \
  -ABANK3=0300h-03FFh -ABANK4=0400h-04FFh -ABANK5=0500h-05FFh \
  -ABANK6=0600h-06FFh -ABANK7=0700h-07FFh -ABANK8=0800h-08FFh \
  -ABANK9=0900h-09FFh -ABANK10=0A00h-0AFFh -ABANK11=0B00h-0BFFh \
  -ABANK12=0C00h-0CFFh -ABANK13=0D00h-0DFFh -ABANK14=0E00h-0EFFh \
  -ABANK15=0F00h-0F37h -ASFR=0F38h-0F5Fh,0F60h-0FFFh \
  -preset_vec=00h,intcode=08h,intcodelo,powerup,init -pramtop=01000h \
  -psmallconst=SMALLCONST -pmediumconst=MEDIUMCONST -pconst=CONST \
  -AFARRAM=00h-00h -ACONFIG=0300000h-030000Dh -pconfig=CONFIG \
  -AIDLOC=0200000h-0200007h -pidloc=IDLOC -AEEDATA=0F00000h-0F003FFh \
  -peeprom_data=EEDATA \
  -prdata=COMRAM,nvrram=COMRAM,nvbit=COMRAM,rbss=COMRAM,rbit=COMRAM \
  -pfarbss=FARRAM,fardata=FARRAM,nvFARRAM=FARRAM \
  -pintsave_regs=BIGRAM,bigbss=BIGRAM,bigdata=BIGRAM -pbss=RAM \
  -pidata=CODE,irdata=CODE,ibigdata=CODE,ifardata=CODE -prparam=COMRAM \
  C:\Users\krs\AppData\Local\Temp\s3s8.o \
  dist/default/production\Embeded2.X.production.o 

Object code version is 3.11

Machine type is 18F26K22

Call graph: (short form)




                Name                               Link     Load   Length Selector   Space Scale
C:\Users\krs\AppData\Local\Temp\s3s8.o
                init                                 BE       BE        4        4       0
                reset_vec                             0        0        4        0       0
                idloc                            200000   200000        8   200000       0
                config                           300000   300000        E   300000       0
dist/default/production\Embeded2.X.production.o
                intcode                               8        8       B6        4       0
                temp                                 5F       5F        1        1       1
                smallconst                         1000     1000       FA      800       0
                text117                            7406     7406       22      87D       0
                text116                            7560     7560        6     3A53       0
                text115                            7574     7574        2     3A53       0
                text114                            755A     755A        6     3A53       0
                text113                            644A     644A       9C      87D       0
                text112                            727C     727C       2C      87D       0
                text111                            3060     3060      352      87D       0
                text110                            36C0     36C0      30C      87D       0
                text109                            6EEC     6EEC       46      87D       0
                text108                            5F08     5F08       BA      87D       0
                text107                            5064     5064      140      87D       0
                text106                            5E4E     5E4E       BA      87D       0
                text105                            6580     6580       9A      87D       0
                text104                            7374     7374       26      87D       0
                text103                            71F0     71F0       30      87D       0
                text102                            6F72     6F72       3E      87D       0
                text101                            4C8E     4C8E      14A      87D       0
                text100                            4DD8     4DD8      148      87D       0
                text99                             5514     5514      124      87D       0
                text98                             712E     712E       32      87D       0
                text97                             705E     705E       38      87D       0
                text96                             7550     7550        A     3A53       0
                text95                             630C     630C       A0      87D       0
                text94                             7026     7026       38      87D       0
                text93                             72D2     72D2       2A      87D       0
                text92                             64E6     64E6       9A      87D       0
                text91                             4126     4126      248      87D       0
                text90                             68DA     68DA       84      87D       0
                text89                             6B40     6B40       70      87D       0
                text88                             3C56     3C56      288      87D       0
                text87                             67CA     67CA       8A      87D       0
                text86                             5A6C     5A6C       D0      87D       0
                text85                             724E     724E       2E      87D       0
                text84                             5C0A     5C0A       CC      87D       0
                text83                             4528     4528      1B6      87D       0
                text82                             6D64     6D64       54      87D       0
                text81                             71C0     71C0       30      87D       0
                text80                             6E58     6E58       4C      87D       0
                text79                             10FA     10FA      994      87D       0
                text78                             611C     611C       A8      87D       0
                text77                             2890     2890      47C      87D       0
                text76                             6C60     6C60       58      87D       0
                text75                             734C     734C       28      87D       0
                text74                             66AC     66AC       92      87D       0
                text73                             6D0E     6D0E       56      87D       0
                text72                             587A     587A      120      87D       0
                text71                             575A     575A      120      87D       0
                text70                             46DE     46DE      1A4      87D       0
                text69                             6AD0     6AD0       70      87D       0
                text68                             74EA     74EA       12     3A53       0
                text67                             7572     7572        2     3A53       0
                text66                             7468     7468       20      87D       0
                text65                             73E2     73E2       24      87D       0
                text64                             5D92     5D92       BC      87D       0
                text63                             4882     4882      174      87D       0
                text62                             7570     7570        2     3A53       0
                text61                             7448     7448       20      87D       0
                text60                             73BE     73BE       24      87D       0
                text58                             74C0     74C0       18     3A53       0
                text57                             7546     7546        A     3A53       0
                text56                             753C     753C        A     3A53       0
                text55                             7532     7532        A     3A53       0
                text54                             7528     7528        A     3A53       0
                text53                             751E     751E        A     3A53       0
                text52                             69DE     69DE       80      87D       0
                text51                             756A     756A        4     3A53       0
                text50                             74D8     74D8       12     3A53       0
                text49                             72A8     72A8       2A      87D       0
                text48                             7514     7514        A     3A53       0
                text47                             7428     7428       20      87D       0
                text46                             750A     750A        A     3A53       0
                text45                             739A     739A       24      87D       0
                text44                             74A6     74A6       1A     3A53       0
                text43                             7324     7324       28      87D       0
                text42                             70FC     70FC       32      87D       0
                text41                             6F32     6F32       40      87D       0
                text40                             49F6     49F6      14E      87D       0
                text39                             4B44     4B44      14A      87D       0
                text38                             52CA     52CA      126      87D       0
                text37                             7096     7096       34      87D       0
                text36                             6FEC     6FEC       3A      87D       0
                text35                             74FC     74FC        E     3A53       0
                text34                             626A     626A       A2      87D       0
                text33                             6FB0     6FB0       3C      87D       0
                text32                             7220     7220       2E      87D       0
                text31                             63AC     63AC       9E      87D       0
                text30                             3EDE     3EDE      248      87D       0
                text29                             6854     6854       86      87D       0
                text28                             6A5E     6A5E       72      87D       0
                text27                             39CC     39CC      28A      87D       0
                text26                             673E     673E       8C      87D       0
                text25                             599A     599A       D2      87D       0
                text24                             2D0C     2D0C      354      87D       0
                text23                             7190     7190       30      87D       0
                text22                             33B2     33B2      30E      87D       0
                text21                             6EA4     6EA4       48      87D       0
                text20                             5CD6     5CD6       BC      87D       0
                text19                             5B3C     5B3C       CE      87D       0
                text18                             436E     436E      1BA      87D       0
                text17                             6CB8     6CB8       56      87D       0
                text16                             70CA     70CA       32      87D       0
                text15                             6E0A     6E0A       4E      87D       0
                text14                             1A8E     1A8E      982      87D       0
                text13                             6072     6072       AA      87D       0
                text12                             2410     2410      480      87D       0
                text11                             6C08     6C08       58      87D       0
                text10                             72FC     72FC       28      87D       0
                text9                              661A     661A       92      87D       0
                text8                              7160     7160       30      87D       0
                text7                              61C4     61C4       A6      87D       0
                text6                              6BB0     6BB0       58      87D       0
                text5                              4F20     4F20      144      87D       0
                text4                              5638     5638      122      87D       0
                text3                              53F0     53F0      124      87D       0
                text2                              6DB8     6DB8       52      87D       0
                text1                              51A4     51A4      126      87D       0
                text0                              5FC2     5FC2       B0      87D       0
                cstackCOMRAM                          1        1       5E        1       1
                cstackBANK0                          60       60       9C       60       1
                cstackBANK1                         100      100       D7      100       1
                dataBANK2                           2BA      2BA       1D      200       1
                bssBANK2                            200      200       BA      200       1
                dataBANK1                           1FC      1FC        4      100       1
                bssBANK1                            1D7      1D7       25      100       1
                dataBANK0                            FE       FE        2       60       1
                bssBANK0                             FC       FC        2       60       1
                cinit                              695E     695E       80      87D       0
                idataBANK2                         7488     7488       1D      87D       0
                idataBANK1                         7566     7566        4     3A53       0
                idataBANK0                         756E     756E        2     3A53       0

TOTAL           Name                               Link     Load   Length     Space
        CLASS   STACK          

        CLASS   CODE           
                intcode                               8        8       B6         0
                init                                 BE       BE        4         0
                reset_vec                             0        0        4         0
                text117                            7406     7406       22         0
                text116                            7560     7560        6         0
                text115                            7574     7574        2         0
                text114                            755A     755A        6         0
                text113                            644A     644A       9C         0
                text112                            727C     727C       2C         0
                text111                            3060     3060      352         0
                text110                            36C0     36C0      30C         0
                text109                            6EEC     6EEC       46         0
                text108                            5F08     5F08       BA         0
                text107                            5064     5064      140         0
                text106                            5E4E     5E4E       BA         0
                text105                            6580     6580       9A         0
                text104                            7374     7374       26         0
                text103                            71F0     71F0       30         0
                text102                            6F72     6F72       3E         0
                text101                            4C8E     4C8E      14A         0
                text100                            4DD8     4DD8      148         0
                text99                             5514     5514      124         0
                text98                             712E     712E       32         0
                text97                             705E     705E       38         0
                text96                             7550     7550        A         0
                text95                             630C     630C       A0         0
                text94                             7026     7026       38         0
                text93                             72D2     72D2       2A         0
                text92                             64E6     64E6       9A         0
                text91                             4126     4126      248         0
                text90                             68DA     68DA       84         0
                text89                             6B40     6B40       70         0
                text88                             3C56     3C56      288         0
                text87                             67CA     67CA       8A         0
                text86                             5A6C     5A6C       D0         0
                text85                             724E     724E       2E         0
                text84                             5C0A     5C0A       CC         0
                text83                             4528     4528      1B6         0
                text82                             6D64     6D64       54         0
                text81                             71C0     71C0       30         0
                text80                             6E58     6E58       4C         0
                text79                             10FA     10FA      994         0
                text78                             611C     611C       A8         0
                text77                             2890     2890      47C         0
                text76                             6C60     6C60       58         0
                text75                             734C     734C       28         0
                text74                             66AC     66AC       92         0
                text73                             6D0E     6D0E       56         0
                text72                             587A     587A      120         0
                text71                             575A     575A      120         0
                text70                             46DE     46DE      1A4         0
                text69                             6AD0     6AD0       70         0
                text68                             74EA     74EA       12         0
                text67                             7572     7572        2         0
                text66                             7468     7468       20         0
                text65                             73E2     73E2       24         0
                text64                             5D92     5D92       BC         0
                text63                             4882     4882      174         0
                text62                             7570     7570        2         0
                text61                             7448     7448       20         0
                text60                             73BE     73BE       24         0
                text58                             74C0     74C0       18         0
                text57                             7546     7546        A         0
                text56                             753C     753C        A         0
                text55                             7532     7532        A         0
                text54                             7528     7528        A         0
                text53                             751E     751E        A         0
                text52                             69DE     69DE       80         0
                text51                             756A     756A        4         0
                text50                             74D8     74D8       12         0
                text49                             72A8     72A8       2A         0
                text48                             7514     7514        A         0
                text47                             7428     7428       20         0
                text46                             750A     750A        A         0
                text45                             739A     739A       24         0
                text44                             74A6     74A6       1A         0
                text43                             7324     7324       28         0
                text42                             70FC     70FC       32         0
                text41                             6F32     6F32       40         0
                text40                             49F6     49F6      14E         0
                text39                             4B44     4B44      14A         0
                text38                             52CA     52CA      126         0
                text37                             7096     7096       34         0
                text36                             6FEC     6FEC       3A         0
                text35                             74FC     74FC        E         0
                text34                             626A     626A       A2         0
                text33                             6FB0     6FB0       3C         0
                text32                             7220     7220       2E         0
                text31                             63AC     63AC       9E         0
                text30                             3EDE     3EDE      248         0
                text29                             6854     6854       86         0
                text28                             6A5E     6A5E       72         0
                text27                             39CC     39CC      28A         0
                text26                             673E     673E       8C         0
                text25                             599A     599A       D2         0
                text24                             2D0C     2D0C      354         0
                text23                             7190     7190       30         0
                text22                             33B2     33B2      30E         0
                text21                             6EA4     6EA4       48         0
                text20                             5CD6     5CD6       BC         0
                text19                             5B3C     5B3C       CE         0
                text18                             436E     436E      1BA         0
                text17                             6CB8     6CB8       56         0
                text16                             70CA     70CA       32         0
                text15                             6E0A     6E0A       4E         0
                text14                             1A8E     1A8E      982         0
                text13                             6072     6072       AA         0
                text12                             2410     2410      480         0
                text11                             6C08     6C08       58         0
                text10                             72FC     72FC       28         0
                text9                              661A     661A       92         0
                text8                              7160     7160       30         0
                text7                              61C4     61C4       A6         0
                text6                              6BB0     6BB0       58         0
                text5                              4F20     4F20      144         0
                text4                              5638     5638      122         0
                text3                              53F0     53F0      124         0
                text2                              6DB8     6DB8       52         0
                text1                              51A4     51A4      126         0
                text0                              5FC2     5FC2       B0         0
                cinit                              695E     695E       80         0
                idataBANK2                         7488     7488       1D         0
                idataBANK1                         7566     7566        4         0
                idataBANK0                         756E     756E        2         0

        CLASS   CONST          

        CLASS   SMALLCONST     
                smallconst                         1000     1000       FA         0

        CLASS   MEDIUMCONST    

        CLASS   COMRAM         
                temp                                 5F       5F        1         1
                cstackCOMRAM                          1        1       5E         1

        CLASS   ABS1           

        CLASS   BIGRAM         

        CLASS   RAM            

        CLASS   BANK0          
                cstackBANK0                          60       60       9C         1
                dataBANK0                            FE       FE        2         1
                bssBANK0                             FC       FC        2         1

        CLASS   BANK1          
                cstackBANK1                         100      100       D7         1
                dataBANK1                           1FC      1FC        4         1
                bssBANK1                            1D7      1D7       25         1

        CLASS   BANK2          
                dataBANK2                           2BA      2BA       1D         1
                bssBANK2                            200      200       BA         1

        CLASS   BANK3          

        CLASS   BANK4          

        CLASS   BANK5          

        CLASS   BANK6          

        CLASS   BANK7          

        CLASS   BANK8          

        CLASS   BANK9          

        CLASS   BANK10         

        CLASS   BANK11         

        CLASS   BANK12         

        CLASS   BANK13         

        CLASS   BANK14         

        CLASS   BANK15         

        CLASS   SFR            

        CLASS   FARRAM         

        CLASS   CONFIG         
                config                           300000   300000        E         0

        CLASS   IDLOC          
                idloc                            200000   200000        8         0

        CLASS   EEDATA         



SEGMENTS        Name                           Load    Length   Top    Selector   Space  Class

                reset_vec                      000000  000004  000004         0       0  CODE    
                cstackCOMRAM                   000001  00005F  000060         1       1  COMRAM  
                intcode                        000008  0000BA  0000C2         4       0  CODE    
                cstackBANK0                    000060  0000A0  000100        60       1  BANK0   
                cstackBANK1                    000100  000100  000200       100       1  BANK1   
                bssBANK2                       000200  0000D7  0002D7       200       1  BANK2   
                smallconst                     001000  0000FA  0010FA       800       0  SMALLCON
                text79                         0010FA  0063AB  0074A5       87D       0  CODE    
                text44                         0074A6  0000D0  007576      3A53       0  CODE    
                idloc                          200000  000008  200008    200000       0  IDLOC   
                config                         300000  00000E  30000E    300000       0  CONFIG  


UNUSED ADDRESS RANGES

        Name                Unused          Largest block    Delta
        BANK10           000A00-000AFF              100
        BANK11           000B00-000BFF              100
        BANK12           000C00-000CFF              100
        BANK13           000D00-000DFF              100
        BANK14           000E00-000EFF              100
        BANK15           000F00-000F37               38
        BANK2            0002D7-0002FF               29
        BANK3            000300-0003FF              100
        BANK4            000400-0004FF              100
        BANK5            000500-0005FF              100
        BANK6            000600-0006FF              100
        BANK7            000700-0007FF              100
        BANK8            000800-0008FF              100
        BANK9            000900-0009FF              100
        BIGRAM           0002D7-000F37              C61
        CODE             000004-000007                4
                         0000C2-000FFF              F3E
                         0074A5-0074A5                1
                         007576-00FFFF             8A8A
        CONST            000004-000007                4
                         0000C2-000FFF              F3E
                         0074A5-0074A5                1
                         007576-00FFFF             8A8A
        EEDATA           F00000-F003FF              400
        MEDIUMCONST      0074A5-0074A5                1
                         007576-00FFFF             8A8A
        RAM              0002D7-000F37              100
        SFR              000F38-000FFF               28
        SMALLCONST       0074A5-0074A5                1
                         007576-00FFFF              100
        STACK            0002D7-000F37              C61

                                  Symbol Table

?_ConvertByteArrayToFloat                       cstackCOMRAM 00001B
?_ReadHumidity                                  cstackBANK1  0001B7
?_ReadTemperature                               cstackBANK1  0001B7
?___aodiv                                       cstackBANK1  000100
?___aomod                                       cstackBANK1  000100
?___awdiv                                       cstackBANK1  000100
?___awmod                                       cstackBANK1  000100
?___fladd                                       cstackBANK1  000100
?___fldiv                                       cstackBANK1  000100
?___flmul                                       cstackBANK1  00011A
?___flneg                                       cstackBANK1  000100
?___flsub                                       cstackBANK1  000133
?___fltol                                       cstackBANK1  000100
?___fpclassifyf                                 cstackBANK1  000100
?___lmul                                        cstackBANK1  000100
?___wmul                                        cstackBANK1  000100
?___xxtofl                                      cstackBANK1  00010C
?_abs                                           cstackBANK1  000112
?_atoi                                          cstackBANK1  000107
?_dtoa                                          cstackBANK1  00011D
?_efgtoa                                        cstackBANK1  00013F
?_floorf                                        cstackBANK1  000119
?_isdigit                                       cstackBANK1  000100
?_isspace                                       cstackBANK1  000100
?_isupper                                       cstackBANK1  000100
?_pad                                           cstackBANK1  000112
?_printf                                        cstackBANK1  0001A9
?_sprintf                                       cstackBANK1  0001A9
?_strlen                                        cstackBANK1  000100
?_strncmp                                       cstackBANK1  000100
?_tolower                                       cstackBANK1  000106
?_vfpfcnvrt                                     cstackBANK1  000183
?_vfprintf                                      cstackBANK1  0001A1
?i2_ReadHumidity                                cstackBANK0  0000C0
?i2_ReadTemperature                             cstackBANK0  0000C0
?i2___aodiv                                     cstackCOMRAM 000001
?i2___aomod                                     cstackCOMRAM 000001
?i2___awdiv                                     cstackCOMRAM 000001
?i2___awmod                                     cstackCOMRAM 000001
?i2___fladd                                     cstackCOMRAM 000001
?i2___fldiv                                     cstackCOMRAM 000001
?i2___flmul                                     cstackCOMRAM 00001B
?i2___flneg                                     cstackCOMRAM 000001
?i2___flsub                                     cstackCOMRAM 000034
?i2___fltol                                     cstackCOMRAM 000034
?i2___fpclassifyf                               cstackCOMRAM 000001
?i2___lmul                                      cstackCOMRAM 000001
?i2___wmul                                      cstackCOMRAM 000001
?i2___xxtofl                                    cstackCOMRAM 00000D
?i2_abs                                         cstackCOMRAM 000013
?i2_atoi                                        cstackCOMRAM 000008
?i2_dtoa                                        cstackCOMRAM 00001E
?i2_efgtoa                                      cstackCOMRAM 000040
?i2_floorf                                      cstackCOMRAM 00001A
?i2_isdigit                                     cstackCOMRAM 000001
?i2_isspace                                     cstackCOMRAM 000001
?i2_isupper                                     cstackCOMRAM 000001
?i2_pad                                         cstackCOMRAM 000013
?i2_printf                                      cstackBANK0  0000AC
?i2_strlen                                      cstackCOMRAM 000001
?i2_strncmp                                     cstackCOMRAM 000001
?i2_tolower                                     cstackCOMRAM 000007
?i2_vfpfcnvrt                                   cstackCOMRAM 00004C
?i2_vfprintf                                    cstackCOMRAM 000056
ConvertByteArrayToFloat@decimals                cstackCOMRAM 000024
ConvertByteArrayToFloat@inputLeastSignificant   cstackCOMRAM 00001B
ConvertByteArrayToFloat@inputMostSignificant    cstackCOMRAM 00001F
ConvertByteArrayToFloat@result                  cstackCOMRAM 000020
ConvertFloatToByteArray@decimals                cstackCOMRAM 000045
ConvertFloatToByteArray@input                   cstackCOMRAM 00003E
ConvertFloatToByteArray@output                  cstackCOMRAM 000042
DisplaySetCursor@charNum                        cstackBANK1  0001B7
DisplaySetCursor@command                        cstackBANK1  0001B9
DisplaySetCursor@line                           cstackBANK1  0001B8
EUSART1_SetErrorHandler@interruptHandler        cstackBANK1  000100
EUSART1_SetFramingErrorHandler@interruptHandler cstackBANK1  000100
EUSART1_SetOverrunErrorHandler@interruptHandler cstackBANK1  000100
EUSART1_SetRxInterruptHandler@interruptHandler  cstackBANK1  000100
EUSART1_SetTxInterruptHandler@interruptHandler  cstackBANK1  000100
EUSART1_Write@txData                            cstackBANK1  000100
I2cReadSerial@address                           cstackBANK1  000107
I2cReadSerial@i                                 cstackBANK1  000109
I2cReadSerial@length                            cstackBANK1  000102
I2cReadSerial@readData                          cstackBANK1  000100
I2cReadSerial@target                            cstackBANK1  000108
I2cWriteSerial@address                          cstackBANK1  0001B4
I2cWriteSerial@addressWrite                     cstackBANK1  0001B5
I2cWriteSerial@i                                cstackBANK1  0001B6
I2cWriteSerial@length                           cstackBANK1  0001B1
I2cWriteSerial@writeData                        cstackBANK1  0001AF
LogData@F6234                                   bssBANK2     00025E
LogData@F6240                                   bssBANK2     000250
LogData@F6242                                   bssBANK2     00025A
LogData@humidity                                cstackBANK0  0000D8
LogData@humidityArray                           cstackBANK0  0000EC
LogData@lastSuccesfulWriteLocation              cstackBANK0  0000E6
LogData@location                                cstackBANK0  0000EE
LogData@temperature                             cstackBANK0  0000D4
LogData@temperatureArray                        cstackBANK0  0000EA
LogData@writeArray                              cstackBANK0  0000DC
LogData@writeAttemptLocation                    cstackBANK0  0000E2
ReadHumidity@convertion                         cstackBANK1  0001C7
ReadHumidity@humidity                           cstackBANK1  0001BD
ReadHumidity@result                             cstackBANK1  0001C1
ReadHumidity@resultWord                         cstackBANK1  0001C3
ReadTemperature@conversion                      cstackBANK1  0001C7
ReadTemperature@result                          cstackBANK1  0001C1
ReadTemperature@resultWord                      cstackBANK1  0001C3
ReadTemperature@temperature                     cstackBANK1  0001BD
TMR2_ISR@CountCallBack                          bssBANK1     0001E7
TMR2_SetInterruptHandler@InterruptHandler       cstackBANK1  000100
TMR4_ISR@CountCallBack                          bssBANK1     0001E3
TMR4_SetInterruptHandler@InterruptHandler       cstackBANK1  000100
Timer4Interrupt@F6194                           dataBANK2    0002BA
Timer4Interrupt@dataLength                      cstackBANK0  0000D0
Timer4Interrupt@humid                           cstackBANK0  0000C8
Timer4Interrupt@i                               cstackBANK0  0000D2
Timer4Interrupt@location                        cstackBANK0  0000C2
Timer4Interrupt@output                          cstackBANK0  0000CC
Timer4Interrupt@temp                            cstackBANK0  0000C4
VerifyLogging@F6254                             bssBANK2     000262
VerifyLogging@location                          cstackBANK0  0000C0
VerifyLogging@output                            cstackBANK0  0000C2
WriteTempHumidToDisplay@printable               cstackBANK1  0001CB
WriteTempHumidToDisplay@result                  cstackBANK1  0001D1
_ANSELA                                         (abs)        000F38
_ANSELB                                         (abs)        000F39
_ANSELC                                         (abs)        000F3A
_ANSELCbits                                     (abs)        000F3A
_BAUDCON1                                       (abs)        000FB8
_ConvertByteArrayToFloat                        text64       005D92
_ConvertFloatToByteArray                        text106      005E4E
_DisplaySetCursor                               text8        007160
_EUSART1_DefaultErrorHandler                    text116      007560
_EUSART1_DefaultFramingErrorHandler             text115      007574
_EUSART1_DefaultOverrunErrorHandler             text114      00755A
_EUSART1_ErrorHandler                           bssBANK1     0001EB
_EUSART1_FramingErrorHandler                    bssBANK1     0001EF
_EUSART1_Initialize                             text52       0069DE
_EUSART1_OverrunErrorHandler                    bssBANK1     0001ED
_EUSART1_Receive_ISR                            text113      00644A
_EUSART1_RxDataHandler                          text117      007406
_EUSART1_RxDefaultInterruptHandler              bssBANK1     0001F1
_EUSART1_SetErrorHandler                        text57       007546
_EUSART1_SetFramingErrorHandler                 text56       00753C
_EUSART1_SetOverrunErrorHandler                 text55       007532
_EUSART1_SetRxInterruptHandler                  text54       007528
_EUSART1_SetTxInterruptHandler                  text53       00751E
_EUSART1_Transmit_ISR                           text112      00727C
_EUSART1_TxDefaultInterruptHandler              bssBANK1     0001F3
_EUSART1_Write                                  text36       006FEC
_I2cReadSerial                                  text7        0061C4
_I2cWriteSerial                                 text9        00661A
_I2c_init                                       text58       0074C0
_INTCON2bits                                    (abs)        000FF1
_INTCONbits                                     (abs)        000FF2
_INTERRUPT_Initialize                           text51       00756A
_INTERRUPT_InterruptManager                     intcode      000008
_LATA                                           (abs)        000F89
_LATB                                           (abs)        000F8A
_LATC                                           (abs)        000F8B
_LogData                                        text70       0046DE
_OSCCON                                         (abs)        000FD3
_OSCCON2                                        (abs)        000FD2
_OSCILLATOR_Initialize                          text50       0074D8
_OSCTUNE                                        (abs)        000F9B
_PIE1bits                                       (abs)        000F9D
_PIE5bits                                       (abs)        000F7D
_PIN_MANAGER_Initialize                         text49       0072A8
_PIR1bits                                       (abs)        000F9E
_PIR5bits                                       (abs)        000F7E
_PLLRDY                                         (abs)        007E97
_PR2                                            (abs)        000FBB
_PR4                                            (abs)        000F52
_RCONbits                                       (abs)        000FD0
_RCREG1                                         (abs)        000FAE
_RCSTA1                                         (abs)        000FAB
_RCSTA1bits                                     (abs)        000FAB
_ReadHumidity                                   text4        005638
_ReadTemperature                                text3        0053F0
_SPBRG1                                         (abs)        000FAF
_SPBRGH1                                        (abs)        000FB0
_SSP1ADD                                        (abs)        000FC8
_SSP1BUF                                        (abs)        000FC9
_SSP1CON1                                       (abs)        000FC6
_SSP1CON2                                       (abs)        000FC5
_SSP1CON2bits                                   (abs)        000FC5
_SSP1STAT                                       (abs)        000FC7
_SSP1STATbits                                   (abs)        000FC7
_SYSTEM_Initialize                              text44       0074A6
_T2CON                                          (abs)        000FBA
_T2CONbits                                      (abs)        000FBA
_T4CON                                          (abs)        000F51
_T4CONbits                                      (abs)        000F51
_TMR2                                           (abs)        000FBC
_TMR2_CallBack                                  text66       007468
_TMR2_DefaultInterruptHandler                   text67       007572
_TMR2_ISR                                       text65       0073E2
_TMR2_Initialize                                text47       007428
_TMR2_InterruptHandler                          bssBANK1     0001E9
_TMR2_SetInterruptHandler                       text48       007514
_TMR4                                           (abs)        000F53
_TMR4_CallBack                                  text61       007448
_TMR4_DefaultInterruptHandler                   text62       007570
_TMR4_ISR                                       text60       0073BE
_TMR4_Initialize                                text45       00739A
_TMR4_InterruptHandler                          bssBANK1     0001E5
_TMR4_SetInterruptHandler                       text46       00750A
_TRISA                                          (abs)        000F92
_TRISB                                          (abs)        000F93
_TRISC                                          (abs)        000F94
_TRISCbits                                      (abs)        000F94
_TXREG1                                         (abs)        000FAD
_TXSTA1                                         (abs)        000FAC
_TXSTA1bits                                     (abs)        000FAC
_Timer2Interrupt                                text68       0074EA
_Timer4Interrupt                                text63       004882
_VerifyLogging                                  text69       006AD0
_WPUB                                           (abs)        000F61
_WriteTempHumidToDisplay                        text1        0051A4
__CFG_BOREN$SBORDIS                             (abs)        000000
__CFG_BORV$190                                  (abs)        000000
__CFG_CCP2MX$PORTC1                             (abs)        000000
__CFG_CCP3MX$PORTB5                             (abs)        000000
__CFG_CP0$OFF                                   (abs)        000000
__CFG_CP1$OFF                                   (abs)        000000
__CFG_CP2$OFF                                   (abs)        000000
__CFG_CP3$OFF                                   (abs)        000000
__CFG_CPB$OFF                                   (abs)        000000
__CFG_CPD$OFF                                   (abs)        000000
__CFG_DEBUG$OFF                                 (abs)        000000
__CFG_EBTR0$OFF                                 (abs)        000000
__CFG_EBTR1$OFF                                 (abs)        000000
__CFG_EBTR2$OFF                                 (abs)        000000
__CFG_EBTR3$OFF                                 (abs)        000000
__CFG_EBTRB$OFF                                 (abs)        000000
__CFG_FCMEN$OFF                                 (abs)        000000
__CFG_FOSC$INTIO67                              (abs)        000000
__CFG_HFOFST$ON                                 (abs)        000000
__CFG_IESO$OFF                                  (abs)        000000
__CFG_LVP$ON                                    (abs)        000000
__CFG_MCLRE$EXTMCLR                             (abs)        000000
__CFG_P2BMX$PORTB5                              (abs)        000000
__CFG_PBADEN$ON                                 (abs)        000000
__CFG_PLLCFG$OFF                                (abs)        000000
__CFG_PRICLKEN$ON                               (abs)        000000
__CFG_PWRTEN$OFF                                (abs)        000000
__CFG_STVREN$ON                                 (abs)        000000
__CFG_T3CMX$PORTC0                              (abs)        000000
__CFG_WDTEN$OFF                                 (abs)        000000
__CFG_WDTPS$32768                               (abs)        000000
__CFG_WRT0$OFF                                  (abs)        000000
__CFG_WRT1$OFF                                  (abs)        000000
__CFG_WRT2$OFF                                  (abs)        000000
__CFG_WRT3$OFF                                  (abs)        000000
__CFG_WRTB$OFF                                  (abs)        000000
__CFG_WRTC$OFF                                  (abs)        000000
__CFG_WRTD$OFF                                  (abs)        000000
__CFG_XINST$OFF                                 (abs)        000000
__HRAM                                          (abs)        000000
__Habs1                                         abs1         000000
__Hbank0                                        bank0        000000
__Hbank1                                        bank1        000000
__Hbank10                                       bank10       000000
__Hbank11                                       bank11       000000
__Hbank12                                       bank12       000000
__Hbank13                                       bank13       000000
__Hbank14                                       bank14       000000
__Hbank15                                       bank15       000000
__Hbank2                                        bank2        000000
__Hbank3                                        bank3        000000
__Hbank4                                        bank4        000000
__Hbank5                                        bank5        000000
__Hbank6                                        bank6        000000
__Hbank7                                        bank7        000000
__Hbank8                                        bank8        000000
__Hbank9                                        bank9        000000
__Hbigbss                                       bigbss       000000
__Hbigdata                                      bigdata      000000
__Hbigram                                       bigram       000000
__Hbss                                          bss          000000
__HbssBANK0                                     bssBANK0     000000
__HbssBANK1                                     bssBANK1     000000
__HbssBANK2                                     bssBANK2     000000
__Hcinit                                        cinit        000000
__Hclrtext                                      clrtext      000000
__Hcomram                                       comram       000000
__Hconfig                                       config       30000E
__Hconst                                        const        000000
__HcstackBANK0                                  cstackBANK0  000000
__HcstackBANK1                                  cstackBANK1  000000
__HcstackCOMRAM                                 cstackCOMRAM 000000
__Hdata                                         data         000000
__HdataBANK0                                    dataBANK0    000000
__HdataBANK1                                    dataBANK1    000000
__HdataBANK2                                    dataBANK2    000000
__Heeprom_data                                  eeprom_data  000000
__Hfarbss                                       farbss       000000
__Hfardata                                      fardata      000000
__Hibigdata                                     ibigdata     000000
__Hidata                                        idata        000000
__HidataBANK0                                   idataBANK0   000000
__HidataBANK1                                   idataBANK1   000000
__HidataBANK2                                   idataBANK2   000000
__Hidloc                                        idloc        200008
__Hifardata                                     ifardata     000000
__Hinit                                         init         0000C2
__Hintcode                                      intcode      0000BE
__Hintcode_body                                 intcode_body 000000
__Hintcodelo                                    intcodelo    0000BE
__Hintentry                                     intentry     000000
__Hintret                                       intret       000000
__Hintsave_regs                                 intsave_regs 000000
__Hirdata                                       irdata       000000
__Hmediumconst                                  mediumconst  000000
__HnvFARRAM                                     nvFARRAM     000000
__Hnvbit                                        nvbit        000000
__Hnvrram                                       nvrram       000000
__Hparam                                        rparam       000000
__Hpowerup                                      powerup      0000BE
__Hram                                          ram          000000
__Hramtop                                       ramtop       001000
__Hrbit                                         rbit         000000
__Hrbss                                         rbss         000000
__Hrdata                                        rdata        000000
__Hreset_vec                                    reset_vec    000004
__Hrparam                                       rparam       000000
__Hsfr                                          sfr          000000
__Hsmallconst                                   smallconst   0010FA
__Hspace_0                                      (abs)        30000E
__Hspace_1                                      (abs)        0002D7
__Hspace_2                                      (abs)        000000
__Hstack                                        stack        000000
__Hstruct                                       struct       000000
__Htemp                                         temp         000060
__Htext                                         text         000000
__Htext0                                        text0        000000
__Htext1                                        text1        000000
__Htext10                                       text10       000000
__Htext100                                      text100      000000
__Htext101                                      text101      000000
__Htext102                                      text102      000000
__Htext103                                      text103      000000
__Htext104                                      text104      000000
__Htext105                                      text105      000000
__Htext106                                      text106      000000
__Htext107                                      text107      000000
__Htext108                                      text108      000000
__Htext109                                      text109      000000
__Htext11                                       text11       000000
__Htext110                                      text110      000000
__Htext111                                      text111      000000
__Htext112                                      text112      000000
__Htext113                                      text113      000000
__Htext114                                      text114      000000
__Htext115                                      text115      000000
__Htext116                                      text116      000000
__Htext117                                      text117      000000
__Htext118                                      text118      000000
__Htext12                                       text12       000000
__Htext13                                       text13       000000
__Htext14                                       text14       000000
__Htext15                                       text15       000000
__Htext16                                       text16       000000
__Htext17                                       text17       000000
__Htext18                                       text18       000000
__Htext19                                       text19       000000
__Htext2                                        text2        000000
__Htext20                                       text20       000000
__Htext21                                       text21       000000
__Htext22                                       text22       000000
__Htext23                                       text23       000000
__Htext24                                       text24       000000
__Htext25                                       text25       000000
__Htext26                                       text26       000000
__Htext27                                       text27       000000
__Htext28                                       text28       000000
__Htext29                                       text29       000000
__Htext3                                        text3        000000
__Htext30                                       text30       000000
__Htext31                                       text31       000000
__Htext32                                       text32       000000
__Htext33                                       text33       000000
__Htext34                                       text34       000000
__Htext35                                       text35       000000
__Htext36                                       text36       000000
__Htext37                                       text37       000000
__Htext38                                       text38       000000
__Htext39                                       text39       000000
__Htext4                                        text4        000000
__Htext40                                       text40       000000
__Htext41                                       text41       000000
__Htext42                                       text42       000000
__Htext43                                       text43       000000
__Htext44                                       text44       000000
__Htext45                                       text45       000000
__Htext46                                       text46       000000
__Htext47                                       text47       000000
__Htext48                                       text48       000000
__Htext49                                       text49       000000
__Htext5                                        text5        000000
__Htext50                                       text50       000000
__Htext51                                       text51       000000
__Htext52                                       text52       000000
__Htext53                                       text53       000000
__Htext54                                       text54       000000
__Htext55                                       text55       000000
__Htext56                                       text56       000000
__Htext57                                       text57       000000
__Htext58                                       text58       000000
__Htext6                                        text6        000000
__Htext60                                       text60       000000
__Htext61                                       text61       000000
__Htext62                                       text62       000000
__Htext63                                       text63       000000
__Htext64                                       text64       000000
__Htext65                                       text65       000000
__Htext66                                       text66       000000
__Htext67                                       text67       000000
__Htext68                                       text68       000000
__Htext69                                       text69       000000
__Htext7                                        text7        000000
__Htext70                                       text70       000000
__Htext71                                       text71       000000
__Htext72                                       text72       000000
__Htext73                                       text73       000000
__Htext74                                       text74       000000
__Htext75                                       text75       000000
__Htext76                                       text76       000000
__Htext77                                       text77       000000
__Htext78                                       text78       000000
__Htext79                                       text79       000000
__Htext8                                        text8        000000
__Htext80                                       text80       000000
__Htext81                                       text81       000000
__Htext82                                       text82       000000
__Htext83                                       text83       000000
__Htext84                                       text84       000000
__Htext85                                       text85       000000
__Htext86                                       text86       000000
__Htext87                                       text87       000000
__Htext88                                       text88       000000
__Htext89                                       text89       000000
__Htext9                                        text9        000000
__Htext90                                       text90       000000
__Htext91                                       text91       000000
__Htext92                                       text92       000000
__Htext93                                       text93       000000
__Htext94                                       text94       000000
__Htext95                                       text95       000000
__Htext96                                       text96       000000
__Htext97                                       text97       000000
__Htext98                                       text98       000000
__Htext99                                       text99       000000
__LRAM                                          (abs)        000001
__Labs1                                         abs1         000000
__Lbank0                                        bank0        000000
__Lbank1                                        bank1        000000
__Lbank10                                       bank10       000000
__Lbank11                                       bank11       000000
__Lbank12                                       bank12       000000
__Lbank13                                       bank13       000000
__Lbank14                                       bank14       000000
__Lbank15                                       bank15       000000
__Lbank2                                        bank2        000000
__Lbank3                                        bank3        000000
__Lbank4                                        bank4        000000
__Lbank5                                        bank5        000000
__Lbank6                                        bank6        000000
__Lbank7                                        bank7        000000
__Lbank8                                        bank8        000000
__Lbank9                                        bank9        000000
__Lbigbss                                       bigbss       000000
__Lbigdata                                      bigdata      000000
__Lbigram                                       bigram       000000
__Lbss                                          bss          000000
__LbssBANK0                                     bssBANK0     000000
__LbssBANK1                                     bssBANK1     000000
__LbssBANK2                                     bssBANK2     000000
__Lcinit                                        cinit        000000
__Lclrtext                                      clrtext      000000
__Lcomram                                       comram       000000
__Lconfig                                       config       300000
__Lconst                                        const        000000
__LcstackBANK0                                  cstackBANK0  000000
__LcstackBANK1                                  cstackBANK1  000000
__LcstackCOMRAM                                 cstackCOMRAM 000000
__Ldata                                         data         000000
__LdataBANK0                                    dataBANK0    000000
__LdataBANK1                                    dataBANK1    000000
__LdataBANK2                                    dataBANK2    000000
__Leeprom_data                                  eeprom_data  000000
__Lfarbss                                       farbss       000000
__Lfardata                                      fardata      000000
__Libigdata                                     ibigdata     000000
__Lidata                                        idata        000000
__LidataBANK0                                   idataBANK0   000000
__LidataBANK1                                   idataBANK1   000000
__LidataBANK2                                   idataBANK2   000000
__Lidloc                                        idloc        200000
__Lifardata                                     ifardata     000000
__Linit                                         init         0000BE
__Lintcode                                      intcode      000008
__Lintcode_body                                 intcode_body 000000
__Lintcodelo                                    intcodelo    0000BE
__Lintentry                                     intentry     000000
__Lintret                                       intret       000000
__Lintsave_regs                                 intsave_regs 000000
__Lirdata                                       irdata       000000
__Lmediumconst                                  mediumconst  000000
__LnvFARRAM                                     nvFARRAM     000000
__Lnvbit                                        nvbit        000000
__Lnvrram                                       nvrram       000000
__Lparam                                        rparam       000000
__Lpowerup                                      powerup      0000BE
__Lram                                          ram          000000
__Lramtop                                       ramtop       001000
__Lrbit                                         rbit         000000
__Lrbss                                         rbss         000000
__Lrdata                                        rdata        000000
__Lreset_vec                                    reset_vec    000000
__Lrparam                                       rparam       000000
__Lsfr                                          sfr          000000
__Lsmallconst                                   smallconst   001000
__Lspace_0                                      (abs)        000000
__Lspace_1                                      (abs)        000000
__Lspace_2                                      (abs)        000000
__Lstack                                        stack        000000
__Lstruct                                       struct       000000
__Ltemp                                         temp         00005F
__Ltext                                         text         000000
__Ltext0                                        text0        000000
__Ltext1                                        text1        000000
__Ltext10                                       text10       000000
__Ltext100                                      text100      000000
__Ltext101                                      text101      000000
__Ltext102                                      text102      000000
__Ltext103                                      text103      000000
__Ltext104                                      text104      000000
__Ltext105                                      text105      000000
__Ltext106                                      text106      000000
__Ltext107                                      text107      000000
__Ltext108                                      text108      000000
__Ltext109                                      text109      000000
__Ltext11                                       text11       000000
__Ltext110                                      text110      000000
__Ltext111                                      text111      000000
__Ltext112                                      text112      000000
__Ltext113                                      text113      000000
__Ltext114                                      text114      000000
__Ltext115                                      text115      000000
__Ltext116                                      text116      000000
__Ltext117                                      text117      000000
__Ltext118                                      text118      000000
__Ltext12                                       text12       000000
__Ltext13                                       text13       000000
__Ltext14                                       text14       000000
__Ltext15                                       text15       000000
__Ltext16                                       text16       000000
__Ltext17                                       text17       000000
__Ltext18                                       text18       000000
__Ltext19                                       text19       000000
__Ltext2                                        text2        000000
__Ltext20                                       text20       000000
__Ltext21                                       text21       000000
__Ltext22                                       text22       000000
__Ltext23                                       text23       000000
__Ltext24                                       text24       000000
__Ltext25                                       text25       000000
__Ltext26                                       text26       000000
__Ltext27                                       text27       000000
__Ltext28                                       text28       000000
__Ltext29                                       text29       000000
__Ltext3                                        text3        000000
__Ltext30                                       text30       000000
__Ltext31                                       text31       000000
__Ltext32                                       text32       000000
__Ltext33                                       text33       000000
__Ltext34                                       text34       000000
__Ltext35                                       text35       000000
__Ltext36                                       text36       000000
__Ltext37                                       text37       000000
__Ltext38                                       text38       000000
__Ltext39                                       text39       000000
__Ltext4                                        text4        000000
__Ltext40                                       text40       000000
__Ltext41                                       text41       000000
__Ltext42                                       text42       000000
__Ltext43                                       text43       000000
__Ltext44                                       text44       000000
__Ltext45                                       text45       000000
__Ltext46                                       text46       000000
__Ltext47                                       text47       000000
__Ltext48                                       text48       000000
__Ltext49                                       text49       000000
__Ltext5                                        text5        000000
__Ltext50                                       text50       000000
__Ltext51                                       text51       000000
__Ltext52                                       text52       000000
__Ltext53                                       text53       000000
__Ltext54                                       text54       000000
__Ltext55                                       text55       000000
__Ltext56                                       text56       000000
__Ltext57                                       text57       000000
__Ltext58                                       text58       000000
__Ltext6                                        text6        000000
__Ltext60                                       text60       000000
__Ltext61                                       text61       000000
__Ltext62                                       text62       000000
__Ltext63                                       text63       000000
__Ltext64                                       text64       000000
__Ltext65                                       text65       000000
__Ltext66                                       text66       000000
__Ltext67                                       text67       000000
__Ltext68                                       text68       000000
__Ltext69                                       text69       000000
__Ltext7                                        text7        000000
__Ltext70                                       text70       000000
__Ltext71                                       text71       000000
__Ltext72                                       text72       000000
__Ltext73                                       text73       000000
__Ltext74                                       text74       000000
__Ltext75                                       text75       000000
__Ltext76                                       text76       000000
__Ltext77                                       text77       000000
__Ltext78                                       text78       000000
__Ltext79                                       text79       000000
__Ltext8                                        text8        000000
__Ltext80                                       text80       000000
__Ltext81                                       text81       000000
__Ltext82                                       text82       000000
__Ltext83                                       text83       000000
__Ltext84                                       text84       000000
__Ltext85                                       text85       000000
__Ltext86                                       text86       000000
__Ltext87                                       text87       000000
__Ltext88                                       text88       000000
__Ltext89                                       text89       000000
__Ltext9                                        text9        000000
__Ltext90                                       text90       000000
__Ltext91                                       text91       000000
__Ltext92                                       text92       000000
__Ltext93                                       text93       000000
__Ltext94                                       text94       000000
__Ltext95                                       text95       000000
__Ltext96                                       text96       000000
__Ltext97                                       text97       000000
__Ltext98                                       text98       000000
__Ltext99                                       text99       000000
__S0                                            (abs)        30000E
__S1                                            (abs)        0002D7
__S2                                            (abs)        000000
___aodiv                                        text39       004B44
___aodiv@counter                                cstackBANK1  000110
___aodiv@dividend                               cstackBANK1  000100
___aodiv@divisor                                cstackBANK1  000108
___aodiv@quotient                               cstackBANK1  000112
___aodiv@sign                                   cstackBANK1  000111
___aomod                                        text38       0052CA
___aomod@counter                                cstackBANK1  000110
___aomod@dividend                               cstackBANK1  000100
___aomod@divisor                                cstackBANK1  000108
___aomod@sign                                   cstackBANK1  000111
___awdiv                                        text29       006854
___awdiv@counter                                cstackBANK1  000104
___awdiv@dividend                               cstackBANK1  000100
___awdiv@divisor                                cstackBANK1  000102
___awdiv@quotient                               cstackBANK1  000106
___awdiv@sign                                   cstackBANK1  000105
___awmod                                        text28       006A5E
___awmod@counter                                cstackBANK1  000104
___awmod@dividend                               cstackBANK1  000100
___awmod@divisor                                cstackBANK1  000102
___awmod@sign                                   cstackBANK1  000105
___fladd                                        text22       0033B2
___fladd@a                                      cstackBANK1  000104
___fladd@aexp                                   cstackBANK1  00010D
___fladd@b                                      cstackBANK1  000100
___fladd@bexp                                   cstackBANK1  00010E
___fladd@grs                                    cstackBANK1  00010F
___fladd@signs                                  cstackBANK1  00010C
___fldiv                                        text27       0039CC
___fldiv@a                                      cstackBANK1  000104
___fldiv@aexp                                   cstackBANK1  000118
___fldiv@b                                      cstackBANK1  000100
___fldiv@bexp                                   cstackBANK1  000117
___fldiv@grs                                    cstackBANK1  000113
___fldiv@new_exp                                cstackBANK1  000111
___fldiv@rem                                    cstackBANK1  00010C
___fldiv@sign                                   cstackBANK1  000110
___fleq                                         text26       00673E
___fleq@ff1                                     cstackBANK1  000100
___fleq@ff2                                     cstackBANK1  000104
___flge                                         text25       00599A
___flge@ff1                                     cstackBANK1  000133
___flge@ff2                                     cstackBANK1  000137
___flmul                                        text24       002D0C
___flmul@a                                      cstackBANK1  00011E
___flmul@aexp                                   cstackBANK1  00012B
___flmul@b                                      cstackBANK1  00011A
___flmul@bexp                                   cstackBANK1  00012C
___flmul@grs                                    cstackBANK1  000127
___flmul@prod                                   cstackBANK1  00012D
___flmul@sign                                   cstackBANK1  000126
___flmul@temp                                   cstackBANK1  000131
___flneg                                        text23       007190
___flneg@f1                                     cstackBANK1  000100
___flsub                                        text21       006EA4
___flsub@a                                      cstackBANK1  000137
___flsub@b                                      cstackBANK1  000133
___fltol                                        text20       005CD6
___fltol@exp1                                   cstackBANK1  000109
___fltol@f1                                     cstackBANK1  000100
___fltol@sign1                                  cstackBANK1  000108
___fpclassifyf                                  text19       005B3C
___fpclassifyf@F463                             bssBANK1     0001D7
___fpclassifyf@e                                cstackBANK1  000108
___fpclassifyf@u                                cstackBANK1  00010A
___fpclassifyf@x                                cstackBANK1  000100
___inthi_sp                                     stack        000000
___intlo_sp                                     stack        000000
___lmul                                         text6        006BB0
___lmul@multiplicand                            cstackBANK1  000104
___lmul@multiplier                              cstackBANK1  000100
___lmul@product                                 cstackBANK1  000108
___param_bank                                   (abs)        000000
___rparam_used                                  (abs)        000001
___sp                                           stack        000000
___wmul                                         text43       007324
___wmul@multiplicand                            cstackBANK1  000102
___wmul@multiplier                              cstackBANK1  000100
___wmul@product                                 cstackBANK1  000104
___xxtofl                                       text5        004F20
___xxtofl@arg                                   cstackBANK1  000116
[...]
      Params:         0       0       0       0       0       0       0       0       0       0       0       0       0       0       0       0       0
      Locals:         0       0       0       0       0       0       0       0       0       0       0       0       0       0       0       0       0
      Temps:          0       0       0       0       0       0       0       0       0       0       0       0       0       0       0       0       0
      Totals:         0       0       0       0       0       0       0       0       0       0       0       0       0       0       0       0       0
Total ram usage:        0 bytes
 Hardware stack levels used:    1
 This function calls:
		Nothing
 This function is called by:
		_EUSART1_Initialize
		_INTERRUPT_InterruptManager
 This function uses a non-reentrant model


 *************** function _EUSART1_Receive_ISR *****************
 Defined at:
		line 225 in file "mcc_generated_files/eusart1.c"
 Parameters:    Size  Location     Type
		None
 Auto vars:     Size  Location     Type
		None
 Return value:  Size  Location     Type
                  1    wreg      void 
 Registers used:
		wreg, fsr2l, fsr2h, status,2, status,0, pclath, tosl, cstack
 Tracked objects:
		On entry : 
		On exit  : 
		Unchanged: 
 Data sizes:     COMRAM   BANK0   BANK1   BANK2   BANK3   BANK4   BANK5   BANK6   BANK7   BANK8   BANK9  BANK10  BANK11  BANK12  BANK13  BANK14  BANK15
      Params:         0       0       0       0       0       0       0       0       0       0       0       0       0       0       0       0       0
      Locals:         0       0       0       0       0       0       0       0       0       0       0       0       0       0       0       0       0
      Temps:          0       0       0       0       0       0       0       0       0       0       0       0       0       0       0       0       0
      Totals:         0       0       0       0       0       0       0       0       0       0       0       0       0       0       0       0       0
Total ram usage:        0 bytes
 Hardware stack levels used:    1
 Hardware stack levels required when called:    2
 This function calls:
		Absolute function
		_EUSART1_DefaultErrorHandler
		_EUSART1_DefaultFramingErrorHandler
		_EUSART1_DefaultOverrunErrorHandler
		_EUSART1_RxDataHandler
 This function is called by:
		_EUSART1_Initialize
		_INTERRUPT_InterruptManager
 This function uses a non-reentrant model


 *************** function _EUSART1_DefaultOverrunErrorHandler *****************
 Defined at:
		line 261 in file "mcc_generated_files/eusart1.c"
 Parameters:    Size  Location     Type
		None
 Auto vars:     Size  Location     Type
		None
 Return value:  Size  Location     Type
                  1    wreg      void 
 Registers used:
		None
 Tracked objects:
		On entry : 
		On exit  : 
		Unchanged: 
 Data sizes:     COMRAM   BANK0   BANK1   BANK2   BANK3   BANK4   BANK5   BANK6   BANK7   BANK8   BANK9  BANK10  BANK11  BANK12  BANK13  BANK14  BANK15
      Params:         0       0       0       0       0       0       0       0       0       0       0       0       0       0       0       0       0
      Locals:         0       0       0       0       0       0       0       0       0       0       0       0       0       0       0       0       0
      Temps:          0       0       0       0       0       0       0       0       0       0       0       0       0       0       0       0       0
      Totals:         0       0       0       0       0       0       0       0       0       0       0       0       0       0       0       0       0
Total ram usage:        0 bytes
 Hardware stack levels used:    1
 This function calls:
		Nothing
 This function is called by:
		_EUSART1_Initialize
		_EUSART1_Receive_ISR
 This function uses a non-reentrant model


 *************** function _EUSART1_DefaultFramingErrorHandler *****************
 Defined at:
		line 259 in file "mcc_generated_files/eusart1.c"
 Parameters:    Size  Location     Type
		None
 Auto vars:     Size  Location     Type
		None
 Return value:  Size  Location     Type
                  1    wreg      void 
 Registers used:
		None
 Tracked objects:
		On entry : 
		On exit  : 
		Unchanged: 
 Data sizes:     COMRAM   BANK0   BANK1   BANK2   BANK3   BANK4   BANK5   BANK6   BANK7   BANK8   BANK9  BANK10  BANK11  BANK12  BANK13  BANK14  BANK15
      Params:         0       0       0       0       0       0       0       0       0       0       0       0       0       0       0       0       0
      Locals:         0       0       0       0       0       0       0       0       0       0       0       0       0       0       0       0       0
      Temps:          0       0       0       0       0       0       0       0       0       0       0       0       0       0       0       0       0
      Totals:         0       0       0       0       0       0       0       0       0       0       0       0       0       0       0       0       0
Total ram usage:        0 bytes
 Hardware stack levels used:    1
 This function calls:
		Nothing
 This function is called by:
		_EUSART1_Initialize
		_EUSART1_Receive_ISR
 This function uses a non-reentrant model


 *************** function _EUSART1_DefaultErrorHandler *****************
 Defined at:
		line 269 in file "mcc_generated_files/eusart1.c"
 Parameters:    Size  Location     Type
		None
 Auto vars:     Size  Location     Type
		None
 Return value:  Size  Location     Type
                  1    wreg      void 
 Registers used:
		wreg, fsr2l, fsr2h, status,2, status,0, cstack
 Tracked objects:
		On entry : 
		On exit  : 
		Unchanged: 
 Data sizes:     COMRAM   BANK0   BANK1   BANK2   BANK3   BANK4   BANK5   BANK6   BANK7   BANK8   BANK9  BANK10  BANK11  BANK12  BANK13  BANK14  BANK15
      Params:         0       0       0       0       0       0       0       0       0       0       0       0       0       0       0       0       0
      Locals:         0       0       0       0       0       0       0       0       0       0       0       0       0       0       0       0       0
      Temps:          0       0       0       0       0       0       0       0       0       0       0       0       0       0       0       0       0
      Totals:         0       0       0       0       0       0       0       0       0       0       0       0       0       0       0       0       0
Total ram usage:        0 bytes
 Hardware stack levels used:    1
 Hardware stack levels required when called:    1
 This function calls:
		_EUSART1_RxDataHandler
 This function is called by:
		_EUSART1_Initialize
		_EUSART1_Receive_ISR
 This function uses a non-reentrant model


 *************** function _EUSART1_RxDataHandler *****************
 Defined at:
		line 249 in file "mcc_generated_files/eusart1.c"
 Parameters:    Size  Location     Type
		None
 Auto vars:     Size  Location     Type
		None
 Return value:  Size  Location     Type
                  1    wreg      void 
 Registers used:
		wreg, fsr2l, fsr2h, status,2, status,0
 Tracked objects:
		On entry : 
		On exit  : 
		Unchanged: 
 Data sizes:     COMRAM   BANK0   BANK1   BANK2   BANK3   BANK4   BANK5   BANK6   BANK7   BANK8   BANK9  BANK10  BANK11  BANK12  BANK13  BANK14  BANK15
      Params:         0       0       0       0       0       0       0       0       0       0       0       0       0       0       0       0       0
      Locals:         0       0       0       0       0       0       0       0       0       0       0       0       0       0       0       0       0
      Temps:          0       0       0       0       0       0       0       0       0       0       0       0       0       0       0       0       0
      Totals:         0       0       0       0       0       0       0       0       0       0       0       0       0       0       0       0       0
Total ram usage:        0 bytes
 Hardware stack levels used:    1
 This function calls:
		Nothing
 This function is called by:
		_EUSART1_Receive_ISR
		_EUSART1_DefaultErrorHandler
 This function uses a non-reentrant model



MODULE INFORMATION

Module		Function		Class		Link	Load	Size
C:\Program Files (x86)\Microchip\xc8\v2.05\pic\sources\c99\common\Umul32.c
		___lmul        		CODE           	6BB0	0000	89

C:\Program Files (x86)\Microchip\xc8\v2.05\pic\sources\c99\common\Umul32.c estimated size: 89

C:\Program Files (x86)\Microchip\xc8\v2.05\pic\sources\c99\common\awmod.c
		___awmod       		CODE           	6A5E	0000	115

C:\Program Files (x86)\Microchip\xc8\v2.05\pic\sources\c99\common\awmod.c estimated size: 115

C:\Program Files (x86)\Microchip\xc8\v2.05\pic\sources\c99\common\printf.c
		_printf        		CODE           	72FC	0000	41

C:\Program Files (x86)\Microchip\xc8\v2.05\pic\sources\c99\common\printf.c estimated size: 41

C:\Program Files (x86)\Microchip\xc8\v2.05\pic\sources\c99\common\__fpclassifyf.c
		___fpclassifyf 		CODE           	5B3C	0000	207

C:\Program Files (x86)\Microchip\xc8\v2.05\pic\sources\c99\common\__fpclassifyf.c estimated size: 207

mcc_generated_files/tmr4.c
		_TMR4_ISR      		CODE           	73BE	0000	37
		_TMR4_Initialize		CODE           	739A	0000	37
		_TMR4_SetInterruptHandler		CODE           	750A	0000	11
		_TMR4_DefaultInterruptHandler		CODE           	7570	0000	3
		_TMR4_CallBack 		CODE           	7448	0000	33

mcc_generated_files/tmr4.c estimated size: 121

C:\Program Files (x86)\Microchip\xc8\v2.05\pic\sources\c99\common\floorf.c
		_floorf        		CODE           	436E	0000	443

C:\Program Files (x86)\Microchip\xc8\v2.05\pic\sources\c99\common\floorf.c estimated size: 443

mcc_generated_files/tmr2.c
		_TMR2_ISR      		CODE           	73E2	0000	37
		_TMR2_Initialize		CODE           	7428	0000	33
		_TMR2_SetInterruptHandler		CODE           	7514	0000	11
		_TMR2_DefaultInterruptHandler		CODE           	7572	0000	3
		_TMR2_CallBack 		CODE           	7468	0000	33

mcc_generated_files/tmr2.c estimated size: 117

mcc_generated_files/interrupt_manager.c
		_INTERRUPT_Initialize		CODE           	756A	0000	5
		_INTERRUPT_InterruptManager		CODE           	0008	0000	183

mcc_generated_files/interrupt_manager.c estimated size: 188

C:\Program Files (x86)\Microchip\xc8\v2.05\pic\sources\c99\common\flge.c
		___flge        		CODE           	599A	0000	211

C:\Program Files (x86)\Microchip\xc8\v2.05\pic\sources\c99\common\flge.c estimated size: 211

C:\Program Files (x86)\Microchip\xc8\v2.05\pic\sources\c99\common\nf_fputc.c
		_fputc         		CODE           	626A	0000	163

C:\Program Files (x86)\Microchip\xc8\v2.05\pic\sources\c99\common\nf_fputc.c estimated size: 163

mcc_generated_files/pin_manager.c
		_PIN_MANAGER_Initialize		CODE           	72A8	0000	43

mcc_generated_files/pin_manager.c estimated size: 43

C:\Program Files (x86)\Microchip\xc8\v2.05\pic\sources\c99\common\aodiv.c
		___aodiv       		CODE           	4B44	0000	331

C:\Program Files (x86)\Microchip\xc8\v2.05\pic\sources\c99\common\aodiv.c estimated size: 331

C:\Program Files (x86)\Microchip\xc8\v2.05\pic\sources\c99\common\xxtofl.c
		___xxtofl      		CODE           	4F20	0000	325

C:\Program Files (x86)\Microchip\xc8\v2.05\pic\sources\c99\common\xxtofl.c estimated size: 325

C:\Program Files (x86)\Microchip\xc8\v2.05\pic\sources\c99\common\isupper.c
		_isupper       		CODE           	70CA	0000	51

C:\Program Files (x86)\Microchip\xc8\v2.05\pic\sources\c99\common\isupper.c estimated size: 51

C:\Program Files (x86)\Microchip\xc8\v2.05\pic\sources\c99\common\strlen.c
		_strlen        		CODE           	7220	0000	47

C:\Program Files (x86)\Microchip\xc8\v2.05\pic\sources\c99\common\strlen.c estimated size: 47

C:\Program Files (x86)\Microchip\xc8\v2.05\pic\sources\c99\common\strcpy.c
		_strcpy        		CODE           	6CB8	0000	87

C:\Program Files (x86)\Microchip\xc8\v2.05\pic\sources\c99\common\strcpy.c estimated size: 87

C:\Program Files (x86)\Microchip\xc8\v2.05\pic\sources\c99\common\isspace.c
		_isspace       		CODE           	6F32	0000	65

C:\Program Files (x86)\Microchip\xc8\v2.05\pic\sources\c99\common\isspace.c estimated size: 65

C:\Program Files (x86)\Microchip\xc8\v2.05\pic\sources\c99\common\awdiv.c
		___awdiv       		CODE           	6854	0000	135

C:\Program Files (x86)\Microchip\xc8\v2.05\pic\sources\c99\common\awdiv.c estimated size: 135

C:\Program Files (x86)\Microchip\xc8\v2.05\pic\sources\c99\common\fltol.c
		___fltol       		CODE           	5CD6	0000	189

C:\Program Files (x86)\Microchip\xc8\v2.05\pic\sources\c99\common\fltol.c estimated size: 189

C:\Program Files (x86)\Microchip\xc8\v2.05\pic\sources\c99\common\strncmp.c
		_strncmp       		CODE           	6072	0000	171

C:\Program Files (x86)\Microchip\xc8\v2.05\pic\sources\c99\common\strncmp.c estimated size: 171

C:\Program Files (x86)\Microchip\xc8\v2.05\pic\sources\c99\common\tolower.c
		_tolower       		CODE           	6E0A	0000	79

C:\Program Files (x86)\Microchip\xc8\v2.05\pic\sources\c99\common\tolower.c estimated size: 79

C:\Program Files (x86)\Microchip\xc8\v2.05\pic\sources\c99\common\sprcmul.c
		___flmul       		CODE           	2D0C	0000	853

C:\Program Files (x86)\Microchip\xc8\v2.05\pic\sources\c99\common\sprcmul.c estimated size: 853

C:\Program Files (x86)\Microchip\xc8\v2.05\pic\sources\c99\common\sprcdiv.c
		___fldiv       		CODE           	39CC	0000	651

C:\Program Files (x86)\Microchip\xc8\v2.05\pic\sources\c99\common\sprcdiv.c estimated size: 651

C:\Program Files (x86)\Microchip\xc8\v2.05\pic\sources\c99\common\doprnt.c
		_vfpfcnvrt     		CODE           	2410	0000	1153
		_efgtoa        		CODE           	1A8E	0000	2435
		_pad           		CODE           	63AC	0000	159
		_dtoa          		CODE           	3EDE	0000	585
		_vfprintf      		CODE           	6C08	0000	89

C:\Program Files (x86)\Microchip\xc8\v2.05\pic\sources\c99\common\doprnt.c estimated size: 4421

shared
		i2_printf      		CODE           	734C	0000	41
		i2_vfpfcnvrt   		CODE           	2890	0000	1149
		i2_pad         		CODE           	64E6	0000	155
		i2_atoi        		CODE           	4C8E	0000	331
		i2_abs         		CODE           	712E	0000	51
		i2_floorf      		CODE           	4528	0000	439
		i2_ReadTemperature		CODE           	575A	0000	289
		i2_putch       		CODE           	7550	0000	11
		i2___fleq      		CODE           	67CA	0000	139
		i2_isspace     		CODE           	6F72	0000	63
		i2_strncmp     		CODE           	611C	0000	169
		i2_vfprintf    		CODE           	6C60	0000	89
		i2_isdigit     		CODE           	71F0	0000	49
		i2___flneg     		CODE           	724E	0000	47
		i2_strcpy      		CODE           	6D64	0000	85
		i2___awdiv     		CODE           	68DA	0000	133
		i2___fladd     		CODE           	36C0	0000	781
		i2___wmul      		CODE           	7374	0000	39
		i2_I2cReadSerial		CODE           	6580	0000	155
		i2_dtoa        		CODE           	4126	0000	585
		i2___fldiv     		CODE           	3C56	0000	649
		i2___fltol     		CODE           	5F08	0000	187
		__initialization		CODE           	695E	0000	119
		i2___flge      		CODE           	5A6C	0000	209
		i2___lmul      		CODE           	6D0E	0000	87
		i2___awmod     		CODE           	6B40	0000	113
		i2_EUSART1_Write		CODE           	705E	0000	57
		i2___aodiv     		CODE           	4DD8	0000	329
		i2_I2cWriteSerial		CODE           	66AC	0000	147
		i2___flmul     		CODE           	3060	0000	851
		i2___xxtofl    		CODE           	5064	0000	321
		i2___fpclassifyf		CODE           	5C0A	0000	205
		i2___flsub     		CODE           	6EEC	0000	71
		i2_efgtoa      		CODE           	10FA	0000	2453
		i2_isupper     		CODE           	71C0	0000	49
		i2___aomod     		CODE           	5514	0000	293
		i2_ReadHumidity		CODE           	587A	0000	289
		i2_fputc       		CODE           	630C	0000	161
		i2_fputs       		CODE           	7026	0000	57
		i2_strlen      		CODE           	72D2	0000	43
		i2_tolower     		CODE           	6E58	0000	77

shared estimated size: 11567

mcc_generated_files/eusart1.c
		_EUSART1_SetRxInterruptHandler		CODE           	7528	0000	11
		_EUSART1_SetTxInterruptHandler		CODE           	751E	0000	11
		_EUSART1_Initialize		CODE           	69DE	0000	129
		_putch         		CODE           	74FC	0000	15
		_EUSART1_DefaultErrorHandler		CODE           	7560	0000	7
		_EUSART1_SetFramingErrorHandler		CODE           	753C	0000	11
		_EUSART1_SetOverrunErrorHandler		CODE           	7532	0000	11
		_EUSART1_SetErrorHandler		CODE           	7546	0000	11
		_EUSART1_Write 		CODE           	6FEC	0000	59
		_EUSART1_Receive_ISR		CODE           	644A	0000	157
		_EUSART1_RxDataHandler		CODE           	7406	0000	35
		_EUSART1_DefaultOverrunErrorHandler		CODE           	755A	0000	7
		_EUSART1_Transmit_ISR		CODE           	727C	0000	45
		_EUSART1_DefaultFramingErrorHandler		CODE           	7574	0000	3

mcc_generated_files/eusart1.c estimated size: 512

mcc_generated_files/mcc.c
		_OSCILLATOR_Initialize		CODE           	74D8	0000	19
		_SYSTEM_Initialize		CODE           	74A6	0000	27

mcc_generated_files/mcc.c estimated size: 46

C:\Program Files (x86)\Microchip\xc8\v2.05\pic\sources\c99\common\nf_sprintf.c
		_sprintf       		CODE           	6DB8	0000	83

C:\Program Files (x86)\Microchip\xc8\v2.05\pic\sources\c99\common\nf_sprintf.c estimated size: 83

C:\Program Files (x86)\Microchip\xc8\v2.05\pic\sources\c99\common\Umul16.c
		___wmul        		CODE           	7324	0000	41

C:\Program Files (x86)\Microchip\xc8\v2.05\pic\sources\c99\common\Umul16.c estimated size: 41

C:\Program Files (x86)\Microchip\xc8\v2.05\pic\sources\c99\common\atoi.c
		_atoi          		CODE           	49F6	0000	335

C:\Program Files (x86)\Microchip\xc8\v2.05\pic\sources\c99\common\atoi.c estimated size: 335

C:\Program Files (x86)\Microchip\xc8\v2.05\pic\sources\c99\common\fleq.c
		___fleq        		CODE           	673E	0000	141

C:\Program Files (x86)\Microchip\xc8\v2.05\pic\sources\c99\common\fleq.c estimated size: 141

C:\Program Files (x86)\Microchip\xc8\v2.05\pic\sources\c99\common\abs.c
		_abs           		CODE           	7096	0000	53

C:\Program Files (x86)\Microchip\xc8\v2.05\pic\sources\c99\common\abs.c estimated size: 53

C:\Program Files (x86)\Microchip\xc8\v2.05\pic\sources\c99\common\nf_fputs.c
		_fputs         		CODE           	6FB0	0000	61

C:\Program Files (x86)\Microchip\xc8\v2.05\pic\sources\c99\common\nf_fputs.c estimated size: 61

C:\Program Files (x86)\Microchip\xc8\v2.05\pic\sources\c99\common\flneg.c
		___flneg       		CODE           	7190	0000	49

C:\Program Files (x86)\Microchip\xc8\v2.05\pic\sources\c99\common\flneg.c estimated size: 49

main.c
		_DisplaySetCursor		CODE           	7160	0000	49
		_Timer2Interrupt		CODE           	74EA	0000	19
		_main          		CODE           	5FC2	0000	177
		_I2cWriteSerial		CODE           	661A	0000	147
		_ConvertByteArrayToFloat		CODE           	5D92	0000	189
		_I2c_init      		CODE           	74C0	0000	25
		_WriteTempHumidToDisplay		CODE           	51A4	0000	295
		_ReadHumidity  		CODE           	5638	0000	291
		_ReadTemperature		CODE           	53F0	0000	293
		_VerifyLogging 		CODE           	6AD0	0000	113
		_ConvertFloatToByteArray		CODE           	5E4E	0000	187
		_LogData       		CODE           	46DE	0000	421
		_I2cReadSerial 		CODE           	61C4	0000	167
		_Timer4Interrupt		CODE           	4882	0000	373

main.c estimated size: 2746

C:\Program Files (x86)\Microchip\xc8\v2.05\pic\sources\c99\common\isdigit.c
		_isdigit       		CODE           	70FC	0000	51

C:\Program Files (x86)\Microchip\xc8\v2.05\pic\sources\c99\common\isdigit.c estimated size: 51

C:\Program Files (x86)\Microchip\xc8\v2.05\pic\sources\c99\common\sprcadd.c
		___flsub       		CODE           	6EA4	0000	73
		___fladd       		CODE           	33B2	0000	783

C:\Program Files (x86)\Microchip\xc8\v2.05\pic\sources\c99\common\sprcadd.c estimated size: 856

C:\Program Files (x86)\Microchip\xc8\v2.05\pic\sources\c99\common\aomod.c
		___aomod       		CODE           	52CA	0000	295

C:\Program Files (x86)\Microchip\xc8\v2.05\pic\sources\c99\common\aomod.c estimated size: 295

