Microchip MPLAB XC8 Compiler V2.32

Linker command line:

-W-3 --edf=C:\Program Files\Microchip\xc8\v2.32\pic\dat\en_msgs.txt -cn \
  -h+dist/default/production\i2c_tc74_com.X.production.sym \
  --cmf=dist/default/production\i2c_tc74_com.X.production.cmf -z -Q18F26K22 \
  -oC:\Users\karst\AppData\Local\Temp\xcAs16k.4 --defsym=__MPLAB_BUILD=1 \
  -Mdist/default/production/i2c_tc74_com.X.production.map -E1 \
  -ver=XC8 Compiler --acfsm=1493 -ASTACK=0180h-0F37h -pstack=STACK \
  -ACODE=00h-0FFFFh -ACONST=00h-0FFFFh -ASMALLCONST=01000h-010FFhx240 \
  -AMEDIUMCONST=01000h-0FFFFh -ACOMRAM=01h-05Fh -AABS1=00h-0F37h \
  -ABIGRAM=01h-0F37h -ARAM=060h-0FFh,0100h-01FFhx14,0F00h-0F37h \
  -ABANK0=060h-0FFh -ABANK1=0100h-01FFh -ABANK2=0200h-02FFh \
  -ABANK3=0300h-03FFh -ABANK4=0400h-04FFh -ABANK5=0500h-05FFh \
  -ABANK6=0600h-06FFh -ABANK7=0700h-07FFh -ABANK8=0800h-08FFh \
  -ABANK9=0900h-09FFh -ABANK10=0A00h-0AFFh -ABANK11=0B00h-0BFFh \
  -ABANK12=0C00h-0CFFh -ABANK13=0D00h-0DFFh -ABANK14=0E00h-0EFFh \
  -ABANK15=0F00h-0F37h -ASFR=0F38h-0F5Fh,0F60h-0FFFh \
  -ACONFIG=0300000h-030000Dh -AIDLOC=0200000h-0200007h \
  -AEEDATA=0F00000h-0F003FFh -peeprom_data=EEDATA \
  -preset_vec=00h,intcode=08h,intcodelo,powerup,init -pramtop=01000h \
  -psmallconst=SMALLCONST -pmediumconst=MEDIUMCONST -pconst=CONST \
  -AFARRAM=00h-00h \
  -prdata=COMRAM,nvrram=COMRAM,nvbit=COMRAM,rbss=COMRAM,rbit=COMRAM \
  -pfarbss=FARRAM,fardata=FARRAM,nvFARRAM=FARRAM \
  -pintsave_regs=BIGRAM,bigbss=BIGRAM,bigdata=BIGRAM -pbss=RAM \
  -pidata=CODE,irdata=CODE,ibigdata=CODE,ifardata=CODE -prparam=COMRAM \
  C:\Users\karst\AppData\Local\Temp\xcAs16k.o \
  dist/default/production\i2c_tc74_com.X.production.o 

Object code version is 3.11

Machine type is 18F26K22



                Name                               Link     Load   Length Selector   Space Scale
C:\Users\karst\AppData\Local\Temp\xcAs16k.o
                idloc                            200000   200000        8        0       5
                config                           300000   300000        E        0       4
                init                                 B0       B0        4        4       0
                reset_vec                             0        0        4        0       0
dist/default/production\i2c_tc74_com.X.production.o
                intcode                               8        8       A8        4       0
                idloc                            200000   200000        8        0       5
                config                           300000   300000        E        0       4
                temp                                 5B       5B        1        1       1
                smallconst                         1000     1000       8E      800       0
                text43                             277A     277A       2C      847       0
                text42                             28F8     28F8        6      847       0
                text41                             2902     2902        2      847       0
                text40                             28F2     28F2        6      847       0
                text39                             2230     2230       BC      847       0
                text38                             25A8     25A8       42      847       0
                text36                             28E8     28E8        A      847       0
                text35                             28DE     28DE        A      847       0
                text34                             28D4     28D4        A      847       0
                text33                             28CA     28CA        A      847       0
                text32                             28C0     28C0        A      847       0
                text31                             2382     2382       76      847       0
                text30                             28FE     28FE        4      847       0
                text29                             2870     2870       1C      847       0
                text28                             27D0     27D0       2A      847       0
                text27                             28A4     28A4       12      847       0
                text26                             1FA0     1FA0       F8      847       0
                text25                             284A     284A       26      847       0
                text24                             26D6     26D6       38      847       0
                text23                             2512     2512       52      847       0
                text22                             1B1A     1B1A      19A      847       0
                text21                             24BA     24BA       58      847       0
                text20                             28B6     28B6        A      847       0
                text19                             22EC     22EC       96      847       0
                text18                             2098     2098       D6      847       0
                text17                             1CB4     1CB4      188      847       0
                text16                             1E3C     1E3C      164      847       0
                text15                             25EA     25EA       40      847       0
                text14                             2564     2564       44      847       0
                text13                             2744     2744       36      847       0
                text12                             216E     216E       C2      847       0
                text11                             1568     1568      2DE      847       0
                text10                             262A     262A       3C      847       0
                text9                              269E     269E       38      847       0
                text8                              2666     2666       38      847       0
                text7                              245C     245C       5E      847       0
                text6                              1846     1846      2D4      847       0
                text5                              108E     108E      4DA      847       0
                text4                              23F8     23F8       64      847       0
                text3                              2822     2822       28      847       0
                text2                              27FA     27FA       28      847       0
                text1                              288C     288C       18      847       0
                text0                              270E     270E       36      847       0
                cstackCOMRAM                          1        1       56        1       1
                cstackBANK0                          D9       D9       23       60       1
                bssBANK1                            100      100       80      100       1
                bssBANK0                             60       60       79       60       1
                bssCOMRAM                            57       57        4        1       1
                cinit                              27A6     27A6       2A      847       0

TOTAL           Name                               Link     Load   Length     Space
        CLASS   STACK          

        CLASS   CODE           
                intcode                               8        8       A8         0
                init                                 B0       B0        4         0
                reset_vec                             0        0        4         0
                text43                             277A     277A       2C         0
                text42                             28F8     28F8        6         0
                text41                             2902     2902        2         0
                text40                             28F2     28F2        6         0
                text39                             2230     2230       BC         0
                text38                             25A8     25A8       42         0
                text36                             28E8     28E8        A         0
                text35                             28DE     28DE        A         0
                text34                             28D4     28D4        A         0
                text33                             28CA     28CA        A         0
                text32                             28C0     28C0        A         0
                text31                             2382     2382       76         0
                text30                             28FE     28FE        4         0
                text29                             2870     2870       1C         0
                text28                             27D0     27D0       2A         0
                text27                             28A4     28A4       12         0
                text26                             1FA0     1FA0       F8         0
                text25                             284A     284A       26         0
                text24                             26D6     26D6       38         0
                text23                             2512     2512       52         0
                text22                             1B1A     1B1A      19A         0
                text21                             24BA     24BA       58         0
                text20                             28B6     28B6        A         0
                text19                             22EC     22EC       96         0
                text18                             2098     2098       D6         0
                text17                             1CB4     1CB4      188         0
                text16                             1E3C     1E3C      164         0
                text15                             25EA     25EA       40         0
                text14                             2564     2564       44         0
                text13                             2744     2744       36         0
                text12                             216E     216E       C2         0
                text11                             1568     1568      2DE         0
                text10                             262A     262A       3C         0
                text9                              269E     269E       38         0
                text8                              2666     2666       38         0
                text7                              245C     245C       5E         0
                text6                              1846     1846      2D4         0
                text5                              108E     108E      4DA         0
                text4                              23F8     23F8       64         0
                text3                              2822     2822       28         0
                text2                              27FA     27FA       28         0
                text1                              288C     288C       18         0
                text0                              270E     270E       36         0
                cinit                              27A6     27A6       2A         0

        CLASS   CONST          

        CLASS   SMALLCONST     
                smallconst                         1000     1000       8E         0

        CLASS   MEDIUMCONST    

        CLASS   COMRAM         
                temp                                 5B       5B        1         1
                cstackCOMRAM                          1        1       56         1
                bssCOMRAM                            57       57        4         1

        CLASS   ABS1           

        CLASS   BIGRAM         

        CLASS   RAM            

        CLASS   BANK0          
                cstackBANK0                          D9       D9       23         1
                bssBANK0                             60       60       79         1

        CLASS   BANK1          
                bssBANK1                            100      100       80         1

        CLASS   BANK2          

        CLASS   BANK3          

        CLASS   BANK4          

        CLASS   BANK5          

        CLASS   BANK6          

        CLASS   BANK7          

        CLASS   BANK8          

        CLASS   BANK9          

        CLASS   BANK10         

        CLASS   BANK11         

        CLASS   BANK12         

        CLASS   BANK13         

        CLASS   BANK14         

        CLASS   BANK15         

        CLASS   SFR            

        CLASS   CONFIG         
                config                           300000   300000        E         4

        CLASS   IDLOC          
                idloc                            200000   200000        8         5

        CLASS   EEDATA         

        CLASS   FARRAM         



SEGMENTS        Name                           Load    Length   Top    Selector   Space  Class

                reset_vec                      000000  000004  000004         0       0  CODE    
                cstackCOMRAM                   000001  00005B  00005C         1       1  COMRAM  
                intcode                        000008  0000AC  0000B4         4       0  CODE    
                bssBANK0                       000060  00009C  0000FC        60       1  BANK0   
                bssBANK1                       000100  000080  000180       100       1  BANK1   
                smallconst                     001000  00008E  00108E       800       0  SMALLCON
                text5                          00108E  001876  002904       847       0  CODE    


UNUSED ADDRESS RANGES

        Name                Unused          Largest block    Delta
        BANK0            0000FC-0000FF                4
        BANK1            000180-0001FF               80
        BANK10           000A00-000AFF              100
        BANK11           000B00-000BFF              100
        BANK12           000C00-000CFF              100
        BANK13           000D00-000DFF              100
        BANK14           000E00-000EFF              100
        BANK15           000F00-000F37               38
        BANK2            000200-0002FF              100
        BANK3            000300-0003FF              100
        BANK4            000400-0004FF              100
        BANK5            000500-0005FF              100
        BANK6            000600-0006FF              100
        BANK7            000700-0007FF              100
        BANK8            000800-0008FF              100
        BANK9            000900-0009FF              100
        BIGRAM           00005C-00005F                4
                         0000FC-0000FF                4
                         000180-000F37              DB8
        CODE             000004-000007                4
                         0000B4-000FFF              F4C
                         002904-00FFFF             D6FC
        COMRAM           00005C-00005F                4
        CONST            000004-000007                4
                         0000B4-000FFF              F4C
                         002904-00FFFF             D6FC
        EEDATA           F00000-F003FF              400
        MEDIUMCONST      002904-00FFFF             D6FC
        RAM              0000FC-0000FF                4
                         000180-000F37              100
        SFR              000F38-000FFF               28
        SMALLCONST       002904-00FFFF              100
        STACK            000180-000F37              DB8

                                  Symbol Table

?___aodiv                                       cstackCOMRAM 000005
?___aomod                                       cstackCOMRAM 000005
?___wmul                                        cstackCOMRAM 000005
?_abs                                           cstackCOMRAM 000017
?_atoi                                          cstackCOMRAM 00000C
?_ctoa                                          cstackCOMRAM 000010
?_dtoa                                          cstackCOMRAM 000022
?_isalpha                                       cstackCOMRAM 000005
?_isdigit                                       cstackCOMRAM 000005
?_islower                                       cstackCOMRAM 000005
?_isspace                                       cstackCOMRAM 000005
?_isupper                                       cstackCOMRAM 000005
?_pad                                           cstackCOMRAM 000017
?_printf                                        cstackBANK0  0000F4
?_strlen                                        cstackCOMRAM 000005
?_toupper                                       cstackCOMRAM 00000B
?_vfpfcnvrt                                     cstackCOMRAM 000049
?_vfprintf                                      cstackBANK0  0000EE
?_xtoa                                          cstackCOMRAM 000022
EUSART1_SetErrorHandler@interruptHandler        cstackCOMRAM 000005
EUSART1_SetFramingErrorHandler@interruptHandler cstackCOMRAM 000005
EUSART1_SetOverrunErrorHandler@interruptHandler cstackCOMRAM 000005
EUSART1_SetRxInterruptHandler@interruptHandler  cstackCOMRAM 000005
EUSART1_SetTxInterruptHandler@interruptHandler  cstackCOMRAM 000005
EUSART1_Write@txData                            cstackCOMRAM 000005
_ANSELA                                         (abs)        000F38
_ANSELB                                         (abs)        000F39
_ANSELC                                         (abs)        000F3A
_ANSELCbits                                     (abs)        000F3A
_BAUDCON1                                       (abs)        000FB8
_EUSART1_DefaultErrorHandler                    text42       0028F8
_EUSART1_DefaultFramingErrorHandler             text41       002902
_EUSART1_DefaultOverrunErrorHandler             text40       0028F2
_EUSART1_ErrorHandler                           bssBANK0     0000A6
_EUSART1_FramingErrorHandler                    bssBANK0     0000AA
_EUSART1_Initialize                             text31       002382
_EUSART1_OverrunErrorHandler                    bssBANK0     0000A8
_EUSART1_Receive_ISR                            text39       002230
_EUSART1_RxDataHandler                          text43       00277A
_EUSART1_RxDefaultInterruptHandler              bssBANK0     0000AC
_EUSART1_SetErrorHandler                        text36       0028E8
_EUSART1_SetFramingErrorHandler                 text35       0028DE
_EUSART1_SetOverrunErrorHandler                 text34       0028D4
_EUSART1_SetRxInterruptHandler                  text33       0028CA
_EUSART1_SetTxInterruptHandler                  text32       0028C0
_EUSART1_Transmit_ISR                           text38       0025A8
_EUSART1_TxDefaultInterruptHandler              bssBANK0     0000AE
_EUSART1_Write                                  text21       0024BA
_INTCON2bits                                    (abs)        000FF1
_INTCONbits                                     (abs)        000FF2
_INTERRUPT_Initialize                           text30       0028FE
_INTERRUPT_InterruptManager                     intcode      000008
_LATA                                           (abs)        000F89
_LATB                                           (abs)        000F8A
_LATC                                           (abs)        000F8B
_OSCCON                                         (abs)        000FD3
_OSCCON2                                        (abs)        000FD2
_OSCILLATOR_Initialize                          text29       002870
_OSCTUNE                                        (abs)        000F9B
_PIE1bits                                       (abs)        000F9D
_PIN_MANAGER_Initialize                         text28       0027D0
_PIR1bits                                       (abs)        000F9E
_PLLRDY                                         (abs)        007E97
_RCONbits                                       (abs)        000FD0
_RCREG1                                         (abs)        000FAE
_RCSTA1                                         (abs)        000FAB
_RCSTA1bits                                     (abs)        000FAB
_SPBRG1                                         (abs)        000FAF
_SPBRGH1                                        (abs)        000FB0
_SSP1ADD                                        (abs)        000FC8
_SSP1BUF                                        (abs)        000FC9
_SSP1CON1                                       (abs)        000FC6
_SSP1CON2                                       (abs)        000FC5
_SSP1CON2bits                                   (abs)        000FC5
_SSP1STAT                                       (abs)        000FC7
_SSP1STATbits                                   (abs)        000FC7
_SYSTEM_Initialize                              text27       0028A4
_TRISA                                          (abs)        000F92
_TRISB                                          (abs)        000F93
_TRISC                                          (abs)        000F94
_TRISCbits                                      (abs)        000F94
_TXREG1                                         (abs)        000FAD
_TXSTA1                                         (abs)        000FAC
_TXSTA1bits                                     (abs)        000FAC
_WPUB                                           (abs)        000F61
__HRAM                                          (abs)        000000
__Habs1                                         abs1         000000
__Hbank0                                        bank0        000000
__Hbank1                                        bank1        000000
__Hbank10                                       bank10       000000
__Hbank11                                       bank11       000000
__Hbank12                                       bank12       000000
__Hbank13                                       bank13       000000
__Hbank14                                       bank14       000000
__Hbank15                                       bank15       000000
__Hbank2                                        bank2        000000
__Hbank3                                        bank3        000000
__Hbank4                                        bank4        000000
__Hbank5                                        bank5        000000
__Hbank6                                        bank6        000000
__Hbank7                                        bank7        000000
__Hbank8                                        bank8        000000
__Hbank9                                        bank9        000000
__Hbigbss                                       bigbss       000000
__Hbigdata                                      bigdata      000000
__Hbigram                                       bigram       000000
__Hbss                                          bss          000000
__HbssBANK0                                     bssBANK0     000000
__HbssBANK1                                     bssBANK1     000000
__HbssCOMRAM                                    bssCOMRAM    000000
__Hcinit                                        cinit        000000
__Hclrtext                                      clrtext      000000
__Hcomram                                       comram       000000
__Hconfig                                       config       30000E
__Hconst                                        const        000000
__HcstackBANK0                                  cstackBANK0  000000
__HcstackCOMRAM                                 cstackCOMRAM 000000
__Hdata                                         data         000000
__Heeprom_data                                  eeprom_data  000000
__Hfarbss                                       farbss       000000
__Hfardata                                      fardata      000000
__Hibigdata                                     ibigdata     000000
__Hidata                                        idata        000000
__Hidloc                                        idloc        200008
__Hifardata                                     ifardata     000000
__Hinit                                         init         0000B4
__Hintcode                                      intcode      0000B0
__Hintcode_body                                 intcode_body 000000
__Hintcodelo                                    intcodelo    0000B0
__Hintentry                                     intentry     000000
__Hintret                                       intret       000000
__Hintsave_regs                                 intsave_regs 000000
__Hirdata                                       irdata       000000
__Hmediumconst                                  mediumconst  000000
__HnvFARRAM                                     nvFARRAM     000000
__Hnvbit                                        nvbit        000000
__Hnvrram                                       nvrram       000000
__Hparam                                        rparam       000000
__Hpowerup                                      powerup      0000B0
__Hram                                          ram          000000
__Hramtop                                       ramtop       001000
__Hrbit                                         rbit         000000
__Hrbss                                         rbss         000000
__Hrdata                                        rdata        000000
__Hreset_vec                                    reset_vec    000004
__Hrparam                                       rparam       000000
__Hsfr                                          sfr          000000
__Hsmallconst                                   smallconst   00108E
__Hspace_0                                      (abs)        002904
__Hspace_1                                      (abs)        000180
__Hspace_2                                      (abs)        000000
__Hspace_4                                      (abs)        60000E
__Hstack                                        stack        000000
__Hstruct                                       struct       000000
__Htemp                                         temp         00005C
__Htext                                         text         000000
__Htext0                                        text0        000000
__Htext1                                        text1        000000
__Htext10                                       text10       000000
__Htext11                                       text11       000000
__Htext12                                       text12       000000
__Htext13                                       text13       000000
__Htext14                                       text14       000000
__Htext15                                       text15       000000
__Htext16                                       text16       000000
__Htext17                                       text17       000000
__Htext18                                       text18       000000
__Htext19                                       text19       000000
__Htext2                                        text2        000000
__Htext20                                       text20       000000
__Htext21                                       text21       000000
__Htext22                                       text22       000000
__Htext23                                       text23       000000
__Htext24                                       text24       000000
__Htext25                                       text25       000000
__Htext26                                       text26       000000
__Htext27                                       text27       000000
__Htext28                                       text28       000000
__Htext29                                       text29       000000
__Htext3                                        text3        000000
__Htext30                                       text30       000000
__Htext31                                       text31       000000
__Htext32                                       text32       000000
__Htext33                                       text33       000000
__Htext34                                       text34       000000
__Htext35                                       text35       000000
__Htext36                                       text36       000000
__Htext38                                       text38       000000
__Htext39                                       text39       000000
__Htext4                                        text4        000000
__Htext40                                       text40       000000
__Htext41                                       text41       000000
__Htext42                                       text42       000000
__Htext43                                       text43       000000
__Htext44                                       text44       000000
__Htext5                                        text5        000000
__Htext6                                        text6        000000
__Htext7                                        text7        000000
__Htext8                                        text8        000000
__Htext9                                        text9        000000
__LRAM                                          (abs)        000001
__Labs1                                         abs1         000000
__Lbank0                                        bank0        000000
__Lbank1                                        bank1        000000
__Lbank10                                       bank10       000000
__Lbank11                                       bank11       000000
__Lbank12                                       bank12       000000
__Lbank13                                       bank13       000000
__Lbank14                                       bank14       000000
__Lbank15                                       bank15       000000
__Lbank2                                        bank2        000000
__Lbank3                                        bank3        000000
__Lbank4                                        bank4        000000
__Lbank5                                        bank5        000000
__Lbank6                                        bank6        000000
__Lbank7                                        bank7        000000
__Lbank8                                        bank8        000000
__Lbank9                                        bank9        000000
__Lbigbss                                       bigbss       000000
__Lbigdata                                      bigdata      000000
__Lbigram                                       bigram       000000
__Lbss                                          bss          000000
__LbssBANK0                                     bssBANK0     000000
__LbssBANK1                                     bssBANK1     000000
__LbssCOMRAM                                    bssCOMRAM    000000
__Lcinit                                        cinit        000000
__Lclrtext                                      clrtext      000000
__Lcomram                                       comram       000000
__Lconfig                                       config       000000
__Lconst                                        const        000000
__LcstackBANK0                                  cstackBANK0  000000
__LcstackCOMRAM                                 cstackCOMRAM 000000
__Ldata                                         data         000000
__Leeprom_data                                  eeprom_data  000000
__Lfarbss                                       farbss       000000
__Lfardata                                      fardata      000000
__Libigdata                                     ibigdata     000000
__Lidata                                        idata        000000
__Lidloc                                        idloc        000000
__Lifardata                                     ifardata     000000
__Linit                                         init         0000B0
__Lintcode                                      intcode      000008
__Lintcode_body                                 intcode_body 000000
__Lintcodelo                                    intcodelo    0000B0
__Lintentry                                     intentry     000000
__Lintret                                       intret       000000
__Lintsave_regs                                 intsave_regs 000000
__Lirdata                                       irdata       000000
__Lmediumconst                                  mediumconst  000000
__LnvFARRAM                                     nvFARRAM     000000
__Lnvbit                                        nvbit        000000
__Lnvrram                                       nvrram       000000
__Lparam                                        rparam       000000
__Lpowerup                                      powerup      0000B0
__Lram                                          ram          000000
__Lramtop                                       ramtop       001000
__Lrbit                                         rbit         000000
__Lrbss                                         rbss         000000
__Lrdata                                        rdata        000000
__Lreset_vec                                    reset_vec    000000
__Lrparam                                       rparam       000000
__Lsfr                                          sfr          000000
__Lsmallconst                                   smallconst   001000
__Lspace_0                                      (abs)        000000
__Lspace_1                                      (abs)        000000
__Lspace_2                                      (abs)        000000
__Lspace_4                                      (abs)        000000
__Lstack                                        stack        000000
__Lstruct                                       struct       000000
__Ltemp                                         temp         00005B
__Ltext                                         text         000000
__Ltext0                                        text0        000000
__Ltext1                                        text1        000000
__Ltext10                                       text10       000000
__Ltext11                                       text11       000000
__Ltext12                                       text12       000000
__Ltext13                                       text13       000000
__Ltext14                                       text14       000000
__Ltext15                                       text15       000000
__Ltext16                                       text16       000000
__Ltext17                                       text17       000000
__Ltext18                                       text18       000000
__Ltext19                                       text19       000000
__Ltext2                                        text2        000000
__Ltext20                                       text20       000000
__Ltext21                                       text21       000000
__Ltext22                                       text22       000000
__Ltext23                                       text23       000000
__Ltext24                                       text24       000000
__Ltext25                                       text25       000000
__Ltext26                                       text26       000000
__Ltext27                                       text27       000000
__Ltext28                                       text28       000000
__Ltext29                                       text29       000000
__Ltext3                                        text3        000000
__Ltext30                                       text30       000000
__Ltext31                                       text31       000000
__Ltext32                                       text32       000000
__Ltext33                                       text33       000000
__Ltext34                                       text34       000000
__Ltext35                                       text35       000000
__Ltext36                                       text36       000000
__Ltext38                                       text38       000000
__Ltext39                                       text39       000000
__Ltext4                                        text4        000000
__Ltext40                                       text40       000000
__Ltext41                                       text41       000000
__Ltext42                                       text42       000000
__Ltext43                                       text43       000000
__Ltext44                                       text44       000000
__Ltext5                                        text5        000000
__Ltext6                                        text6        000000
__Ltext7                                        text7        000000
__Ltext8                                        text8        000000
__Ltext9                                        text9        000000
__S0                                            (abs)        002904
__S1                                            (abs)        000180
__S2                                            (abs)        000000
__S4                                            (abs)        000000
__S5                                            (abs)        000000
___aodiv                                        text17       001CB4
___aodiv@counter                                cstackCOMRAM 000015
___aodiv@dividend                               cstackCOMRAM 000005
___aodiv@divisor                                cstackCOMRAM 00000D
___aodiv@quotient                               cstackCOMRAM 000017
___aodiv@sign                                   cstackCOMRAM 000016
___aomod                                        text16       001E3C
___aomod@counter                                cstackCOMRAM 000015
___aomod@dividend                               cstackCOMRAM 000005
___aomod@divisor                                cstackCOMRAM 00000D
___aomod@sign                                   cstackCOMRAM 000016
___inthi_sp                                     stack        000000
___intlo_sp                                     stack        000000
___param_bank                                   (abs)        000000
___rparam_used                                  (abs)        000001
___sp                                           stack        000000
___wmul                                         text25       00284A
___wmul@multiplicand                            cstackCOMRAM 000007
___wmul@multiplier                              cstackCOMRAM 000005
___wmul@product                                 cstackCOMRAM 000009
__accesstop                                     (abs)        000060
__activetblptr                                  (abs)        000003
__end_of_EUSART1_DefaultErrorHandler            text42       0028FE
__end_of_EUSART1_DefaultFramingErrorHandler     text41       002904
__end_of_EUSART1_DefaultOverrunErrorHandler     text40       0028F8
__end_of_EUSART1_Initialize                     text31       0023F8
__end_of_EUSART1_Receive_ISR                    text39       0022EC
__end_of_EUSART1_RxDataHandler                  text43       0027A6
__end_of_EUSART1_SetErrorHandler                text36       0028F2
__end_of_EUSART1_SetFramingErrorHandler         text35       0028E8
__end_of_EUSART1_SetOverrunErrorHandler         text34       0028DE
__end_of_EUSART1_SetRxInterruptHandler          text33       0028D4
__end_of_EUSART1_SetTxInterruptHandler          text32       0028CA
__end_of_EUSART1_Transmit_ISR                   text38       0025EA
__end_of_EUSART1_Write                          text21       002512
__end_of_INTERRUPT_Initialize                   text30       002902
__end_of_INTERRUPT_InterruptManager             intcode      0000B0
__end_of_OSCILLATOR_Initialize                  text29       00288C
__end_of_PIN_MANAGER_Initialize                 text28       0027FA
__end_of_SYSTEM_Initialize                      text27       0028B6
__end_of___aodiv                                text17       001E3C
__end_of___aomod                                text16       001FA0
__end_of___wmul                                 text25       002870
__end_of__initialization                        cinit        0027C6
__end_of_abs                                    text15       00262A
__end_of_atoi                                   text22       001CB4
__end_of_ctoa                                   text18       00216E
__end_of_dtoa                                   text11       001846
__end_of_fputc                                  text19       002382
__end_of_fputs                                  text14       0025A8
__end_of_getReadingTC74                         text2        002822
__end_of_i2c_init                               text1        0028A4
__end_of_i2c_read_serial                        text26       002098
__end_of_isalpha                                text10       002666
__end_of_isdigit                                text24       00270E
__end_of_islower                                text8        00269E
__end_of_isspace                                text23       002564
__end_of_isupper                                text9        0026D6
__end_of_main                                   text0        002744
__end_of_pad                                    text12       002230
__end_of_printf                                 text3        00284A
__end_of_putch                                  text20       0028C0
__end_of_strlen                                 text13       00277A
__end_of_tempaddrTC74                           smallconst   001002
__end_of_toupper                                text7        0024BA
__end_of_vfpfcnvrt                              text5        001568
__end_of_vfprintf                               text4        00245C
__end_of_xtoa                                   text6        001B1A
__initialization                                cinit        0027A6
__mediumconst                                   mediumconst  000000
__pbssBANK0                                     bssBANK0     000060
__pbssBANK1                                     bssBANK1     000100
__pbssCOMRAM                                    bssCOMRAM    000057
__pcinit                                        cinit        0027A6
__pcstackBANK0                                  cstackBANK0  0000D9
__pcstackCOMRAM                                 cstackCOMRAM 000001
__pintcode                                      intcode      000008
__psmallconst                                   smallconst   001000
__ptext0                                        text0        00270E
__ptext1                                        text1        00288C
__ptext10                                       text10       00262A
__ptext11                                       text11       001568
__ptext12                                       text12       00216E
__ptext13                                       text13       002744
__ptext14                                       text14       002564
__ptext15                                       text15       0025EA
__ptext16                                       text16       001E3C
__ptext17                                       text17       001CB4
__ptext18                                       text18       002098
__ptext19                                       text19       0022EC
__ptext2                                        text2        0027FA
__ptext20                                       text20       0028B6
__ptext21                                       text21       0024BA
__ptext22                                       text22       001B1A
__ptext23                                       text23       002512
__ptext24                                       text24       0026D6
__ptext25                                       text25       00284A
__ptext26                                       text26       001FA0
__ptext27                                       text27       0028A4
__ptext28                                       text28       0027D0
__ptext29                                       text29       002870
__ptext3                                        text3        002822
__ptext30                                       text30       0028FE
__ptext31                                       text31       002382
__ptext32                                       text32       0028C0
__ptext33                                       text33       0028CA
__ptext34                                       text34       0028D4
__ptext35                                       text35       0028DE
__ptext36                                       text36       0028E8
__ptext38                                       text38       0025A8
__ptext39                                       text39       002230
__ptext4                                        text4        0023F8
__ptext40                                       text40       0028F2
__ptext41                                       text41       002902
__ptext42                                       text42       0028F8
__ptext43                                       text43       00277A
__ptext44                                       text44       000000
__ptext5                                        text5        00108E
__ptext6                                        text6        001846
__ptext7                                        text7        00245C
__ptext8                                        text8        002666
__ptext9                                        text9        00269E
__ramtop                                        ramtop       001000
__size_of_EUSART1_DefaultErrorHandler           (abs)        000000
__size_of_EUSART1_DefaultFramingErrorHandler    (abs)        000000
__size_of_EUSART1_DefaultOverrunErrorHandler    (abs)        000000
__size_of_EUSART1_Initialize                    (abs)        000000
__size_of_EUSART1_Receive_ISR                   (abs)        000000
__size_of_EUSART1_RxDataHandler                 (abs)        000000
__size_of_EUSART1_SetErrorHandler               (abs)        000000
__size_of_EUSART1_SetFramingErrorHandler        (abs)        000000
__size_of_EUSART1_SetOverrunErrorHandler        (abs)        000000
__size_of_EUSART1_SetRxInterruptHandler         (abs)        000000
__size_of_EUSART1_SetTxInterruptHandler         (abs)        000000
__size_of_EUSART1_Transmit_ISR                  (abs)        000000
__size_of_EUSART1_Write                         (abs)        000000
__size_of_INTERRUPT_Initialize                  (abs)        000000
__size_of_INTERRUPT_InterruptManager            (abs)        000000
__size_of_OSCILLATOR_Initialize                 (abs)        000000
__size_of_PIN_MANAGER_Initialize                (abs)        000000
__size_of_SYSTEM_Initialize                     (abs)        000000
__size_of___aodiv                               (abs)        000000
__size_of___aomod                               (abs)        000000
__size_of___wmul                                (abs)        000000
__size_of_abs                                   (abs)        000000
__size_of_atoi                                  (abs)        000000
__size_of_ctoa                                  (abs)        000000
__size_of_dtoa                                  (abs)        000000
__size_of_fputc                                 (abs)        000000
__size_of_fputs                                 (abs)        000000
__size_of_getReadingTC74                        (abs)        000000
__size_of_i2c_init                              (abs)        000000
__size_of_i2c_read_serial                       (abs)        000000
__size_of_isalpha                               (abs)        000000
__size_of_isdigit                               (abs)        000000
__size_of_islower                               (abs)        000000
__size_of_isspace                               (abs)        000000
__size_of_isupper                               (abs)        000000
__size_of_main                                  (abs)        000000
__size_of_pad                                   (abs)        000000
__size_of_printf                                (abs)        000000
__size_of_putch                                 (abs)        000000
__size_of_strlen                                (abs)        000000
__size_of_toupper                               (abs)        000000
__size_of_vfpfcnvrt                             (abs)        000000
__size_of_vfprintf                              (abs)        000000
__size_of_xtoa                                  (abs)        000000
__smallconst                                    smallconst   001000
_abs                                            text15       0025EA
_atoi                                           text22       001B1A
_atoi$1652                                      cstackCOMRAM 000014
_atoi$1653                                      cstackCOMRAM 000018
_atoi$1654                                      cstackCOMRAM 000016
_ctoa                                           text18       002098
_data_out                                       bssBANK0     0000D5
_dbuf                                           bssBANK0     0000B5
_dtoa                                           text11       001568
_dtoa$1604                                      cstackCOMRAM 000034
_eusart1RxBuffer                                bssBANK1     000100
_eusart1RxCount                                 bssBANK0     0000B1
_eusart1RxHead                                  bssCOMRAM    00005A
_eusart1RxLastError                             bssBANK0     0000B0
_eusart1RxStatusBuffer                          bssBANK0     000060
_eusart1RxTail                                  bssCOMRAM    000059
_eusart1TxBuffer                                bssBANK1     000140
_eusart1TxBufferRemaining                       bssBANK0     0000B2
_eusart1TxHead                                  bssBANK0     0000B4
_eusart1TxTail                                  bssBANK0     0000B3
_flags                                          bssCOMRAM    000057
_fputc                                          text19       0022EC
_fputs                                          text14       002564
_getReadingTC74                                 text2        0027FA
_i2c_init                                       text1        00288C
_i2c_read_serial                                text26       001FA0
_isalpha                                        text10       00262A
_isdigit                                        text24       0026D6
_islower                                        text8        002666
_isspace                                        text23       002512
_isspace$1679                                   cstackCOMRAM 00000B
_isupper                                        text9        00269E
_main                                           text0        00270E
_nout                                           bssBANK0     0000A0
_pad                                            text12       00216E
_prec                                           bssBANK0     0000A4
_printf                                         text3        002822
_putch                                          text20       0028B6
_strlen                                         text13       002744
_toupper                                        text7        00245C
_toupper$1728                                   cstackCOMRAM 000011
_vfpfcnvrt                                      text5        00108E
_vfpfcnvrt$1630                                 cstackBANK0  0000EB
_vfprintf                                       text4        0023F8
_width                                          bssBANK0     0000A2
_xtoa                                           text6        001846
_xtoa$1615                                      cstackCOMRAM 000035
_xtoa$1616                                      cstackCOMRAM 000037
abs@a                                           cstackCOMRAM 000017
atoi@n                                          cstackCOMRAM 000019
atoi@neg                                        cstackCOMRAM 000012
atoi@s                                          cstackCOMRAM 00000C
btemp                                           temp         00005B
ctoa@c                                          cstackCOMRAM 000012
ctoa@fp                                         cstackCOMRAM 000010
ctoa@l                                          cstackCOMRAM 000014
ctoa@w                                          cstackCOMRAM 000016
dtoa@d                                          cstackCOMRAM 000024
dtoa@fp                                         cstackCOMRAM 000022
dtoa@i                                          cstackCOMRAM 000044
dtoa@n                                          cstackCOMRAM 00003C
dtoa@p                                          cstackCOMRAM 000036
dtoa@s                                          cstackCOMRAM 00003A
dtoa@w                                          cstackCOMRAM 000038
end_of_initialization                           cinit        0027C6
fputc@c                                         cstackCOMRAM 000007
fputc@fp                                        cstackCOMRAM 000009
fputs@c                                         cstackCOMRAM 000014
fputs@fp                                        cstackCOMRAM 000012
fputs@i                                         cstackCOMRAM 000015
fputs@s                                         cstackCOMRAM 000010
i2c_read_serial@addr                            cstackCOMRAM 00000E
i2c_read_serial@data_out                        cstackCOMRAM 000005
i2c_read_serial@i                               cstackCOMRAM 000010
i2c_read_serial@length                          cstackCOMRAM 000007
i2c_read_serial@targetAddr                      cstackCOMRAM 00000F
int$flags                                       temp         00005B
intlevel0                                       text         000000
intlevel1                                       text         000000
intlevel2                                       text         000000
intlevel3                                       text         000000
isa$std                                         (abs)        000001
isa$xinst                                       (abs)        000000
isalpha@c                                       cstackCOMRAM 000005
isdigit@c                                       cstackCOMRAM 000005
islower@c                                       cstackCOMRAM 000005
isspace@c                                       cstackCOMRAM 000005
isupper@c                                       cstackCOMRAM 000005
pad@buf                                         cstackCOMRAM 000019
pad@fp                                          cstackCOMRAM 000017
pad@i                                           cstackCOMRAM 00001E
pad@p                                           cstackCOMRAM 00001B
pad@w                                           cstackCOMRAM 000020
printf@ap                                       cstackCOMRAM 000055
printf@fmt                                      cstackBANK0  0000F4
putch@txData                                    cstackCOMRAM 000006
stackhi                                         (abs)        000F37
stacklo                                         (abs)        000180
start                                           init         0000B0
start_initialization                            cinit        0027A6
strlen@a                                        cstackCOMRAM 000007
strlen@s                                        cstackCOMRAM 000005
toupper@c                                       cstackCOMRAM 00000B
ttemp5                                          temp         00005C
ttemp6                                          temp         00005F
ttemp7                                          temp         000063
vfpfcnvrt@ap                                    cstackCOMRAM 00004D
vfpfcnvrt@c                                     cstackBANK0  0000ED
vfpfcnvrt@done                                  cstackBANK0  0000E9
vfpfcnvrt@fmt                                   cstackCOMRAM 00004B
vfpfcnvrt@fp                                    cstackCOMRAM 000049
vfpfcnvrt@ll                                    cstackBANK0  0000D9
vfpfcnvrt@llu                                   cstackBANK0  0000E1
vfprintf@ap                                     cstackBANK0  0000F2
vfprintf@cfmt                                   cstackCOMRAM 000053
vfprintf@fmt                                    cstackBANK0  0000F0
vfprintf@fp                                     cstackBANK0  0000EE
wtemp8                                          temp         00005C
xtoa@c                                          cstackCOMRAM 000047
xtoa@d                                          cstackCOMRAM 000024
xtoa@fp                                         cstackCOMRAM 000022
xtoa@i                                          cstackCOMRAM 000045
xtoa@n                                          cstackCOMRAM 00003D
xtoa@p                                          cstackCOMRAM 000039
xtoa@w                                          cstackCOMRAM 00003B
xtoa@x                                          cstackCOMRAM 00002C


MODULE INFORMATION

Module		Function		Class		Link	Load	Size
C:\Program Files\Microchip\xc8\v2.32\pic\sources\c99\common\isdigit.c
		_isdigit       		CODE           	26D6	0000	56

C:\Program Files\Microchip\xc8\v2.32\pic\sources\c99\common\isdigit.c estimated size: 56

C:\Program Files\Microchip\xc8\v2.32\pic\sources\c99\common\doprnt.c
		_vfpfcnvrt     		CODE           	108E	0000	1242
		_pad           		CODE           	216E	0000	194
		_ctoa          		CODE           	2098	0000	214
		_dtoa          		CODE           	1568	0000	734
		_vfprintf      		CODE           	23F8	0000	100
		_xtoa          		CODE           	1846	0000	724

C:\Program Files\Microchip\xc8\v2.32\pic\sources\c99\common\doprnt.c estimated size: 3208

mcc_generated_files/interrupt_manager.c
		_INTERRUPT_Initialize		CODE           	28FE	0000	4
		_INTERRUPT_InterruptManager		CODE           	0008	0000	168

mcc_generated_files/interrupt_manager.c estimated size: 172

mcc_generated_files/pin_manager.c
		_PIN_MANAGER_Initialize		CODE           	27D0	0000	42

mcc_generated_files/pin_manager.c estimated size: 42

C:\Program Files\Microchip\xc8\v2.32\pic\sources\c99\common\atoi.c
		_atoi          		CODE           	1B1A	0000	410

C:\Program Files\Microchip\xc8\v2.32\pic\sources\c99\common\atoi.c estimated size: 410

C:\Program Files\Microchip\xc8\v2.32\pic\sources\c99\common\nf_fputs.c
		_fputs         		CODE           	2564	0000	68

C:\Program Files\Microchip\xc8\v2.32\pic\sources\c99\common\nf_fputs.c estimated size: 68

C:\Program Files\Microchip\xc8\v2.32\pic\sources\c99\common\isupper.c
		_isupper       		CODE           	269E	0000	56

C:\Program Files\Microchip\xc8\v2.32\pic\sources\c99\common\isupper.c estimated size: 56

C:\Program Files\Microchip\xc8\v2.32\pic\sources\c99\common\Umul16.c
		___wmul        		CODE           	284A	0000	38

C:\Program Files\Microchip\xc8\v2.32\pic\sources\c99\common\Umul16.c estimated size: 38

C:\Program Files\Microchip\xc8\v2.32\pic\sources\c99\common\abs.c
		_abs           		CODE           	25EA	0000	64

C:\Program Files\Microchip\xc8\v2.32\pic\sources\c99\common\abs.c estimated size: 64

C:\Program Files\Microchip\xc8\v2.32\pic\sources\c99\common\aomod.c
		___aomod       		CODE           	1E3C	0000	356

C:\Program Files\Microchip\xc8\v2.32\pic\sources\c99\common\aomod.c estimated size: 356

C:\Program Files\Microchip\xc8\v2.32\pic\sources\c99\common\isspace.c
		_isspace       		CODE           	2512	0000	82

C:\Program Files\Microchip\xc8\v2.32\pic\sources\c99\common\isspace.c estimated size: 82

C:\Program Files\Microchip\xc8\v2.32\pic\sources\c99\common\islower.c
		_islower       		CODE           	2666	0000	56

C:\Program Files\Microchip\xc8\v2.32\pic\sources\c99\common\islower.c estimated size: 56

shared
		__initialization		CODE           	27A6	0000	32
		_tempaddrTC74  		SMALLCONST     	0000	0000	0

shared estimated size: 32

mcc_generated_files/eusart1.c
		_EUSART1_SetRxInterruptHandler		CODE           	28CA	0000	10
		_EUSART1_SetTxInterruptHandler		CODE           	28C0	0000	10
		_EUSART1_Initialize		CODE           	2382	0000	118
		_putch         		CODE           	28B6	0000	10
		_EUSART1_DefaultErrorHandler		CODE           	28F8	0000	6
		_EUSART1_SetFramingErrorHandler		CODE           	28DE	0000	10
		_EUSART1_SetOverrunErrorHandler		CODE           	28D4	0000	10
		_EUSART1_SetErrorHandler		CODE           	28E8	0000	10
		_EUSART1_Write 		CODE           	24BA	0000	88
		_EUSART1_Receive_ISR		CODE           	2230	0000	188
		_EUSART1_RxDataHandler		CODE           	277A	0000	44
		_EUSART1_DefaultOverrunErrorHandler		CODE           	28F2	0000	6
		_EUSART1_Transmit_ISR		CODE           	25A8	0000	66
		_EUSART1_DefaultFramingErrorHandler		CODE           	2902	0000	2

mcc_generated_files/eusart1.c estimated size: 578

mcc_generated_files/mcc.c
		_OSCILLATOR_Initialize		CODE           	2870	0000	28
		_SYSTEM_Initialize		CODE           	28A4	0000	18

mcc_generated_files/mcc.c estimated size: 46

C:\Program Files\Microchip\xc8\v2.32\pic\sources\c99\common\toupper.c
		_toupper       		CODE           	245C	0000	94

C:\Program Files\Microchip\xc8\v2.32\pic\sources\c99\common\toupper.c estimated size: 94

C:\Program Files\Microchip\xc8\v2.32\pic\sources\c99\common\isalpha.c
		_isalpha       		CODE           	262A	0000	60

C:\Program Files\Microchip\xc8\v2.32\pic\sources\c99\common\isalpha.c estimated size: 60

C:\Program Files\Microchip\xc8\v2.32\pic\sources\c99\common\printf.c
		_printf        		CODE           	2822	0000	40

C:\Program Files\Microchip\xc8\v2.32\pic\sources\c99\common\printf.c estimated size: 40

C:\Program Files\Microchip\xc8\v2.32\pic\sources\c99\common\nf_fputc.c
		_fputc         		CODE           	22EC	0000	150

C:\Program Files\Microchip\xc8\v2.32\pic\sources\c99\common\nf_fputc.c estimated size: 150

C:\Program Files\Microchip\xc8\v2.32\pic\sources\c99\common\aodiv.c
		___aodiv       		CODE           	1CB4	0000	392

C:\Program Files\Microchip\xc8\v2.32\pic\sources\c99\common\aodiv.c estimated size: 392

main.c
		_getReadingTC74		CODE           	27FA	0000	40
		_main          		CODE           	270E	0000	54
		_i2c_read_serial		CODE           	1FA0	0000	248
		_i2c_init      		CODE           	288C	0000	24

main.c estimated size: 366

C:\Program Files\Microchip\xc8\v2.32\pic\sources\c99\common\strlen.c
		_strlen        		CODE           	2744	0000	54

C:\Program Files\Microchip\xc8\v2.32\pic\sources\c99\common\strlen.c estimated size: 54

