Microchip MPLAB XC8 Compiler V2.05 ()

Linker command line:

-W-3 --edf=C:\Program Files (x86)\Microchip\xc8\v2.05\pic\dat\en_msgs.txt \
  -cs -h+dist/default/production\test_af_tc74.X.production.sym \
  --cmf=dist/default/production\test_af_tc74.X.production.cmf -z -Q18F26K22 \
  -oC:\Users\krs\AppData\Local\Temp\si5k.2 --defsym=__MPLAB_BUILD=1 \
  -Mdist/default/production/test_af_tc74.X.production.map -E1 -ver=XC8 \
  --acfsm=1493 -ASTACK=0280h-0F37h -pstack=STACK -ACODE=00h-0FFFFh \
  -ACONST=00h-0FFFFh -ASMALLCONST=01000h-010FFhx240 \
  -AMEDIUMCONST=01000h-0FFFFh -ACOMRAM=01h-05Fh -AABS1=00h-0F37h \
  -ABIGRAM=01h-0F37h -ARAM=060h-0FFh,0100h-01FFhx14,0F00h-0F37h \
  -ABANK0=060h-0FFh -ABANK1=0100h-01FFh -ABANK2=0200h-02FFh \
  -ABANK3=0300h-03FFh -ABANK4=0400h-04FFh -ABANK5=0500h-05FFh \
  -ABANK6=0600h-06FFh -ABANK7=0700h-07FFh -ABANK8=0800h-08FFh \
  -ABANK9=0900h-09FFh -ABANK10=0A00h-0AFFh -ABANK11=0B00h-0BFFh \
  -ABANK12=0C00h-0CFFh -ABANK13=0D00h-0DFFh -ABANK14=0E00h-0EFFh \
  -ABANK15=0F00h-0F37h -ASFR=0F38h-0F5Fh,0F60h-0FFFh \
  -preset_vec=00h,intcode=08h,intcodelo,powerup,init -pramtop=01000h \
  -psmallconst=SMALLCONST -pmediumconst=MEDIUMCONST -pconst=CONST \
  -AFARRAM=00h-00h -ACONFIG=0300000h-030000Dh -pconfig=CONFIG \
  -AIDLOC=0200000h-0200007h -pidloc=IDLOC -AEEDATA=0F00000h-0F003FFh \
  -peeprom_data=EEDATA \
  -prdata=COMRAM,nvrram=COMRAM,nvbit=COMRAM,rbss=COMRAM,rbit=COMRAM \
  -pfarbss=FARRAM,fardata=FARRAM,nvFARRAM=FARRAM \
  -pintsave_regs=BIGRAM,bigbss=BIGRAM,bigdata=BIGRAM -pbss=RAM \
  -pidata=CODE,irdata=CODE,ibigdata=CODE,ifardata=CODE -prparam=COMRAM \
  C:\Users\krs\AppData\Local\Temp\si5k.o \
  dist/default/production\test_af_tc74.X.production.o 

Object code version is 3.11

Machine type is 18F26K22

Call graph: (short form)




                Name                               Link     Load   Length Selector   Space Scale
C:\Users\krs\AppData\Local\Temp\si5k.o
                init                                 68       68        4        4       0
                reset_vec                             0        0        4        0       0
                idloc                            200000   200000        8   200000       0
                config                           300000   300000        E   300000       0
dist/default/production\test_af_tc74.X.production.o
                intcode                               8        8       60        4       0
                temp                                 5B       5B        1        1       1
                mediumconst                        FE30     FE30      1D0     7F18       0
                text43                             149A     149A       22      956       0
                text42                             1550     1550        6      A75       0
                text41                             155A     155A        2      A75       0
                text40                             154A     154A        6      A75       0
                text39                              DF0      DF0       98        4       0
                text38                             13A2     13A2       2C      956       0
                text36                             1540     1540        A      A75       0
                text35                             1536     1536        A      A75       0
                text34                             152C     152C        A      A75       0
                text33                             1522     1522        A      A75       0
                text32                             1518     1518        A      A75       0
                text31                              F94      F94       76        4       0
                text30                             1556     1556        4      A75       0
                text29                             14FC     14FC       12      A75       0
                text28                             1422     1422       2A      956       0
                text27                             14EA     14EA       12      A75       0
                text26                             1474     1474       26      956       0
                text25                             1372     1372       30      956       0
                text24                             11C8     11C8       3E        4       0
                text23                              8FE      8FE      14A        4       0
                text22                             123E     123E       38        4       0
                text21                             150E     150E        A      A75       0
                text20                             100A     100A       6C        4       0
                text19                             1206     1206       38        4       0
                text18                             13F8     13F8       2A      956       0
                text17                              E88      E88       96        4       0
                text16                             1130     1130       4E        4       0
                text15                              A48      A48      148        4       0
                text14                              CCC      CCC      124        4       0
                text13                             12E0     12E0       32      956       0
                text12                              490      490      242        4       0
                text11                             12AC     12AC       34      956       0
                text10                             1342     1342       30      956       0
                text9                              1312     1312       30      956       0
                text8                              117E     117E       4A        4       0
                text7                               6D2      6D2      22C        4       0
                text6                                6C       6C      424        4       0
                text5                              10D8     10D8       58        4       0
                text4                              144C     144C       28      956       0
                text3                               B90      B90      13C        4       0
                text2                              13CE     13CE       2A      956       0
                text1                              14BC     14BC       18      956       0
                text0                              1076     1076       62        4       0
                cstackCOMRAM                          1        1       56        1       1
                cstackBANK0                          AE       AE       31       60       1
                bssBANK2                            200      200       80      200       1
                dataBANK1                           1C0      1C0       35      100       1
                bssBANK1                            100      100       C0      100       1
                dataBANK0                            DF       DF       15       60       1
                bssBANK0                             60       60       4E       60       1
                bssCOMRAM                            57       57        4        1       1
                cinit                               F1E      F1E       76        4       0
                idataBANK1                         1276     1276       35        4       0
                idataBANK0                         14D4     14D4       15      956       0

TOTAL           Name                               Link     Load   Length     Space
        CLASS   STACK          

        CLASS   CODE           
                intcode                               8        8       60         0
                init                                 68       68        4         0
                reset_vec                             0        0        4         0
                text43                             149A     149A       22         0
                text42                             1550     1550        6         0
                text41                             155A     155A        2         0
                text40                             154A     154A        6         0
                text39                              DF0      DF0       98         0
                text38                             13A2     13A2       2C         0
                text36                             1540     1540        A         0
                text35                             1536     1536        A         0
                text34                             152C     152C        A         0
                text33                             1522     1522        A         0
                text32                             1518     1518        A         0
                text31                              F94      F94       76         0
                text30                             1556     1556        4         0
                text29                             14FC     14FC       12         0
                text28                             1422     1422       2A         0
                text27                             14EA     14EA       12         0
                text26                             1474     1474       26         0
                text25                             1372     1372       30         0
                text24                             11C8     11C8       3E         0
                text23                              8FE      8FE      14A         0
                text22                             123E     123E       38         0
                text21                             150E     150E        A         0
                text20                             100A     100A       6C         0
                text19                             1206     1206       38         0
                text18                             13F8     13F8       2A         0
                text17                              E88      E88       96         0
                text16                             1130     1130       4E         0
                text15                              A48      A48      148         0
                text14                              CCC      CCC      124         0
                text13                             12E0     12E0       32         0
                text12                              490      490      242         0
                text11                             12AC     12AC       34         0
                text10                             1342     1342       30         0
                text9                              1312     1312       30         0
                text8                              117E     117E       4A         0
                text7                               6D2      6D2      22C         0
                text6                                6C       6C      424         0
                text5                              10D8     10D8       58         0
                text4                              144C     144C       28         0
                text3                               B90      B90      13C         0
                text2                              13CE     13CE       2A         0
                text1                              14BC     14BC       18         0
                text0                              1076     1076       62         0
                cinit                               F1E      F1E       76         0
                idataBANK1                         1276     1276       35         0
                idataBANK0                         14D4     14D4       15         0

        CLASS   CONST          

        CLASS   SMALLCONST     

        CLASS   MEDIUMCONST    
                mediumconst                        FE30     FE30      1D0         0

        CLASS   COMRAM         
                temp                                 5B       5B        1         1
                cstackCOMRAM                          1        1       56         1
                bssCOMRAM                            57       57        4         1

        CLASS   ABS1           

        CLASS   BIGRAM         

        CLASS   RAM            

        CLASS   BANK0          
                cstackBANK0                          AE       AE       31         1
                dataBANK0                            DF       DF       15         1
                bssBANK0                             60       60       4E         1

        CLASS   BANK1          
                dataBANK1                           1C0      1C0       35         1
                bssBANK1                            100      100       C0         1

        CLASS   BANK2          
                bssBANK2                            200      200       80         1

        CLASS   BANK3          

        CLASS   BANK4          

        CLASS   BANK5          

        CLASS   BANK6          

        CLASS   BANK7          

        CLASS   BANK8          

        CLASS   BANK9          

        CLASS   BANK10         

        CLASS   BANK11         

        CLASS   BANK12         

        CLASS   BANK13         

        CLASS   BANK14         

        CLASS   BANK15         

        CLASS   SFR            

        CLASS   FARRAM         

        CLASS   CONFIG         
                config                           300000   300000        E         0

        CLASS   IDLOC          
                idloc                            200000   200000        8         0

        CLASS   EEDATA         



SEGMENTS        Name                           Load    Length   Top    Selector   Space  Class

                reset_vec                      000000  000004  000004         0       0  CODE    
                cstackCOMRAM                   000001  00005B  00005C         1       1  COMRAM  
                intcode                        000008  0012A3  0012AB         4       0  CODE    
                bssBANK0                       000060  000094  0000F4        60       1  BANK0   
                bssBANK1                       000100  0000F5  0001F5       100       1  BANK1   
                bssBANK2                       000200  000080  000280       200       1  BANK2   
                text11                         0012AC  00023D  0014E9       956       0  CODE    
                text27                         0014EA  000072  00155C       A75       0  CODE    
                mediumconst                    00FE30  0001D0  010000      7F18       0  MEDIUMCO
                idloc                          200000  000008  200008    200000       0  IDLOC   
                config                         300000  00000E  30000E    300000       0  CONFIG  


UNUSED ADDRESS RANGES

        Name                Unused          Largest block    Delta
        BANK0            0000F4-0000FF                C
        BANK1            0001F5-0001FF                B
        BANK10           000A00-000AFF              100
        BANK11           000B00-000BFF              100
        BANK12           000C00-000CFF              100
        BANK13           000D00-000DFF              100
        BANK14           000E00-000EFF              100
        BANK15           000F00-000F37               38
        BANK2            000280-0002FF               80
        BANK3            000300-0003FF              100
        BANK4            000400-0004FF              100
        BANK5            000500-0005FF              100
        BANK6            000600-0006FF              100
        BANK7            000700-0007FF              100
        BANK8            000800-0008FF              100
        BANK9            000900-0009FF              100
        BIGRAM           00005C-00005F                4
                         0000F4-0000FF                C
                         0001F5-0001FF                B
                         000280-000F37              CB8
        CODE             000004-000007                4
                         0012AB-0012AB                1
                         0014E9-0014E9                1
                         00155C-00FE2F             E8D4
        COMRAM           00005C-00005F                4
        CONST            000004-000007                4
                         0012AB-0012AB                1
                         0014E9-0014E9                1
                         00155C-00FE2F             E8D4
        EEDATA           F00000-F003FF              400
        MEDIUMCONST      0012AB-0012AB                1
                         0014E9-0014E9                1
                         00155C-00FE2F             E8D4
        RAM              0000F4-0000FF                C
                         0001F5-0001FF                B
                         000280-000F37              100
        SFR              000F38-000FFF               28
        SMALLCONST       0012AB-0012AB                1
                         0014E9-0014E9                1
                         00155C-00FE2F              100
        STACK            000280-000F37              CB8

                                  Symbol Table

?___aodiv                                       cstackCOMRAM 000005
?___aomod                                       cstackCOMRAM 000005
?___wmul                                        cstackCOMRAM 000005
?_abs                                           cstackCOMRAM 000017
?_atoi                                          cstackCOMRAM 00000C
?_ctoa                                          cstackCOMRAM 000022
?_dtoa                                          cstackCOMRAM 000022
?_isalpha                                       cstackCOMRAM 000005
?_isdigit                                       cstackCOMRAM 000005
?_islower                                       cstackCOMRAM 000005
?_isspace                                       cstackCOMRAM 000005
?_isupper                                       cstackCOMRAM 000005
?_pad                                           cstackCOMRAM 000017
?_printf                                        cstackBANK0  0000C9
?_strlen                                        cstackCOMRAM 000005
?_toupper                                       cstackCOMRAM 00000B
?_vfpfcnvrt                                     cstackCOMRAM 000049
?_vfprintf                                      cstackBANK0  0000C3
?_xtoa                                          cstackCOMRAM 000022
EUSART1_SetErrorHandler@interruptHandler        cstackCOMRAM 000005
EUSART1_SetFramingErrorHandler@interruptHandler cstackCOMRAM 000005
EUSART1_SetOverrunErrorHandler@interruptHandler cstackCOMRAM 000005
EUSART1_SetRxInterruptHandler@interruptHandler  cstackCOMRAM 000005
EUSART1_SetTxInterruptHandler@interruptHandler  cstackCOMRAM 000005
EUSART1_Write@txData                            cstackCOMRAM 000005
_ANSELA                                         (abs)        000F38
_ANSELB                                         (abs)        000F39
_ANSELC                                         (abs)        000F3A
_ANSELCbits                                     (abs)        000F3A
_BAUDCON1                                       (abs)        000FB8
_EUSART1_DefaultErrorHandler                    text42       001550
_EUSART1_DefaultFramingErrorHandler             text41       00155A
_EUSART1_DefaultOverrunErrorHandler             text40       00154A
_EUSART1_ErrorHandler                           bssBANK0     00006A
_EUSART1_FramingErrorHandler                    bssBANK0     00006E
_EUSART1_Initialize                             text31       000F94
_EUSART1_OverrunErrorHandler                    bssBANK0     00006C
_EUSART1_Receive_ISR                            text39       000DF0
_EUSART1_RxDataHandler                          text43       00149A
_EUSART1_RxDefaultInterruptHandler              bssBANK0     000070
_EUSART1_SetErrorHandler                        text36       001540
_EUSART1_SetFramingErrorHandler                 text35       001536
_EUSART1_SetOverrunErrorHandler                 text34       00152C
_EUSART1_SetRxInterruptHandler                  text33       001522
_EUSART1_SetTxInterruptHandler                  text32       001518
_EUSART1_Transmit_ISR                           text38       0013A2
_EUSART1_TxDefaultInterruptHandler              bssBANK0     000072
_EUSART1_Write                                  text22       00123E
_INTCON2bits                                    (abs)        000FF1
_INTCONbits                                     (abs)        000FF2
_INTERRUPT_Initialize                           text30       001556
_INTERRUPT_InterruptManager                     intcode      000008
_LATA                                           (abs)        000F89
_LATB                                           (abs)        000F8A
_LATC                                           (abs)        000F8B
_OSCCON                                         (abs)        000FD3
_OSCCON2                                        (abs)        000FD2
_OSCILLATOR_Initialize                          text29       0014FC
_OSCTUNE                                        (abs)        000F9B
_PIE1bits                                       (abs)        000F9D
_PIN_MANAGER_Initialize                         text28       001422
_PIR1bits                                       (abs)        000F9E
_PLLRDY                                         (abs)        007E97
_RCONbits                                       (abs)        000FD0
_RCREG1                                         (abs)        000FAE
_RCSTA1                                         (abs)        000FAB
_RCSTA1bits                                     (abs)        000FAB
_SPBRG1                                         (abs)        000FAF
_SPBRGH1                                        (abs)        000FB0
_SSP1ADD                                        (abs)        000FC8
_SSP1BUF                                        (abs)        000FC9
_SSP1CON1                                       (abs)        000FC6
_SSP1CON2                                       (abs)        000FC5
_SSP1CON2bits                                   (abs)        000FC5
_SSP1STAT                                       (abs)        000FC7
_SSP1STATbits                                   (abs)        000FC7
_SYSTEM_Initialize                              text27       0014EA
_TRISA                                          (abs)        000F92
_TRISB                                          (abs)        000F93
_TRISC                                          (abs)        000F94
_TRISCbits                                      (abs)        000F94
_TXREG1                                         (abs)        000FAD
_TXSTA1                                         (abs)        000FAC
_TXSTA1bits                                     (abs)        000FAC
_WPUB                                           (abs)        000F61
__CFG_BOREN$SBORDIS                             (abs)        000000
__CFG_BORV$190                                  (abs)        000000
__CFG_CCP2MX$PORTC1                             (abs)        000000
__CFG_CCP3MX$PORTB5                             (abs)        000000
__CFG_CP0$OFF                                   (abs)        000000
__CFG_CP1$OFF                                   (abs)        000000
__CFG_CP2$OFF                                   (abs)        000000
__CFG_CP3$OFF                                   (abs)        000000
__CFG_CPB$OFF                                   (abs)        000000
__CFG_CPD$OFF                                   (abs)        000000
__CFG_DEBUG$OFF                                 (abs)        000000
__CFG_EBTR0$OFF                                 (abs)        000000
__CFG_EBTR1$OFF                                 (abs)        000000
__CFG_EBTR2$OFF                                 (abs)        000000
__CFG_EBTR3$OFF                                 (abs)        000000
__CFG_EBTRB$OFF                                 (abs)        000000
__CFG_FCMEN$OFF                                 (abs)        000000
__CFG_FOSC$INTIO67                              (abs)        000000
__CFG_HFOFST$ON                                 (abs)        000000
__CFG_IESO$OFF                                  (abs)        000000
__CFG_LVP$ON                                    (abs)        000000
__CFG_MCLRE$EXTMCLR                             (abs)        000000
__CFG_P2BMX$PORTB5                              (abs)        000000
__CFG_PBADEN$ON                                 (abs)        000000
__CFG_PLLCFG$OFF                                (abs)        000000
__CFG_PRICLKEN$ON                               (abs)        000000
__CFG_PWRTEN$OFF                                (abs)        000000
__CFG_STVREN$ON                                 (abs)        000000
__CFG_T3CMX$PORTC0                              (abs)        000000
__CFG_WDTEN$OFF                                 (abs)        000000
__CFG_WDTPS$32768                               (abs)        000000
__CFG_WRT0$OFF                                  (abs)        000000
__CFG_WRT1$OFF                                  (abs)        000000
__CFG_WRT2$OFF                                  (abs)        000000
__CFG_WRT3$OFF                                  (abs)        000000
__CFG_WRTB$OFF                                  (abs)        000000
__CFG_WRTC$OFF                                  (abs)        000000
__CFG_WRTD$OFF                                  (abs)        000000
__CFG_XINST$OFF                                 (abs)        000000
__HRAM                                          (abs)        000000
__Habs1                                         abs1         000000
__Hbank0                                        bank0        000000
__Hbank1                                        bank1        000000
__Hbank10                                       bank10       000000
__Hbank11                                       bank11       000000
__Hbank12                                       bank12       000000
__Hbank13                                       bank13       000000
__Hbank14                                       bank14       000000
__Hbank15                                       bank15       000000
__Hbank2                                        bank2        000000
__Hbank3                                        bank3        000000
__Hbank4                                        bank4        000000
__Hbank5                                        bank5        000000
__Hbank6                                        bank6        000000
__Hbank7                                        bank7        000000
__Hbank8                                        bank8        000000
__Hbank9                                        bank9        000000
__Hbigbss                                       bigbss       000000
__Hbigdata                                      bigdata      000000
__Hbigram                                       bigram       000000
__Hbss                                          bss          000000
__HbssBANK0                                     bssBANK0     000000
__HbssBANK1                                     bssBANK1     000000
__HbssBANK2                                     bssBANK2     000000
__HbssCOMRAM                                    bssCOMRAM    000000
__Hcinit                                        cinit        000000
__Hclrtext                                      clrtext      000000
__Hcomram                                       comram       000000
__Hconfig                                       config       30000E
__Hconst                                        const        000000
__HcstackBANK0                                  cstackBANK0  000000
__HcstackCOMRAM                                 cstackCOMRAM 000000
__Hdata                                         data         000000
__HdataBANK0                                    dataBANK0    000000
__HdataBANK1                                    dataBANK1    000000
__Heeprom_data                                  eeprom_data  000000
__Hfarbss                                       farbss       000000
__Hfardata                                      fardata      000000
__Hibigdata                                     ibigdata     000000
__Hidata                                        idata        000000
__HidataBANK0                                   idataBANK0   000000
__HidataBANK1                                   idataBANK1   000000
__Hidloc                                        idloc        200008
__Hifardata                                     ifardata     000000
__Hinit                                         init         00006C
__Hintcode                                      intcode      000068
__Hintcode_body                                 intcode_body 000000
__Hintcodelo                                    intcodelo    000068
__Hintentry                                     intentry     000000
__Hintret                                       intret       000000
__Hintsave_regs                                 intsave_regs 000000
__Hirdata                                       irdata       000000
__Hmediumconst                                  mediumconst  010000
__HnvFARRAM                                     nvFARRAM     000000
__Hnvbit                                        nvbit        000000
__Hnvrram                                       nvrram       000000
__Hparam                                        rparam       000000
__Hpowerup                                      powerup      000068
__Hram                                          ram          000000
__Hramtop                                       ramtop       001000
__Hrbit                                         rbit         000000
__Hrbss                                         rbss         000000
__Hrdata                                        rdata        000000
__Hreset_vec                                    reset_vec    000004
__Hrparam                                       rparam       000000
__Hsfr                                          sfr          000000
__Hsmallconst                                   smallconst   000000
__Hspace_0                                      (abs)        30000E
__Hspace_1                                      (abs)        000280
__Hspace_2                                      (abs)        000000
__Hstack                                        stack        000000
__Hstruct                                       struct       000000
__Htemp                                         temp         00005C
__Htext                                         text         000000
__Htext0                                        text0        000000
__Htext1                                        text1        000000
__Htext10                                       text10       000000
__Htext11                                       text11       000000
__Htext12                                       text12       000000
__Htext13                                       text13       000000
__Htext14                                       text14       000000
__Htext15                                       text15       000000
__Htext16                                       text16       000000
__Htext17                                       text17       000000
__Htext18                                       text18       000000
__Htext19                                       text19       000000
__Htext2                                        text2        000000
__Htext20                                       text20       000000
__Htext21                                       text21       000000
__Htext22                                       text22       000000
__Htext23                                       text23       000000
__Htext24                                       text24       000000
__Htext25                                       text25       000000
__Htext26                                       text26       000000
__Htext27                                       text27       000000
__Htext28                                       text28       000000
__Htext29                                       text29       000000
__Htext3                                        text3        000000
__Htext30                                       text30       000000
__Htext31                                       text31       000000
__Htext32                                       text32       000000
__Htext33                                       text33       000000
__Htext34                                       text34       000000
__Htext35                                       text35       000000
__Htext36                                       text36       000000
__Htext38                                       text38       000000
__Htext39                                       text39       000000
__Htext4                                        text4        000000
__Htext40                                       text40       000000
__Htext41                                       text41       000000
__Htext42                                       text42       000000
__Htext43                                       text43       000000
__Htext44                                       text44       000000
__Htext5                                        text5        000000
__Htext6                                        text6        000000
__Htext7                                        text7        000000
__Htext8                                        text8        000000
__Htext9                                        text9        000000
__LRAM                                          (abs)        000001
__Labs1                                         abs1         000000
__Lbank0                                        bank0        000000
__Lbank1                                        bank1        000000
__Lbank10                                       bank10       000000
__Lbank11                                       bank11       000000
__Lbank12                                       bank12       000000
__Lbank13                                       bank13       000000
__Lbank14                                       bank14       000000
__Lbank15                                       bank15       000000
__Lbank2                                        bank2        000000
__Lbank3                                        bank3        000000
__Lbank4                                        bank4        000000
__Lbank5                                        bank5        000000
__Lbank6                                        bank6        000000
__Lbank7                                        bank7        000000
__Lbank8                                        bank8        000000
__Lbank9                                        bank9        000000
__Lbigbss                                       bigbss       000000
__Lbigdata                                      bigdata      000000
__Lbigram                                       bigram       000000
__Lbss                                          bss          000000
__LbssBANK0                                     bssBANK0     000000
__LbssBANK1                                     bssBANK1     000000
__LbssBANK2                                     bssBANK2     000000
__LbssCOMRAM                                    bssCOMRAM    000000
__Lcinit                                        cinit        000000
__Lclrtext                                      clrtext      000000
__Lcomram                                       comram       000000
__Lconfig                                       config       300000
__Lconst                                        const        000000
__LcstackBANK0                                  cstackBANK0  000000
__LcstackCOMRAM                                 cstackCOMRAM 000000
__Ldata                                         data         000000
__LdataBANK0                                    dataBANK0    000000
__LdataBANK1                                    dataBANK1    000000
__Leeprom_data                                  eeprom_data  000000
__Lfarbss                                       farbss       000000
__Lfardata                                      fardata      000000
__Libigdata                                     ibigdata     000000
__Lidata                                        idata        000000
__LidataBANK0                                   idataBANK0   000000
__LidataBANK1                                   idataBANK1   000000
__Lidloc                                        idloc        200000
__Lifardata                                     ifardata     000000
__Linit                                         init         000068
__Lintcode                                      intcode      000008
__Lintcode_body                                 intcode_body 000000
__Lintcodelo                                    intcodelo    000068
__Lintentry                                     intentry     000000
__Lintret                                       intret       000000
__Lintsave_regs                                 intsave_regs 000000
__Lirdata                                       irdata       000000
__Lmediumconst                                  mediumconst  00FE30
__LnvFARRAM                                     nvFARRAM     000000
__Lnvbit                                        nvbit        000000
__Lnvrram                                       nvrram       000000
__Lparam                                        rparam       000000
__Lpowerup                                      powerup      000068
__Lram                                          ram          000000
__Lramtop                                       ramtop       001000
__Lrbit                                         rbit         000000
__Lrbss                                         rbss         000000
__Lrdata                                        rdata        000000
__Lreset_vec                                    reset_vec    000000
__Lrparam                                       rparam       000000
__Lsfr                                          sfr          000000
__Lsmallconst                                   smallconst   000000
__Lspace_0                                      (abs)        000000
__Lspace_1                                      (abs)        000000
__Lspace_2                                      (abs)        000000
__Lstack                                        stack        000000
__Lstruct                                       struct       000000
__Ltemp                                         temp         00005B
__Ltext                                         text         000000
__Ltext0                                        text0        000000
__Ltext1                                        text1        000000
__Ltext10                                       text10       000000
__Ltext11                                       text11       000000
__Ltext12                                       text12       000000
__Ltext13                                       text13       000000
__Ltext14                                       text14       000000
__Ltext15                                       text15       000000
__Ltext16                                       text16       000000
__Ltext17                                       text17       000000
__Ltext18                                       text18       000000
__Ltext19                                       text19       000000
__Ltext2                                        text2        000000
__Ltext20                                       text20       000000
__Ltext21                                       text21       000000
__Ltext22                                       text22       000000
__Ltext23                                       text23       000000
__Ltext24                                       text24       000000
__Ltext25                                       text25       000000
__Ltext26                                       text26       000000
__Ltext27                                       text27       000000
__Ltext28                                       text28       000000
__Ltext29                                       text29       000000
__Ltext3                                        text3        000000
__Ltext30                                       text30       000000
__Ltext31                                       text31       000000
__Ltext32                                       text32       000000
__Ltext33                                       text33       000000
__Ltext34                                       text34       000000
__Ltext35                                       text35       000000
__Ltext36                                       text36       000000
__Ltext38                                       text38       000000
__Ltext39                                       text39       000000
__Ltext4                                        text4        000000
__Ltext40                                       text40       000000
__Ltext41                                       text41       000000
__Ltext42                                       text42       000000
__Ltext43                                       text43       000000
__Ltext44                                       text44       000000
__Ltext5                                        text5        000000
__Ltext6                                        text6        000000
__Ltext7                                        text7        000000
__Ltext8                                        text8        000000
__Ltext9                                        text9        000000
__S0                                            (abs)        30000E
__S1                                            (abs)        000280
__S2                                            (abs)        000000
___aodiv                                        text15       000A48
___aodiv@counter                                cstackCOMRAM 000015
___aodiv@dividend                               cstackCOMRAM 000005
___aodiv@divisor                                cstackCOMRAM 00000D
___aodiv@quotient                               cstackCOMRAM 000017
___aodiv@sign                                   cstackCOMRAM 000016
___aomod                                        text14       000CCC
___aomod@counter                                cstackCOMRAM 000015
___aomod@dividend                               cstackCOMRAM 000005
___aomod@divisor                                cstackCOMRAM 00000D
___aomod@sign                                   cstackCOMRAM 000016
___inthi_sp                                     stack        000000
___intlo_sp                                     stack        000000
___param_bank                                   (abs)        000000
___rparam_used                                  (abs)        000001
___sp                                           stack        000000
___wmul                                         text26       001474
___wmul@multiplicand                            cstackCOMRAM 000007
___wmul@multiplier                              cstackCOMRAM 000005
___wmul@product                                 cstackCOMRAM 000009
__accesstop                                     (abs)        000060
__activetblptr                                  (abs)        000003
__end_of_EUSART1_DefaultErrorHandler            text42       001556
__end_of_EUSART1_DefaultFramingErrorHandler     text41       00155C
__end_of_EUSART1_DefaultOverrunErrorHandler     text40       001550
__end_of_EUSART1_Initialize                     text31       00100A
__end_of_EUSART1_Receive_ISR                    text39       000E88
__end_of_EUSART1_RxDataHandler                  text43       0014BC
__end_of_EUSART1_SetErrorHandler                text36       00154A
__end_of_EUSART1_SetFramingErrorHandler         text35       001540
__end_of_EUSART1_SetOverrunErrorHandler         text34       001536
__end_of_EUSART1_SetRxInterruptHandler          text33       00152C
__end_of_EUSART1_SetTxInterruptHandler          text32       001522
__end_of_EUSART1_Transmit_ISR                   text38       0013CE
__end_of_EUSART1_Write                          text22       001276
__end_of_INTERRUPT_Initialize                   text30       00155A
__end_of_INTERRUPT_InterruptManager             intcode      000068
__end_of_OSCILLATOR_Initialize                  text29       00150E
__end_of_PIN_MANAGER_Initialize                 text28       00144C
__end_of_SYSTEM_Initialize                      text27       0014FC
__end_of___aodiv                                text15       000B90
__end_of___aomod                                text14       000DF0
__end_of___wmul                                 text26       00149A
__end_of__initialization                        cinit        000F8A
__end_of_abs                                    text13       001312
__end_of_atoi                                   text23       000A48
__end_of_ctoa                                   text16       00117E
__end_of_dtoa                                   text12       0006D2
__end_of_fputc                                  text20       001076
__end_of_fputs                                  text19       00123E
__end_of_getReadingTC74                         text2        0013F8
__end_of_i2c_init                               text1        0014D4
__end_of_i2c_read_serial                        text3        000CCC
__end_of_isalpha                                text11       0012E0
__end_of_isdigit                                text25       0013A2
__end_of_islower                                text9        001342
__end_of_isspace                                text24       001206
__end_of_isupper                                text10       001372
__end_of_main                                   text0        0010D8
__end_of_pad                                    text17       000F1E
__end_of_printf                                 text4        001474
__end_of_putch                                  text21       001518
__end_of_strlen                                 text18       001422
__end_of_toupper                                text8        0011C8
__end_of_vfpfcnvrt                              text6        000490
__end_of_vfprintf                               text5        001130
__end_of_xtoa                                   text7        0008FE
__initialization                                cinit        000F1E
__mediumconst                                   mediumconst  00FE30
__pbssBANK0                                     bssBANK0     000060
__pbssBANK1                                     bssBANK1     000100
__pbssBANK2                                     bssBANK2     000200
__pbssCOMRAM                                    bssCOMRAM    000057
__pcinit                                        cinit        000F1E
__pcstackBANK0                                  cstackBANK0  0000AE
__pcstackCOMRAM                                 cstackCOMRAM 000001
__pdataBANK0                                    dataBANK0    0000DF
__pdataBANK1                                    dataBANK1    0001C0
__pidataBANK0                                   idataBANK0   0014D4
__pidataBANK1                                   idataBANK1   001276
__pintcode                                      intcode      000008
__pmediumconst                                  mediumconst  00FE30
__ptext0                                        text0        001076
__ptext1                                        text1        0014BC
__ptext10                                       text10       001342
__ptext11                                       text11       0012AC
__ptext12                                       text12       000490
__ptext13                                       text13       0012E0
__ptext14                                       text14       000CCC
__ptext15                                       text15       000A48
__ptext16                                       text16       001130
__ptext17                                       text17       000E88
__ptext18                                       text18       0013F8
__ptext19                                       text19       001206
__ptext2                                        text2        0013CE
__ptext20                                       text20       00100A
__ptext21                                       text21       00150E
__ptext22                                       text22       00123E
__ptext23                                       text23       0008FE
__ptext24                                       text24       0011C8
__ptext25                                       text25       001372
__ptext26                                       text26       001474
__ptext27                                       text27       0014EA
__ptext28                                       text28       001422
__ptext29                                       text29       0014FC
__ptext3                                        text3        000B90
__ptext30                                       text30       001556
__ptext31                                       text31       000F94
__ptext32                                       text32       001518
__ptext33                                       text33       001522
__ptext34                                       text34       00152C
__ptext35                                       text35       001536
__ptext36                                       text36       001540
__ptext38                                       text38       0013A2
__ptext39                                       text39       000DF0
__ptext4                                        text4        00144C
__ptext40                                       text40       00154A
__ptext41                                       text41       00155A
__ptext42                                       text42       001550
__ptext43                                       text43       00149A
__ptext44                                       text44       000000
__ptext5                                        text5        0010D8
__ptext6                                        text6        00006C
__ptext7                                        text7        0006D2
__ptext8                                        text8        00117E
__ptext9                                        text9        001312
__ramtop                                        ramtop       001000
__size_of_EUSART1_DefaultErrorHandler           (abs)        000000
__size_of_EUSART1_DefaultFramingErrorHandler    (abs)        000000
__size_of_EUSART1_DefaultOverrunErrorHandler    (abs)        000000
__size_of_EUSART1_Initialize                    (abs)        000000
__size_of_EUSART1_Receive_ISR                   (abs)        000000
__size_of_EUSART1_RxDataHandler                 (abs)        000000
__size_of_EUSART1_SetErrorHandler               (abs)        000000
__size_of_EUSART1_SetFramingErrorHandler        (abs)        000000
__size_of_EUSART1_SetOverrunErrorHandler        (abs)        000000
__size_of_EUSART1_SetRxInterruptHandler         (abs)        000000
__size_of_EUSART1_SetTxInterruptHandler         (abs)        000000
__size_of_EUSART1_Transmit_ISR                  (abs)        000000
__size_of_EUSART1_Write                         (abs)        000000
__size_of_INTERRUPT_Initialize                  (abs)        000000
__size_of_INTERRUPT_InterruptManager            (abs)        000000
__size_of_OSCILLATOR_Initialize                 (abs)        000000
__size_of_PIN_MANAGER_Initialize                (abs)        000000
__size_of_SYSTEM_Initialize                     (abs)        000000
__size_of___aodiv                               (abs)        000000
__size_of___aomod                               (abs)        000000
__size_of___wmul                                (abs)        000000
__size_of_abs                                   (abs)        000000
__size_of_atoi                                  (abs)        000000
__size_of_ctoa                                  (abs)        000000
__size_of_dtoa                                  (abs)        000000
__size_of_fputc                                 (abs)        000000
__size_of_fputs                                 (abs)        000000
__size_of_getReadingTC74                        (abs)        000000
__size_of_i2c_init                              (abs)        000000
__size_of_i2c_read_serial                       (abs)        000000
__size_of_isalpha                               (abs)        000000
__size_of_isdigit                               (abs)        000000
__size_of_islower                               (abs)        000000
__size_of_isspace                               (abs)        000000
__size_of_isupper                               (abs)        000000
__size_of_main                                  (abs)        000000
__size_of_pad                                   (abs)        000000
__size_of_printf                                (abs)        000000
__size_of_putch                                 (abs)        000000
__size_of_strlen                                (abs)        000000
__size_of_toupper                               (abs)        000000
__size_of_vfpfcnvrt                             (abs)        000000
__size_of_vfprintf                              (abs)        000000
__size_of_xtoa                                  (abs)        000000
__smallconst                                    smallconst   000000
_abs                                            text13       0012E0
_atoi                                           text23       0008FE
_atoi$1684                                      cstackCOMRAM 000014
_atoi$1685                                      cstackCOMRAM 000018
_atoi$1686                                      cstackCOMRAM 000016
_ctoa                                           text16       001130
_data_out                                       bssBANK0     0000AA
_dbuf                                           bssBANK0     00007B
_degree_pos                                     dataBANK0    0000E3
_display_addr                                   dataBANK0    0000EA
_display_init                                   dataBANK0    0000DF
_dtoa                                           text12       000490
_dtoa$1200                                      cstackCOMRAM 000034
_eeprom_addr                                    dataBANK0    0000E9
_eeprom_addr0000                                bssBANK0     000074
_eeprom_buffer                                  bssBANK2     000200
_eeprom_write                                   dataBANK1    0001E4
_eusart1RxBuffer                                bssBANK1     000140
_eusart1RxCount                                 bssBANK0     000077
_eusart1RxHead                                  bssCOMRAM    00005A
_eusart1RxLastError                             bssBANK0     000076
_eusart1RxStatusBuffer                          bssBANK1     000100
_eusart1RxTail                                  bssCOMRAM    000059
_eusart1TxBuffer                                bssBANK1     000180
_eusart1TxBufferRemaining                       bssBANK0     000078
_eusart1TxHead                                  bssBANK0     00007A
_eusart1TxTail                                  bssBANK0     000079
_first_line                                     dataBANK0    0000E7
_flags                                          bssCOMRAM    000057
_fputc                                          text20       00100A
_fputs                                          text19       001206
_getReadingTC74                                 text2        0013CE
_i2c_init                                       text1        0014BC
_i2c_read_serial                                text3        000B90
_isalpha                                        text11       0012AC
_isdigit                                        text25       001372
_islower                                        text9        001312
_isspace                                        text24       0011C8
_isspace$1711                                   cstackCOMRAM 00000B
_isupper                                        text10       001342
_main                                           text0        001076
_minus                                          dataBANK0    0000F2
_moist_pos                                      dataBANK0    0000EE
_moist_string                                   dataBANK1    0001C0
_nout                                           bssBANK0     000064
_pad                                            text17       000E88
_prec                                           bssBANK0     000068
_precission                                     dataBANK0    0000ED
_printf                                         text4        00144C
_putch                                          text21       00150E
_shift_line                                     dataBANK0    0000E5
_strlen                                         text18       0013F8
_temp_pos                                       dataBANK0    0000F0
_temp_string                                    dataBANK1    0001D2
_tempaddrTC74                                   dataBANK0    0000EB
_temperature_addr                               dataBANK0    0000EC
_tmp_string                                     bssBANK0     00009B
_toupper                                        text8        00117E
_toupper$1775                                   cstackCOMRAM 000011
_vfpfcnvrt                                      text6        00006C
_vfpfcnvrt$1225                                 cstackBANK0  0000C0
_vfprintf                                       text5        0010D8
_width                                          bssBANK0     000066
_xtoa                                           text7        0006D2
_xtoa$1210                                      cstackCOMRAM 000035
_xtoa$1211                                      cstackCOMRAM 000037
abs@a                                           cstackCOMRAM 000017
atoi@n                                          cstackCOMRAM 000019
atoi@neg                                        cstackCOMRAM 000012
atoi@s                                          cstackCOMRAM 00000C
btemp                                           temp         00005B
ctoa@c                                          cstackCOMRAM 000024
ctoa@fp                                         cstackCOMRAM 000022
ctoa@w                                          cstackCOMRAM 000025
dtoa@d                                          cstackCOMRAM 000024
dtoa@fp                                         cstackCOMRAM 000022
dtoa@i                                          cstackCOMRAM 000044
dtoa@n                                          cstackCOMRAM 00003C
dtoa@p                                          cstackCOMRAM 000036
dtoa@s                                          cstackCOMRAM 00003A
dtoa@w                                          cstackCOMRAM 000038
end_of_initialization                           cinit        000F8A
fputc@c                                         cstackCOMRAM 000007
fputc@fp                                        cstackCOMRAM 000009
fputs@c                                         cstackCOMRAM 000014
fputs@fp                                        cstackCOMRAM 000012
fputs@i                                         cstackCOMRAM 000015
fputs@s                                         cstackCOMRAM 000010
i2c_read_serial@addr                            cstackBANK0  0000DC
i2c_read_serial@data_out                        cstackBANK0  0000D3
i2c_read_serial@i                               cstackBANK0  0000DE
i2c_read_serial@length                          cstackBANK0  0000D5
i2c_read_serial@targetAddr                      cstackBANK0  0000DD
int$flags                                       temp         00005B
intlevel0                                       text         000000
intlevel1                                       text         000000
intlevel2                                       text         000000
intlevel3                                       text         000000
isalpha@c                                       cstackCOMRAM 000005
isdigit@c                                       cstackCOMRAM 000005
islower@c                                       cstackCOMRAM 000005
isspace@c                                       cstackCOMRAM 000005
isupper@c                                       cstackCOMRAM 000005
pad@buf                                         cstackCOMRAM 000019
pad@fp                                          cstackCOMRAM 000017
pad@i                                           cstackCOMRAM 00001E
pad@p                                           cstackCOMRAM 00001B
pad@w                                           cstackCOMRAM 000020
printf@ap                                       cstackBANK0  0000D1
printf@fmt                                      cstackBANK0  0000C9
putch@txData                                    cstackCOMRAM 000006
stackhi                                         (abs)        000F37
stacklo                                         (abs)        000280
start                                           init         000068
start_initialization                            cinit        000F1E
strlen@a                                        cstackCOMRAM 000007
strlen@s                                        cstackCOMRAM 000005
toupper@c                                       cstackCOMRAM 00000B
ttemp5                                          temp         00005C
ttemp6                                          temp         00005F
ttemp7                                          temp         000063
vfpfcnvrt@ap                                    cstackCOMRAM 00004D
vfpfcnvrt@c                                     cstackBANK0  0000C2
vfpfcnvrt@done                                  cstackBANK0  0000BE
vfpfcnvrt@fmt                                   cstackCOMRAM 00004B
vfpfcnvrt@fp                                    cstackCOMRAM 000049
vfpfcnvrt@ll                                    cstackBANK0  0000AE
vfpfcnvrt@llu                                   cstackBANK0  0000B6
vfprintf@ap                                     cstackBANK0  0000C7
vfprintf@cfmt                                   cstackCOMRAM 000053
vfprintf@fmt                                    cstackBANK0  0000C5
vfprintf@fp                                     cstackBANK0  0000C3
wtemp8                                          temp         00005C
xtoa@c                                          cstackCOMRAM 000047
xtoa@d                                          cstackCOMRAM 000024
xtoa@fp                                         cstackCOMRAM 000022
xtoa@i                                          cstackCOMRAM 000045
xtoa@n                                          cstackCOMRAM 00003D
xtoa@p                                          cstackCOMRAM 000039
xtoa@w                                          cstackCOMRAM 00003B
xtoa@x                                          cstackCOMRAM 00002C


FUNCTION INFORMATION:

 *************** function _main *****************
 Defined at:
		line 64 in file "main.c"
 Parameters:    Size  Location     Type
		None
 Auto vars:     Size  Location     Type
		None
 Return value:  Size  Location     Type
                  1    wreg      void 
 Registers used:
		wreg, fsr1l, fsr1h, fsr2l, fsr2h, status,2, status,0, tblptrl, tblptrh, tblptru, prodl, prodh, cstack
 Tracked objects:
		On entry : 
		On exit  : 
		Unchanged: 
 Data sizes:     COMRAM   BANK0   BANK1   BANK2   BANK3   BANK4   BANK5   BANK6   BANK7   BANK8   BANK9  BANK10  BANK11  BANK12  BANK13  BANK14  BANK15
      Params:         0       0       0       0       0       0       0       0       0       0       0       0       0       0       0       0       0
      Locals:         0       0       0       0       0       0       0       0       0       0       0       0       0       0       0       0       0
      Temps:          2       0       0       0       0       0       0       0       0       0       0       0       0       0       0       0       0
      Totals:         2       0       0       0       0       0       0       0       0       0       0       0       0       0       0       0       0
Total ram usage:        2 bytes
 Hardware stack levels required when called:   15
 This function calls:
		_EUSART1_Initialize
		_SYSTEM_Initialize
		_getReadingTC74
		_i2c_init
		_printf
 This function is called by:
		Startup code after reset
 This function uses a non-reentrant model


 *************** function _i2c_init *****************
 Defined at:
		line 109 in file "main.c"
 Parameters:    Size  Location     Type
		None
 Auto vars:     Size  Location     Type
		None
 Return value:  Size  Location     Type
                  1    wreg      void 
 Registers used:
		wreg, status,2
 Tracked objects:
		On entry : 
		On exit  : 
		Unchanged: 
 Data sizes:     COMRAM   BANK0   BANK1   BANK2   BANK3   BANK4   BANK5   BANK6   BANK7   BANK8   BANK9  BANK10  BANK11  BANK12  BANK13  BANK14  BANK15
      Params:         0       0       0       0       0       0       0       0       0       0       0       0       0       0       0       0       0
      Locals:         0       0       0       0       0       0       0       0       0       0       0       0       0       0       0       0       0
      Temps:          0       0       0       0       0       0       0       0       0       0       0       0       0       0       0       0       0
      Totals:         0       0       0       0       0       0       0       0       0       0       0       0       0       0       0       0       0
Total ram usage:        0 bytes
 Hardware stack levels used:    1
 Hardware stack levels required when called:    4
 This function calls:
		Nothing
 This function is called by:
		_main
 This function uses a non-reentrant model


 *************** function _getReadingTC74 *****************
 Defined at:
		line 408 in file "main.c"
 Parameters:    Size  Location     Type
		None
 Auto vars:     Size  Location     Type
		None
 Return value:  Size  Location     Type
                  1    wreg      void 
 Registers used:
		wreg, fsr1l, fsr1h, fsr2l, fsr2h, status,2, status,0, tblptrl, tblptrh, tblptru, prodl, prodh, cstack
 Tracked objects:
		On entry : 
		On exit  : 
		Unchanged: 
 Data sizes:     COMRAM   BANK0   BANK1   BANK2   BANK3   BANK4   BANK5   BANK6   BANK7   BANK8   BANK9  BANK10  BANK11  BANK12  BANK13  BANK14  BANK15
      Params:         0       0       0       0       0       0       0       0       0       0       0       0       0       0       0       0       0
      Locals:         0       0       0       0       0       0       0       0       0       0       0       0       0       0       0       0       0
      Temps:          0       0       0       0       0       0       0       0       0       0       0       0       0       0       0       0       0
      Totals:         0       0       0       0       0       0       0       0       0       0       0       0       0       0       0       0       0
Total ram usage:        0 bytes
 Hardware stack levels used:    1
 Hardware stack levels required when called:   14
 This function calls:
		_i2c_read_serial
		_printf
 This function is called by:
		_main
 This function uses a non-reentrant model


 *************** function _i2c_read_serial *****************
 Defined at:
		line 208 in file "main.c"
 Parameters:    Size  Location     Type
  addr            1    wreg     unsigned char 
  data_out        2   37[BANK0 ] PTR unsigned char 
		 -> data_out(4), 
  length          1   39[BANK0 ] unsigned char 
 Auto vars:     Size  Location     Type
  addr            1   46[BANK0 ] unsigned char 
  i               1   48[BANK0 ] unsigned char 
  targetAddr      1   47[BANK0 ] unsigned char 
 Return value:  Size  Location     Type
                  1    wreg      void 
 Registers used:
		wreg, fsr1l, fsr1h, fsr2l, fsr2h, status,2, status,0, tblptrl, tblptrh, tblptru, prodl, prodh, cstack
 Tracked objects:
		On entry : 
		On exit  : 
		Unchanged: 
 Data sizes:     COMRAM   BANK0   BANK1   BANK2   BANK3   BANK4   BANK5   BANK6   BANK7   BANK8   BANK9  BANK10  BANK11  BANK12  BANK13  BANK14  BANK15
      Params:         0       3       0       0       0       0       0       0       0       0       0       0       0       0       0       0       0
      Locals:         0       3       0       0       0       0       0       0       0       0       0       0       0       0       0       0       0
      Temps:          0       6       0       0       0       0       0       0       0       0       0       0       0       0       0       0       0
      Totals:         0      12       0       0       0       0       0       0       0       0       0       0       0       0       0       0       0
Total ram usage:       12 bytes
 Hardware stack levels used:    1
 Hardware stack levels required when called:   13
 This function calls:
		_printf
 This function is called by:
		_getReadingTC74
		_getReading
 This function uses a non-reentrant model


 *************** function _printf *****************
 Defined at:
		line 5 in file "C:\Program Files (x86)\Microchip\xc8\v2.05\pic\sources\c99\common\printf.c"
 Parameters:    Size  Location     Type
  fmt             2   27[BANK0 ] PTR const unsigned char 
		 -> STR_25(22), STR_24(35), STR_23(25), STR_22(17), 
		 -> STR_21(16), STR_20(13), STR_19(26), STR_18(18), 
		 -> STR_17(17), STR_16(37), STR_15(35), STR_14(25), 
		 -> STR_13(17), STR_12(34), STR_11(31), STR_10(19), 
		 -> STR_9(31), STR_8(14), STR_7(29), STR_6(18), 
		 -> STR_5(18), STR_4(17), STR_3(37), STR_2(18), 
		 -> STR_1(18), 
 Auto vars:     Size  Location     Type
  ap              2   35[BANK0 ] PTR void [1]
		 -> ?_printf(2), 
  ret             2    0        int 
 Return value:  Size  Location     Type
                  2   27[BANK0 ] int 
 Registers used:
		wreg, fsr1l, fsr1h, fsr2l, fsr2h, status,2, status,0, tblptrl, tblptrh, tblptru, prodl, prodh, cstack
 Tracked objects:
		On entry : 
		On exit  : 
		Unchanged: 
 Data sizes:     COMRAM   BANK0   BANK1   BANK2   BANK3   BANK4   BANK5   BANK6   BANK7   BANK8   BANK9  BANK10  BANK11  BANK12  BANK13  BANK14  BANK15
      Params:         0       6       0       0       0       0       0       0       0       0       0       0       0       0       0       0       0
      Locals:         0       4       0       0       0       0       0       0       0       0       0       0       0       0       0       0       0
      Temps:          0       0       0       0       0       0       0       0       0       0       0       0       0       0       0       0       0
      Totals:         0      10       0       0       0       0       0       0       0       0       0       0       0       0       0       0       0
Total ram usage:       10 bytes
 Hardware stack levels used:    1
 Hardware stack levels required when called:   12
 This function calls:
		_vfprintf
 This function is called by:
		_main
		_i2c_read_serial
		_getReadingTC74
		_i2c_write_serial
 This function uses a non-reentrant model


 *************** function _vfprintf *****************
 Defined at:
		line 1368 in file "C:\Program Files (x86)\Microchip\xc8\v2.05\pic\sources\c99\common\doprnt.c"
 Parameters:    Size  Location     Type
  fp              2   21[BANK0 ] PTR struct _IO_FILE
		 -> NULL(0), 
  fmt             2   23[BANK0 ] PTR const unsigned char 
		 -> STR_25(22), STR_24(35), STR_23(25), STR_22(17), 
		 -> STR_21(16), STR_20(13), STR_19(26), STR_18(18), 
		 -> STR_17(17), STR_16(37), STR_15(35), STR_14(25), 
		 -> STR_13(17), STR_12(34), STR_11(31), STR_10(19), 
		 -> STR_9(31), STR_8(14), STR_7(29), STR_6(18), 
		 -> STR_5(18), STR_4(17), STR_3(37), STR_2(18), 
		 -> STR_1(18), 
  ap              2   25[BANK0 ] PTR PTR void 
		 -> printf@ap(2), 
 Auto vars:     Size  Location     Type
  cfmt            2   82[COMRAM] PTR unsigned char 
		 -> STR_25(22), STR_24(35), STR_23(25), STR_22(17), 
		 -> STR_21(16), STR_20(13), STR_19(26), STR_18(18), 
		 -> STR_17(17), STR_16(37), STR_15(35), STR_14(25), 
		 -> STR_13(17), STR_12(34), STR_11(31), STR_10(19), 
		 -> STR_9(31), STR_8(14), STR_7(29), STR_6(18), 
		 -> STR_5(18), STR_4(17), STR_3(37), STR_2(18), 
		 -> STR_1(18), 
 Return value:  Size  Location     Type
                  2   21[BANK0 ] int 
 Registers used:
		wreg, fsr1l, fsr1h, fsr2l, fsr2h, status,2, status,0, tblptrl, tblptrh, tblptru, prodl, prodh, cstack
 Tracked objects:
		On entry : 
		On exit  : 
		Unchanged: 
 Data sizes:     COMRAM   BANK0   BANK1   BANK2   BANK3   BANK4   BANK5   BANK6   BANK7   BANK8   BANK9  BANK10  BANK11  BANK12  BANK13  BANK14  BANK15
      Params:         0       6       0       0       0       0       0       0       0       0       0       0       0       0       0       0       0
      Locals:         2       0       0       0       0       0       0       0       0       0       0       0       0       0       0       0       0
      Temps:          0       0       0       0       0       0       0       0       0       0       0       0       0       0       0       0       0
      Totals:         2       6       0       0       0       0       0       0       0       0       0       0       0       0       0       0       0
Total ram usage:        8 bytes
 Hardware stack levels used:    1
 Hardware stack levels required when called:   11
 This function calls:
		_vfpfcnvrt
 This function is called by:
		_printf
 This function uses a non-reentrant model


 *************** function _vfpfcnvrt *****************
 Defined at:
		line 670 in file "C:\Program Files (x86)\Microchip\xc8\v2.05\pic\sources\c99\common\doprnt.c"
 Parameters:    Size  Location     Type
  fp              2   72[COMRAM] PTR struct _IO_FILE
		 -> NULL(0), 
  fmt             2   74[COMRAM] PTR PTR unsigned char 
		 -> vfprintf@cfmt(2), 
  ap              2   76[COMRAM] PTR PTR void 
		 -> printf@ap(2), 
 Auto vars:     Size  Location     Type
  llu             8    8[BANK0 ] unsigned long long 
  ll              8    0[BANK0 ] long long 
  f               4    0        long long 
  vp              3    0        PTR void 
  ct              3    0        unsigned char [3]
  cp              3    0        PTR unsigned char 
  done            2   16[BANK0 ] int 
  i               2    0        int 
  c               1   20[BANK0 ] unsigned char 
 Return value:  Size  Location     Type
                  2   72[COMRAM] int 
 Registers used:
		wreg, fsr1l, fsr1h, fsr2l, fsr2h, status,2, status,0, tblptrl, tblptrh, tblptru, prodl, prodh, cstack
 Tracked objects:
		On entry : 
		On exit  : 
		Unchanged: 
 Data sizes:     COMRAM   BANK0   BANK1   BANK2   BANK3   BANK4   BANK5   BANK6   BANK7   BANK8   BANK9  BANK10  BANK11  BANK12  BANK13  BANK14  BANK15
      Params:         6       0       0       0       0       0       0       0       0       0       0       0       0       0       0       0       0
      Locals:         0      21       0       0       0       0       0       0       0       0       0       0       0       0       0       0       0
      Temps:          4       0       0       0       0       0       0       0       0       0       0       0       0       0       0       0       0
      Totals:        10      21       0       0       0       0       0       0       0       0       0       0       0       0       0       0       0
Total ram usage:       31 bytes
 Hardware stack levels used:    1
 Hardware stack levels required when called:   10
 This function calls:
		_atoi
		_ctoa
		_dtoa
		_fputc
		_isdigit
		_xtoa
 This function is called by:
		_vfprintf
 This function uses a non-reentrant model


 *************** function _xtoa *****************
 Defined at:
		line 623 in file "C:\Program Files (x86)\Microchip\xc8\v2.05\pic\sources\c99\common\doprnt.c"
 Parameters:    Size  Location     Type
  fp              2   33[COMRAM] PTR struct _IO_FILE
		 -> NULL(0), 
  d               8   35[COMRAM] unsigned long long 
  x               1   43[COMRAM] unsigned char 
 Auto vars:     Size  Location     Type
  n               8   60[COMRAM] unsigned long long 
  c               2   70[COMRAM] int 
  i               2   68[COMRAM] int 
  w               2   58[COMRAM] int 
  p               2   56[COMRAM] int 
 Return value:  Size  Location     Type
                  2   33[COMRAM] int 
 Registers used:
		wreg, fsr1l, fsr1h, fsr2l, fsr2h, status,2, status,0, cstack
 Tracked objects:
		On entry : 
		On exit  : 
		Unchanged: 
 Data sizes:     COMRAM   BANK0   BANK1   BANK2   BANK3   BANK4   BANK5   BANK6   BANK7   BANK8   BANK9  BANK10  BANK11  BANK12  BANK13  BANK14  BANK15
      Params:        11       0       0       0       0       0       0       0       0       0       0       0       0       0       0       0       0
      Locals:        20       0       0       0       0       0       0       0       0       0       0       0       0       0       0       0       0
      Temps:          8       0       0       0       0       0       0       0       0       0       0       0       0       0       0       0       0
      Totals:        39       0       0       0       0       0       0       0       0       0       0       0       0       0       0       0       0
Total ram usage:       39 bytes
 Hardware stack levels used:    1
 Hardware stack levels required when called:    9
 This function calls:
		_isalpha
		_isupper
		_pad
		_toupper
 This function is called by:
		_vfpfcnvrt
 This function uses a non-reentrant model


 *************** function _toupper *****************
 Defined at:
		line 4 in file "C:\Program Files (x86)\Microchip\xc8\v2.05\pic\sources\c99\common\toupper.c"
 Parameters:    Size  Location     Type
  c               2   10[COMRAM] int 
 Auto vars:     Size  Location     Type
		None
 Return value:  Size  Location     Type
                  2   10[COMRAM] int 
 Registers used:
		wreg, status,2, status,0
 Tracked objects:
		On entry : 
		On exit  : 
		Unchanged: 
 Data sizes:     COMRAM   BANK0   BANK1   BANK2   BANK3   BANK4   BANK5   BANK6   BANK7   BANK8   BANK9  BANK10  BANK11  BANK12  BANK13  BANK14  BANK15
      Params:         2       0       0       0       0       0       0       0       0       0       0       0       0       0       0       0       0
      Locals:         2       0       0       0       0       0       0       0       0       0       0       0       0       0       0       0       0
      Temps:          4       0       0       0       0       0       0       0       0       0       0       0       0       0       0       0       0
      Totals:         8       0       0       0       0       0       0       0       0       0       0       0       0       0       0       0       0
Total ram usage:        8 bytes
 Hardware stack levels used:    1
 Hardware stack levels required when called:    5
 This function calls:
		_islower
 This function is called by:
		_xtoa
 This function uses a non-reentrant model


 *************** function _islower *****************
 Defined at:
		line 5 in file "C:\Program Files (x86)\Microchip\xc8\v2.05\pic\sources\c99\common\islower.c"
 Parameters:    Size  Location     Type
  c               2    4[COMRAM] int 
 Auto vars:     Size  Location     Type
		None
 Return value:  Size  Location     Type
                  2    4[COMRAM] int 
 Registers used:
		wreg, status,2, status,0
 Tracked objects:
		On entry : 
		On exit  : 
		Unchanged: 
[...]
 Auto vars:     Size  Location     Type
		None
 Return value:  Size  Location     Type
                  1    wreg      void 
 Registers used:
		wreg, status,2, status,0
 Tracked objects:
		On entry : 
		On exit  : 
		Unchanged: 
 Data sizes:     COMRAM   BANK0   BANK1   BANK2   BANK3   BANK4   BANK5   BANK6   BANK7   BANK8   BANK9  BANK10  BANK11  BANK12  BANK13  BANK14  BANK15
      Params:         2       0       0       0       0       0       0       0       0       0       0       0       0       0       0       0       0
      Locals:         0       0       0       0       0       0       0       0       0       0       0       0       0       0       0       0       0
      Temps:          0       0       0       0       0       0       0       0       0       0       0       0       0       0       0       0       0
      Totals:         2       0       0       0       0       0       0       0       0       0       0       0       0       0       0       0       0
Total ram usage:        2 bytes
 Hardware stack levels used:    1
 Hardware stack levels required when called:    4
 This function calls:
		Nothing
 This function is called by:
		_EUSART1_Initialize
 This function uses a non-reentrant model


 *************** function _EUSART1_SetFramingErrorHandler *****************
 Defined at:
		line 273 in file "mcc_generated_files/eusart1.c"
 Parameters:    Size  Location     Type
  interruptHan    2    4[COMRAM] PTR FTN()void 
		 -> EUSART1_DefaultFramingErrorHandler(1), 
 Auto vars:     Size  Location     Type
		None
 Return value:  Size  Location     Type
                  1    wreg      void 
 Registers used:
		wreg, status,2, status,0
 Tracked objects:
		On entry : 
		On exit  : 
		Unchanged: 
 Data sizes:     COMRAM   BANK0   BANK1   BANK2   BANK3   BANK4   BANK5   BANK6   BANK7   BANK8   BANK9  BANK10  BANK11  BANK12  BANK13  BANK14  BANK15
      Params:         2       0       0       0       0       0       0       0       0       0       0       0       0       0       0       0       0
      Locals:         0       0       0       0       0       0       0       0       0       0       0       0       0       0       0       0       0
      Temps:          0       0       0       0       0       0       0       0       0       0       0       0       0       0       0       0       0
      Totals:         2       0       0       0       0       0       0       0       0       0       0       0       0       0       0       0       0
Total ram usage:        2 bytes
 Hardware stack levels used:    1
 Hardware stack levels required when called:    4
 This function calls:
		Nothing
 This function is called by:
		_EUSART1_Initialize
 This function uses a non-reentrant model


 *************** function _EUSART1_SetErrorHandler *****************
 Defined at:
		line 281 in file "mcc_generated_files/eusart1.c"
 Parameters:    Size  Location     Type
  interruptHan    2    4[COMRAM] PTR FTN()void 
		 -> EUSART1_DefaultErrorHandler(1), 
 Auto vars:     Size  Location     Type
		None
 Return value:  Size  Location     Type
                  1    wreg      void 
 Registers used:
		wreg, status,2, status,0
 Tracked objects:
		On entry : 
		On exit  : 
		Unchanged: 
 Data sizes:     COMRAM   BANK0   BANK1   BANK2   BANK3   BANK4   BANK5   BANK6   BANK7   BANK8   BANK9  BANK10  BANK11  BANK12  BANK13  BANK14  BANK15
      Params:         2       0       0       0       0       0       0       0       0       0       0       0       0       0       0       0       0
      Locals:         0       0       0       0       0       0       0       0       0       0       0       0       0       0       0       0       0
      Temps:          0       0       0       0       0       0       0       0       0       0       0       0       0       0       0       0       0
      Totals:         2       0       0       0       0       0       0       0       0       0       0       0       0       0       0       0       0
Total ram usage:        2 bytes
 Hardware stack levels used:    1
 Hardware stack levels required when called:    4
 This function calls:
		Nothing
 This function is called by:
		_EUSART1_Initialize
 This function uses a non-reentrant model


 *************** function _INTERRUPT_InterruptManager *****************
 Defined at:
		line 58 in file "mcc_generated_files/interrupt_manager.c"
 Parameters:    Size  Location     Type
		None
 Auto vars:     Size  Location     Type
		None
 Return value:  Size  Location     Type
                  1    wreg      void 
 Registers used:
		wreg, fsr2l, fsr2h, status,2, status,0, pclath, tosl, cstack
 Tracked objects:
		On entry : 
		On exit  : 
		Unchanged: 
 Data sizes:     COMRAM   BANK0   BANK1   BANK2   BANK3   BANK4   BANK5   BANK6   BANK7   BANK8   BANK9  BANK10  BANK11  BANK12  BANK13  BANK14  BANK15
      Params:         0       0       0       0       0       0       0       0       0       0       0       0       0       0       0       0       0
      Locals:         0       0       0       0       0       0       0       0       0       0       0       0       0       0       0       0       0
      Temps:          4       0       0       0       0       0       0       0       0       0       0       0       0       0       0       0       0
      Totals:         4       0       0       0       0       0       0       0       0       0       0       0       0       0       0       0       0
Total ram usage:        4 bytes
 Hardware stack levels used:    1
 Hardware stack levels required when called:    3
 This function calls:
		Absolute function
		_EUSART1_Receive_ISR
		_EUSART1_Transmit_ISR
 This function is called by:
		Interrupt level 2
 This function uses a non-reentrant model


 *************** function _EUSART1_Transmit_ISR *****************
 Defined at:
		line 206 in file "mcc_generated_files/eusart1.c"
 Parameters:    Size  Location     Type
		None
 Auto vars:     Size  Location     Type
		None
 Return value:  Size  Location     Type
                  1    wreg      void 
 Registers used:
		wreg, fsr2l, fsr2h, status,2, status,0
 Tracked objects:
		On entry : 
		On exit  : 
		Unchanged: 
 Data sizes:     COMRAM   BANK0   BANK1   BANK2   BANK3   BANK4   BANK5   BANK6   BANK7   BANK8   BANK9  BANK10  BANK11  BANK12  BANK13  BANK14  BANK15
      Params:         0       0       0       0       0       0       0       0       0       0       0       0       0       0       0       0       0
      Locals:         0       0       0       0       0       0       0       0       0       0       0       0       0       0       0       0       0
      Temps:          0       0       0       0       0       0       0       0       0       0       0       0       0       0       0       0       0
      Totals:         0       0       0       0       0       0       0       0       0       0       0       0       0       0       0       0       0
Total ram usage:        0 bytes
 Hardware stack levels used:    1
 This function calls:
		Nothing
 This function is called by:
		_EUSART1_Initialize
		_INTERRUPT_InterruptManager
 This function uses a non-reentrant model


 *************** function _EUSART1_Receive_ISR *****************
 Defined at:
		line 225 in file "mcc_generated_files/eusart1.c"
 Parameters:    Size  Location     Type
		None
 Auto vars:     Size  Location     Type
		None
 Return value:  Size  Location     Type
                  1    wreg      void 
 Registers used:
		wreg, fsr2l, fsr2h, status,2, status,0, pclath, tosl, cstack
 Tracked objects:
		On entry : 
		On exit  : 
		Unchanged: 
 Data sizes:     COMRAM   BANK0   BANK1   BANK2   BANK3   BANK4   BANK5   BANK6   BANK7   BANK8   BANK9  BANK10  BANK11  BANK12  BANK13  BANK14  BANK15
      Params:         0       0       0       0       0       0       0       0       0       0       0       0       0       0       0       0       0
      Locals:         0       0       0       0       0       0       0       0       0       0       0       0       0       0       0       0       0
      Temps:          0       0       0       0       0       0       0       0       0       0       0       0       0       0       0       0       0
      Totals:         0       0       0       0       0       0       0       0       0       0       0       0       0       0       0       0       0
Total ram usage:        0 bytes
 Hardware stack levels used:    1
 Hardware stack levels required when called:    2
 This function calls:
		Absolute function
		_EUSART1_DefaultErrorHandler
		_EUSART1_DefaultFramingErrorHandler
		_EUSART1_DefaultOverrunErrorHandler
		_EUSART1_RxDataHandler
 This function is called by:
		_EUSART1_Initialize
		_INTERRUPT_InterruptManager
 This function uses a non-reentrant model


 *************** function _EUSART1_DefaultOverrunErrorHandler *****************
 Defined at:
		line 261 in file "mcc_generated_files/eusart1.c"
 Parameters:    Size  Location     Type
		None
 Auto vars:     Size  Location     Type
		None
 Return value:  Size  Location     Type
                  1    wreg      void 
 Registers used:
		None
 Tracked objects:
		On entry : 
		On exit  : 
		Unchanged: 
 Data sizes:     COMRAM   BANK0   BANK1   BANK2   BANK3   BANK4   BANK5   BANK6   BANK7   BANK8   BANK9  BANK10  BANK11  BANK12  BANK13  BANK14  BANK15
      Params:         0       0       0       0       0       0       0       0       0       0       0       0       0       0       0       0       0
      Locals:         0       0       0       0       0       0       0       0       0       0       0       0       0       0       0       0       0
      Temps:          0       0       0       0       0       0       0       0       0       0       0       0       0       0       0       0       0
      Totals:         0       0       0       0       0       0       0       0       0       0       0       0       0       0       0       0       0
Total ram usage:        0 bytes
 Hardware stack levels used:    1
 This function calls:
		Nothing
 This function is called by:
		_EUSART1_Initialize
		_EUSART1_Receive_ISR
 This function uses a non-reentrant model


 *************** function _EUSART1_DefaultFramingErrorHandler *****************
 Defined at:
		line 259 in file "mcc_generated_files/eusart1.c"
 Parameters:    Size  Location     Type
		None
 Auto vars:     Size  Location     Type
		None
 Return value:  Size  Location     Type
                  1    wreg      void 
 Registers used:
		None
 Tracked objects:
		On entry : 
		On exit  : 
		Unchanged: 
 Data sizes:     COMRAM   BANK0   BANK1   BANK2   BANK3   BANK4   BANK5   BANK6   BANK7   BANK8   BANK9  BANK10  BANK11  BANK12  BANK13  BANK14  BANK15
      Params:         0       0       0       0       0       0       0       0       0       0       0       0       0       0       0       0       0
      Locals:         0       0       0       0       0       0       0       0       0       0       0       0       0       0       0       0       0
      Temps:          0       0       0       0       0       0       0       0       0       0       0       0       0       0       0       0       0
      Totals:         0       0       0       0       0       0       0       0       0       0       0       0       0       0       0       0       0
Total ram usage:        0 bytes
 Hardware stack levels used:    1
 This function calls:
		Nothing
 This function is called by:
		_EUSART1_Initialize
		_EUSART1_Receive_ISR
 This function uses a non-reentrant model


 *************** function _EUSART1_DefaultErrorHandler *****************
 Defined at:
		line 269 in file "mcc_generated_files/eusart1.c"
 Parameters:    Size  Location     Type
		None
 Auto vars:     Size  Location     Type
		None
 Return value:  Size  Location     Type
                  1    wreg      void 
 Registers used:
		wreg, fsr2l, fsr2h, status,2, status,0, cstack
 Tracked objects:
		On entry : 
		On exit  : 
		Unchanged: 
 Data sizes:     COMRAM   BANK0   BANK1   BANK2   BANK3   BANK4   BANK5   BANK6   BANK7   BANK8   BANK9  BANK10  BANK11  BANK12  BANK13  BANK14  BANK15
      Params:         0       0       0       0       0       0       0       0       0       0       0       0       0       0       0       0       0
      Locals:         0       0       0       0       0       0       0       0       0       0       0       0       0       0       0       0       0
      Temps:          0       0       0       0       0       0       0       0       0       0       0       0       0       0       0       0       0
      Totals:         0       0       0       0       0       0       0       0       0       0       0       0       0       0       0       0       0
Total ram usage:        0 bytes
 Hardware stack levels used:    1
 Hardware stack levels required when called:    1
 This function calls:
		_EUSART1_RxDataHandler
 This function is called by:
		_EUSART1_Initialize
		_EUSART1_Receive_ISR
 This function uses a non-reentrant model


 *************** function _EUSART1_RxDataHandler *****************
 Defined at:
		line 249 in file "mcc_generated_files/eusart1.c"
 Parameters:    Size  Location     Type
		None
 Auto vars:     Size  Location     Type
		None
 Return value:  Size  Location     Type
                  1    wreg      void 
 Registers used:
		wreg, fsr2l, fsr2h, status,2, status,0
 Tracked objects:
		On entry : 
		On exit  : 
		Unchanged: 
 Data sizes:     COMRAM   BANK0   BANK1   BANK2   BANK3   BANK4   BANK5   BANK6   BANK7   BANK8   BANK9  BANK10  BANK11  BANK12  BANK13  BANK14  BANK15
      Params:         0       0       0       0       0       0       0       0       0       0       0       0       0       0       0       0       0
      Locals:         0       0       0       0       0       0       0       0       0       0       0       0       0       0       0       0       0
      Temps:          0       0       0       0       0       0       0       0       0       0       0       0       0       0       0       0       0
      Totals:         0       0       0       0       0       0       0       0       0       0       0       0       0       0       0       0       0
Total ram usage:        0 bytes
 Hardware stack levels used:    1
 This function calls:
		Nothing
 This function is called by:
		_EUSART1_Receive_ISR
		_EUSART1_DefaultErrorHandler
 This function uses a non-reentrant model



MODULE INFORMATION

Module		Function		Class		Link	Load	Size
C:\Program Files (x86)\Microchip\xc8\v2.05\pic\sources\c99\common\printf.c
		_printf        		CODE           	144C	0000	41

C:\Program Files (x86)\Microchip\xc8\v2.05\pic\sources\c99\common\printf.c estimated size: 41

mcc_generated_files/interrupt_manager.c
		_INTERRUPT_Initialize		CODE           	1556	0000	5
		_INTERRUPT_InterruptManager		CODE           	0008	0000	97

mcc_generated_files/interrupt_manager.c estimated size: 102

C:\Program Files (x86)\Microchip\xc8\v2.05\pic\sources\c99\common\nf_fputc.c
		_fputc         		CODE           	100A	0000	109

C:\Program Files (x86)\Microchip\xc8\v2.05\pic\sources\c99\common\nf_fputc.c estimated size: 109

C:\Program Files (x86)\Microchip\xc8\v2.05\pic\sources\c99\common\islower.c
		_islower       		CODE           	1312	0000	49

C:\Program Files (x86)\Microchip\xc8\v2.05\pic\sources\c99\common\islower.c estimated size: 49

mcc_generated_files/pin_manager.c
		_PIN_MANAGER_Initialize		CODE           	1422	0000	43

mcc_generated_files/pin_manager.c estimated size: 43

C:\Program Files (x86)\Microchip\xc8\v2.05\pic\sources\c99\common\aodiv.c
		___aodiv       		CODE           	0A48	0000	329

C:\Program Files (x86)\Microchip\xc8\v2.05\pic\sources\c99\common\aodiv.c estimated size: 329

C:\Program Files (x86)\Microchip\xc8\v2.05\pic\sources\c99\common\isupper.c
		_isupper       		CODE           	1342	0000	49

C:\Program Files (x86)\Microchip\xc8\v2.05\pic\sources\c99\common\isupper.c estimated size: 49

C:\Program Files (x86)\Microchip\xc8\v2.05\pic\sources\c99\common\toupper.c
		_toupper       		CODE           	117E	0000	75

C:\Program Files (x86)\Microchip\xc8\v2.05\pic\sources\c99\common\toupper.c estimated size: 75

C:\Program Files (x86)\Microchip\xc8\v2.05\pic\sources\c99\common\strlen.c
		_strlen        		CODE           	13F8	0000	43

C:\Program Files (x86)\Microchip\xc8\v2.05\pic\sources\c99\common\strlen.c estimated size: 43

C:\Program Files (x86)\Microchip\xc8\v2.05\pic\sources\c99\common\isspace.c
		_isspace       		CODE           	11C8	0000	63

C:\Program Files (x86)\Microchip\xc8\v2.05\pic\sources\c99\common\isspace.c estimated size: 63

C:\Program Files (x86)\Microchip\xc8\v2.05\pic\sources\c99\common\doprnt.c
		_vfpfcnvrt     		CODE           	006C	0000	1061
		_pad           		CODE           	0E88	0000	151
		_ctoa          		CODE           	1130	0000	79
		_dtoa          		CODE           	0490	0000	579
		_vfprintf      		CODE           	10D8	0000	89
		_xtoa          		CODE           	06D2	0000	557

C:\Program Files (x86)\Microchip\xc8\v2.05\pic\sources\c99\common\doprnt.c estimated size: 2516

shared
		__initialization		CODE           	0F1E	0000	109

shared estimated size: 109

mcc_generated_files/eusart1.c
		_EUSART1_SetRxInterruptHandler		CODE           	1522	0000	11
		_EUSART1_SetTxInterruptHandler		CODE           	1518	0000	11
		_EUSART1_Initialize		CODE           	0F94	0000	119
		_putch         		CODE           	150E	0000	11
		_EUSART1_DefaultErrorHandler		CODE           	1550	0000	7
		_EUSART1_SetFramingErrorHandler		CODE           	1536	0000	11
		_EUSART1_SetOverrunErrorHandler		CODE           	152C	0000	11
		_EUSART1_SetErrorHandler		CODE           	1540	0000	11
		_EUSART1_Write 		CODE           	123E	0000	57
		_EUSART1_Receive_ISR		CODE           	0DF0	0000	153
		_EUSART1_RxDataHandler		CODE           	149A	0000	35
		_EUSART1_DefaultOverrunErrorHandler		CODE           	154A	0000	7
		_EUSART1_Transmit_ISR		CODE           	13A2	0000	45
		_EUSART1_DefaultFramingErrorHandler		CODE           	155A	0000	3

mcc_generated_files/eusart1.c estimated size: 492

C:\Program Files (x86)\Microchip\xc8\v2.05\pic\sources\c99\common\isalpha.c
		_isalpha       		CODE           	12AC	0000	53

C:\Program Files (x86)\Microchip\xc8\v2.05\pic\sources\c99\common\isalpha.c estimated size: 53

mcc_generated_files/mcc.c
		_OSCILLATOR_Initialize		CODE           	14FC	0000	19
		_SYSTEM_Initialize		CODE           	14EA	0000	19

mcc_generated_files/mcc.c estimated size: 38

C:\Program Files (x86)\Microchip\xc8\v2.05\pic\sources\c99\common\Umul16.c
		___wmul        		CODE           	1474	0000	39

C:\Program Files (x86)\Microchip\xc8\v2.05\pic\sources\c99\common\Umul16.c estimated size: 39

C:\Program Files (x86)\Microchip\xc8\v2.05\pic\sources\c99\common\atoi.c
		_atoi          		CODE           	08FE	0000	331

C:\Program Files (x86)\Microchip\xc8\v2.05\pic\sources\c99\common\atoi.c estimated size: 331

C:\Program Files (x86)\Microchip\xc8\v2.05\pic\sources\c99\common\abs.c
		_abs           		CODE           	12E0	0000	51

C:\Program Files (x86)\Microchip\xc8\v2.05\pic\sources\c99\common\abs.c estimated size: 51

C:\Program Files (x86)\Microchip\xc8\v2.05\pic\sources\c99\common\nf_fputs.c
		_fputs         		CODE           	1206	0000	57

C:\Program Files (x86)\Microchip\xc8\v2.05\pic\sources\c99\common\nf_fputs.c estimated size: 57

main.c
		_getReadingTC74		CODE           	13CE	0000	43
		_main          		CODE           	1076	0000	99
		_i2c_read_serial		CODE           	0B90	0000	317
		_i2c_init      		CODE           	14BC	0000	25

main.c estimated size: 484

C:\Program Files (x86)\Microchip\xc8\v2.05\pic\sources\c99\common\isdigit.c
		_isdigit       		CODE           	1372	0000	49

C:\Program Files (x86)\Microchip\xc8\v2.05\pic\sources\c99\common\isdigit.c estimated size: 49

C:\Program Files (x86)\Microchip\xc8\v2.05\pic\sources\c99\common\aomod.c
		___aomod       		CODE           	0CCC	0000	293

C:\Program Files (x86)\Microchip\xc8\v2.05\pic\sources\c99\common\aomod.c estimated size: 293

